 ISDaeCOSolver

 Timestamp is 3effc1a7 (Mon Jun 30 00:50:47 2003)

 Preferred load address is 10000000

 Start         Length     Name                   Class
 0001:00000000 0008aa30H .text                   CODE
 0001:0008aa30 00001d40H .text$x                 CODE
 0002:00000000 00003155H .rdata                  DATA
 0002:00003158 00002178H .xdata$x                DATA
 0002:000052d0 00003417H .edata                  DATA
 0003:00000000 00000004H .CRT$XCA                DATA
 0003:00000004 00000004H .CRT$XCZ                DATA
 0003:00000008 00000004H .CRT$XIA                DATA
 0003:0000000c 00000004H .CRT$XIZ                DATA
 0003:00000020 00001910H .data                   DATA
 0003:00001940 000018c0H .bss                    DATA
 0004:00000000 000000b4H .idata$2                DATA
 0004:000000b4 00000014H .idata$3                DATA
 0004:000000c8 000002a8H .idata$4                DATA
 0004:00000370 000002a8H .idata$5                DATA
 0004:00000618 00000924H .idata$6                DATA
 0005:00000000 00000280H .data1                  DATA
 0006:00000000 000002d4H .rsrc$01                DATA
 0006:000002e0 00008210H .rsrc$02                DATA

  Address         Publics by Value              Rva+Base     Lib:Object

 0001:00000000       ??2@YAPAXI@Z               10001000 f i BandedInfo.obj
 0001:00000050       ??_Estringdispid@CComTypeInfoHolder@ATL@@QAEPAXI@Z 10001050 f i BandedInfo.obj
 0001:000000f0       ??1stringdispid@CComTypeInfoHolder@ATL@@QAE@XZ 100010f0 f i BandedInfo.obj
 0001:00000130       ??1CComBSTR@ATL@@QAE@XZ    10001130 f i BandedInfo.obj
 0001:00000180       ?isBanded@@YA_NJJPAPANAAJ1@Z 10001180 f   BandedInfo.obj
 0001:000002b0       ?isBandedCompact@@YA_NAAVMatInfo@@PAJJ1@Z 100012b0 f   BandedInfo.obj
 0001:00000420       ?GetCPPPtr@CIsDaeEsoBase@@UAGJPAK@Z 10001420 f i ConsistentInitialization.obj
 0001:00000450       ?iEvalStateCondition@CIsDaeEsoBase@@UAEJPA_NNJJPAF@Z 10001450 f i ConsistentInitialization.obj
 0001:00000480       ?iCIEvalStateCondition@CIsDaeEsoBase@@UAEJPA_NNJJPAFPAN2@Z 10001480 f i ConsistentInitialization.obj
 0001:000004b0       ?get_ContainerIndex@CIsDaeEsoBase@@UAGJPAJ@Z 100014b0 f i ConsistentInitialization.obj
 0001:000004f0       ?put_ContainerIndex@CIsDaeEsoBase@@UAGJJ@Z 100014f0 f i ConsistentInitialization.obj
 0001:00000520       ??0CIsDaeEsoBase@@QAE@ABV0@@Z 10001520 f i ConsistentInitialization.obj
 0001:00000a80       ??4CIsDaeEsoBase@@QAEAAV0@ABV0@@Z 10001a80 f i ConsistentInitialization.obj
 0001:00000fe0       ??_GCIsDaeEsoBase@@UAEPAXI@Z 10001fe0 f i ConsistentInitialization.obj
 0001:00001040       ??_ECIsDaeEsoBase@@UAEPAXI@Z 10002040 f i ConsistentInitialization.obj
 0001:000010e0       ?printMat@@YAXJJPAJPAPAJ@Z 100020e0 f   ConsistentInitialization.obj
 0001:00001200       ?printMat2@@YAXJJPAJ0@Z    10002200 f   ConsistentInitialization.obj
 0001:000012b0       ?AtlTrace@ATL@@YAXPBDZZ    100022b0 f i ConsistentInitialization.obj
 0001:00001370       ?printMat3@@YAXJJPAJ0PAN@Z 10002370 f   ConsistentInitialization.obj
 0001:00001420       ?printMat@@YAXJJPAJ0@Z     10002420 f   ConsistentInitialization.obj
 0001:00001810       ?printMat@@YAXJJPAPAN@Z    10002810 f   ConsistentInitialization.obj
 0001:000018b0       ?printMat@@YAXJJPAPA_N@Z   100028b0 f   ConsistentInitialization.obj
 0001:00001970       ?printMatWithOrder@@YAXJJPAJ000@Z 10002970 f   ConsistentInitialization.obj
 0001:00001ee0       ?printMatToConsole@@YAXJPAJ0@Z 10002ee0 f   ConsistentInitialization.obj
 0001:000021b0       ?printEqnBlocks@@YAXJJPAJ0@Z 100031b0 f   ConsistentInitialization.obj
 0001:00002380       ?printNote@@YAXPAD@Z       10003380 f   ConsistentInitialization.obj
 0001:00002430       ?printVec@@YAXPADPAJJ@Z    10003430 f   ConsistentInitialization.obj
 0001:000025b0       ?printVec@@YAXPADPA_NJ@Z   100035b0 f   ConsistentInitialization.obj
 0001:00002640       ?printVec@@YAXPADPAJ1J@Z   10003640 f   ConsistentInitialization.obj
 0001:000026c0       ?printVec@@YAXPADPANJ@Z    100036c0 f   ConsistentInitialization.obj
 0001:00002850       ?printOriginalOrder@@YAXJJJPAJ0000@Z 10003850 f   ConsistentInitialization.obj
 0001:000029a0       ??0ConverganceInfo@@QAE@XZ 100039a0 f   ConvergenceInfo.obj
 0001:00002ac0       ??1ConverganceInfo@@QAE@XZ 10003ac0 f   ConvergenceInfo.obj
 0001:00002af0       ?Load@ConverganceInfo@@QAE_NPAU_iobuf@@@Z 10003af0 f   ConvergenceInfo.obj
 0001:00002eb0       ?Save@ConverganceInfo@@QAEXPAU_iobuf@@@Z 10003eb0 f   ConvergenceInfo.obj
 0001:00003200       ??0IndexInfo@@QAE@XZ       10004200 f   IndexInfo.obj
 0001:00003250       ??1IndexInfo@@QAE@XZ       10004250 f   IndexInfo.obj
 0001:00003290       ?Destroy@IndexInfo@@QAEXXZ 10004290 f   IndexInfo.obj
 0001:000032f0       ?Init@IndexInfo@@QAEXJ@Z   100042f0 f   IndexInfo.obj
 0001:000033a0       ?Load@IndexInfo@@QAE_NPAU_iobuf@@@Z 100043a0 f   IndexInfo.obj
 0001:00003510       ?Save@IndexInfo@@QAEXPAU_iobuf@@@Z 10004510 f   IndexInfo.obj
 0001:00003610       ??0CIsCINlaEso@@QAE@XZ     10004610 f   IsCINlaEso.obj
 0001:00003780       ??0?$CComObjectRootEx@VCComSingleThreadModel@ATL@@@ATL@@QAE@XZ 10004780 f i IsCINlaEso.obj
 0001:000037c0       ??0CComObjectRootBase@ATL@@QAE@XZ 100047c0 f i IsCINlaEso.obj
 0001:000037f0       ??0ISupportErrorInfo@@QAE@XZ 100047f0 f i IsCINlaEso.obj
 0001:00003830       ??0?$IDispatchImpl@UIIsNlaEso@@$1?IID_IIsNlaEso@@3U_GUID@@B$1?LIBID_ISDAECOSOLVERLib@@3U3@B$00$0A@VCComTypeInfoHolder@ATL@@@ATL@@QAE@XZ 10004830 f i IsCINlaEso.obj
 0001:00003870       ??0IUnknown@@QAE@XZ        10004870 f i IsCINlaEso.obj
 0001:000038a0       ??0IIsNlaEso@@QAE@XZ       100048a0 f i IsCINlaEso.obj
 0001:000038e0       ??0IDispatch@@QAE@XZ       100048e0 f i IsCINlaEso.obj
 0001:00003920       ??1CIsCINlaEso@@UAE@XZ     10004920 f   IsCINlaEso.obj
 0001:00003cf0       ??_GMatInfo@@QAEPAXI@Z     10004cf0 f i IsCINlaEso.obj
 0001:00003d50       ?InterfaceSupportsErrorInfo@CIsCINlaEso@@UAGJABU_GUID@@@Z 10004d50 f   IsCINlaEso.obj
 0001:00003dc0       ?InlineIsEqualGUID@ATL@@YAHABU_GUID@@0@Z 10004dc0 f i IsCINlaEso.obj
 0001:00003e30       ?GetNumEqns@CIsCINlaEso@@UAGJPAJ@Z 10004e30 f   IsCINlaEso.obj
 0001:00003e60       ?GetNumVars@CIsCINlaEso@@UAGJPAJ@Z 10004e60 f   IsCINlaEso.obj
 0001:00003e90       ?GetAllVariables@CIsCINlaEso@@UAGJPAPAUtagSAFEARRAY@@@Z 10004e90 f   IsCINlaEso.obj
 0001:00003f40       ?SetAllVariables@CIsCINlaEso@@UAGJPAPAUtagSAFEARRAY@@@Z 10004f40 f   IsCINlaEso.obj
 0001:00003ff0       ?SetVariable@CIsCINlaEso@@UAGJJN@Z 10004ff0 f   IsCINlaEso.obj
 0001:00004060       ?GetJacobianStruct@CIsCINlaEso@@UAGJPAJPAPAUtagSAFEARRAY@@11@Z 10005060 f   IsCINlaEso.obj
 0001:000042a0       ?GetJacobianValues@CIsCINlaEso@@UAGJPAPAUtagSAFEARRAY@@0@Z 100052a0 f   IsCINlaEso.obj
 0001:00004820       ?GetAllJacobianValues@CIsCINlaEso@@UAGJPAPAUtagSAFEARRAY@@0@Z 10005820 f   IsCINlaEso.obj
 0001:000049a0       ?GetResiduals@CIsCINlaEso@@UAGJPAPAUtagSAFEARRAY@@0@Z 100059a0 f   IsCINlaEso.obj
 0001:00004b00       ?OneVarSolver@CIsCINlaEso@@IAEJXZ 10005b00 f   IsCINlaEso.obj
 0001:00004d70       ?ReadEsoVariables@CIsCINlaEso@@IAEXXZ 10005d70 f   IsCINlaEso.obj
 0001:00004e70       ?WriteEsoVariables@CIsCINlaEso@@IAEXXZ 10005e70 f   IsCINlaEso.obj
 0001:00005030       ?WriteBlockVariables@CIsCINlaEso@@IAEXXZ 10006030 f   IsCINlaEso.obj
 0001:00005200       ?WriteBlockVariable@CIsCINlaEso@@IAEXJ@Z 10006200 f   IsCINlaEso.obj
 0001:000053a0       ?GetResidual@CIsCINlaEso@@UAGJJPAPAUtagSAFEARRAY@@PAN@Z 100063a0 f   IsCINlaEso.obj
 0001:00005490       ?evalEqn@CIsCINlaEso@@IAE_NJAANJN@Z 10006490 f   IsCINlaEso.obj
 0001:000056f0       ?evalDiffEqn@CIsCINlaEso@@IAE_NJAAN@Z 100066f0 f   IsCINlaEso.obj
 0001:00005ba0       ?compute_dg_dt@CIsCINlaEso@@IAEXNPAN0AANJJ@Z 10006ba0 f   IsCINlaEso.obj
 0001:00005d30       ?compute_deltaG@CIsCINlaEso@@IAEXNNNAAN@Z 10006d30 f   IsCINlaEso.obj
 0001:00005e50       ?compute_dfi_dj@CIsCINlaEso@@IAE_NJJNAAN@Z 10006e50 f   IsCINlaEso.obj
 0001:00005f30       ?SetCIData@CIsCINlaEso@@QAEXJJJJPAJ000PAVCIsDaeEsoBase@@1J@Z 10006f30 f   IsCINlaEso.obj
 0001:00006270       ?SetTriangularizationData@CIsCINlaEso@@QAEXPAJ00000J00@Z 10007270 f   IsCINlaEso.obj
 0001:00006600       ?Solve@CIsCINlaEso@@UAGJXZ 10007600 f   IsCINlaEso.obj
 0001:00006b00       ?initialize_dg_dt@CIsCINlaEso@@IAEXXZ 10007b00 f   IsCINlaEso.obj
 0001:00006c50       ?initializeJacobian@CIsCINlaEso@@IAEXXZ 10007c50 f   IsCINlaEso.obj
 0001:000070a0       ??0?$CComPtr@UIIsNlaSolver@@@ATL@@QAE@XZ 100080a0 f i IsCINlaEso.obj
 0001:000070d0       ??1?$CComPtr@UIIsNlaSolver@@@ATL@@QAE@XZ 100080d0 f i IsCINlaEso.obj
 0001:00007120       ??C?$CComPtr@UIIsNlaSolver@@@ATL@@QBEPAV?$_NoAddRefReleaseOnCComPtr@UIIsNlaSolver@@@1@XZ 10008120 f i IsCINlaEso.obj
 0001:00007190       ?ObjectMain@CComObjectRootBase@ATL@@SGX_N@Z 10008190 f i ISDaeCOSolver.obj
 0001:000071c0       ?UpdateRegistry@CIsMatrix@@SGJH@Z 100081c0 f i ISDaeCOSolver.obj
 0001:00007200       ?UpdateRegistryFromResourceD@CComModule@ATL@@QAGJIHPAU_ATL_REGMAP_ENTRY@2@@Z 10008200 f i ISDaeCOSolver.obj
 0001:00007250       ?AtlModuleUpdateRegistryFromResourceD@ATL@@YGJPAU_ATL_MODULE@1@PBGHPAU_ATL_REGMAP_ENTRY@1@PAUIRegistrar@@@Z 10008250 f i ISDaeCOSolver.obj
 0001:000076c0       ?ocslen@@YAIPBG@Z          100086c0 f i ISDaeCOSolver.obj
 0001:00007700       ?T2OLE@@YAPAGPAG@Z         10008700 f i ISDaeCOSolver.obj
 0001:00007730       ?ReplaceSingleQuote@CComModule@ATL@@SAXPAGPBG@Z 10008730 f i ISDaeCOSolver.obj
 0001:000077b0       ?UpdateRegistry@CIsNlaSolver@@SGJH@Z 100087b0 f i ISDaeCOSolver.obj
 0001:000077f0       ?UpdateRegistry@CIsCINlaEso@@SGJH@Z 100087f0 f i ISDaeCOSolver.obj
 0001:00007830       ?UpdateRegistry@CIsDaeEsoIImpl@@SGJH@Z 10008830 f i ISDaeCOSolver.obj
 0001:00007870       ?UpdateRegistry@CIsDaeEsoCImpl@@SGJH@Z 10008870 f i ISDaeCOSolver.obj
 0001:000078b0       ?UpdateRegistry@COnModelExec@@SGJH@Z 100088b0 f i ISDaeCOSolver.obj
 0001:000078f0       ?UpdateRegistry@COnTest@@SGJH@Z 100088f0 f i ISDaeCOSolver.obj
 0001:00007930       ?UpdateRegistry@COnEnv@@SGJH@Z 10008930 f i ISDaeCOSolver.obj
 0001:00007970       _DllMain@12                10008970 f   ISDaeCOSolver.obj
 0001:000079f0       ?Init@CComModule@ATL@@QAEJPAU_ATL_OBJMAP_ENTRY@2@PAUHINSTANCE__@@PBU_GUID@@@Z 100089f0 f i ISDaeCOSolver.obj
 0001:00007a80       ?Term@CComModule@ATL@@QAEXXZ 10008a80 f i ISDaeCOSolver.obj
 0001:00007ac0       ?AtlModuleInit@ATL@@YGJPAU_ATL_MODULE@1@PAU_ATL_OBJMAP_ENTRY@1@PAUHINSTANCE__@@@Z 10008ac0 f i ISDaeCOSolver.obj
 0001:00007c70       ?_NextObjectMapEntry@ATL@@YAPAU_ATL_OBJMAP_ENTRY@1@PAU_ATL_MODULE@1@PAU21@@Z 10008c70 f i ISDaeCOSolver.obj
 0001:00007cb0       ?AtlModuleTerm@ATL@@YGJPAU_ATL_MODULE@1@@Z 10008cb0 f i ISDaeCOSolver.obj
 0001:00007ed0       _DllCanUnloadNow@0         10008ed0 f   ISDaeCOSolver.obj
 0001:00007f10       ?GetLockCount@CComModule@ATL@@QAEJXZ 10008f10 f i ISDaeCOSolver.obj
 0001:00007f40       _DllGetClassObject@12      10008f40 f   ISDaeCOSolver.obj
 0001:00007f90       ?GetClassObject@CComModule@ATL@@QAEJABU_GUID@@0PAPAX@Z 10008f90 f i ISDaeCOSolver.obj
 0001:00007fe0       ?AtlModuleGetClassObject@ATL@@YGJPAU_ATL_MODULE@1@ABU_GUID@@1PAPAX@Z 10008fe0 f i ISDaeCOSolver.obj
 0001:000081b0       _DllRegisterServer@0       100091b0 f   ISDaeCOSolver.obj
 0001:000081f0       ?RegisterServer@CComModule@ATL@@QAEJHPBU_GUID@@@Z 100091f0 f i ISDaeCOSolver.obj
 0001:00008240       ?AtlModuleRegisterServer@ATL@@YGJPAU_ATL_MODULE@1@HPBU_GUID@@@Z 10009240 f i ISDaeCOSolver.obj
 0001:00008410       ?IsEqualGUID@@YAHABU_GUID@@0@Z 10009410 f i ISDaeCOSolver.obj
 0001:00008450       ?AtlRegisterClassCategoriesHelper@ATL@@YGJABU_GUID@@PBU_ATL_CATMAP_ENTRY@1@H@Z 10009450 f i ISDaeCOSolver.obj
 0001:000086f0       ?AtlModuleRegisterTypeLib@ATL@@YGJPAU_ATL_MODULE@1@PBG@Z 100096f0 f i ISDaeCOSolver.obj
 0001:00008810       ?ocscpy@@YAPAGPAGPBG@Z     10009810 f i ISDaeCOSolver.obj
 0001:00008850       ??0CComBSTR@ATL@@QAE@XZ    10009850 f i ISDaeCOSolver.obj
 0001:00008880       ??BCComBSTR@ATL@@QBEPAGXZ  10009880 f i ISDaeCOSolver.obj
 0001:000088b0       ??ICComBSTR@ATL@@QAEPAPAGXZ 100098b0 f i ISDaeCOSolver.obj
 0001:000089b0       ?CharNextO@@YAPAGPBG@Z     100099b0 f i ISDaeCOSolver.obj
 0001:000089f0       ?AtlModuleLoadTypeLib@ATL@@YGJPAU_ATL_MODULE@1@PBGPAPAGPAPAUITypeLib@@@Z 100099f0 f i ISDaeCOSolver.obj
 0001:00008c40       ?OLE2CT@@YAPBGPBG@Z        10009c40 f i ISDaeCOSolver.obj
 0001:00008c70       ?OLE2BSTR@@YAPAGPBG@Z      10009c70 f i ISDaeCOSolver.obj
 0001:00008cb0       _DllUnregisterServer@0     10009cb0 f   ISDaeCOSolver.obj
 0001:00008cf0       ?UnregisterServer@CComModule@ATL@@QAEJHPBU_GUID@@@Z 10009cf0 f i ISDaeCOSolver.obj
 0001:00008d40       ?AtlModuleUnregisterServerEx@ATL@@YGJPAU_ATL_MODULE@1@HPBU_GUID@@@Z 10009d40 f i ISDaeCOSolver.obj
 0001:00008ef0       ?AtlModuleUnRegisterTypeLib@ATL@@YGJPAU_ATL_MODULE@1@PBG@Z 10009ef0 f i ISDaeCOSolver.obj
 0001:00009080       ?dlamch@@YAND@Z            1000a080 f   ISDaeCOSolver.obj
 0001:00009380       ?dlamc1@@YAXAAH0AA_N1@Z    1000a380 f   ISDaeCOSolver.obj
 0001:000096f0       ?dlamc2@@YAXAAH0AA_NAAN0202@Z 1000a6f0 f   ISDaeCOSolver.obj
 0001:00009f20       ?dlamc3@@YANNN@Z           1000af20 f   ISDaeCOSolver.obj
 0001:00009f50       ?dlamc4@@YAXAAHAAN0@Z      1000af50 f   ISDaeCOSolver.obj
 0001:0000a150       ?dlamc5@@YAXAAH00AA_N0AAN@Z 1000b150 f   ISDaeCOSolver.obj
 0001:0000a370       ??0?$CComPtr@UICatRegister@@@ATL@@QAE@XZ 1000b370 f i ISDaeCOSolver.obj
 0001:0000a3a0       ??1?$CComPtr@UICatRegister@@@ATL@@QAE@XZ 1000b3a0 f i ISDaeCOSolver.obj
 0001:0000a3f0       ??I?$CComPtr@UICatRegister@@@ATL@@QAEPAPAUICatRegister@@XZ 1000b3f0 f i ISDaeCOSolver.obj
 0001:0000a460       ??C?$CComPtr@UICatRegister@@@ATL@@QBEPAV?$_NoAddRefReleaseOnCComPtr@UICatRegister@@@1@XZ 1000b460 f i ISDaeCOSolver.obj
 0001:0000a4d0       ??0?$CComPtr@UIRegistrar@@@ATL@@QAE@XZ 1000b4d0 f i ISDaeCOSolver.obj
 0001:0000a500       ??1?$CComPtr@UIRegistrar@@@ATL@@QAE@XZ 1000b500 f i ISDaeCOSolver.obj
 0001:0000a550       ??I?$CComPtr@UIRegistrar@@@ATL@@QAEPAPAUIRegistrar@@XZ 1000b550 f i ISDaeCOSolver.obj
 0001:0000a5c0       ??C?$CComPtr@UIRegistrar@@@ATL@@QBEPAV?$_NoAddRefReleaseOnCComPtr@UIRegistrar@@@1@XZ 1000b5c0 f i ISDaeCOSolver.obj
 0001:0000a630       ??4?$CComPtr@UIRegistrar@@@ATL@@QAEPAUIRegistrar@@PAU2@@Z 1000b630 f i ISDaeCOSolver.obj
 0001:0000a670       ?AtlComPtrAssign@ATL@@YGPAUIUnknown@@PAPAU2@PAU2@@Z 1000b670 f i ISDaeCOSolver.obj
 0001:0000a6f0       ??0?$CComPtr@UITypeLib@@@ATL@@QAE@XZ 1000b6f0 f i ISDaeCOSolver.obj
 0001:0000a720       ??1?$CComPtr@UITypeLib@@@ATL@@QAE@XZ 1000b720 f i ISDaeCOSolver.obj
 0001:0000a770       ??B?$CComPtr@UITypeLib@@@ATL@@QBEPAUITypeLib@@XZ 1000b770 f i ISDaeCOSolver.obj
 0001:0000a7a0       ??I?$CComPtr@UITypeLib@@@ATL@@QAEPAPAUITypeLib@@XZ 1000b7a0 f i ISDaeCOSolver.obj
 0001:0000a810       ??C?$CComPtr@UITypeLib@@@ATL@@QBEPAV?$_NoAddRefReleaseOnCComPtr@UITypeLib@@@1@XZ 1000b810 f i ISDaeCOSolver.obj
 0001:0000a880       ?GetObjectDescription@?$CComCoClass@VCIsMatrix@@$1?CLSID_IsMatrix@@3U_GUID@@B@ATL@@SGPBGXZ 1000b880 f i ISDaeCOSolver.obj
 0001:0000a8b0       ?GetCategoryMap@?$CComCoClass@VCIsMatrix@@$1?CLSID_IsMatrix@@3U_GUID@@B@ATL@@SAPBU_ATL_CATMAP_ENTRY@2@XZ 1000b8b0 f i ISDaeCOSolver.obj
 0001:0000a8e0       ?GetObjectDescription@?$CComCoClass@VCIsNlaSolver@@$1?CLSID_IsNlaSolver@@3U_GUID@@B@ATL@@SGPBGXZ 1000b8e0 f i ISDaeCOSolver.obj
 0001:0000a910       ?GetCategoryMap@?$CComCoClass@VCIsNlaSolver@@$1?CLSID_IsNlaSolver@@3U_GUID@@B@ATL@@SAPBU_ATL_CATMAP_ENTRY@2@XZ 1000b910 f i ISDaeCOSolver.obj
 0001:0000a940       ?GetObjectDescription@?$CComCoClass@VCIsCINlaEso@@$1?CLSID_IsCINlaEso@@3U_GUID@@B@ATL@@SGPBGXZ 1000b940 f i ISDaeCOSolver.obj
 0001:0000a970       ?GetCategoryMap@?$CComCoClass@VCIsCINlaEso@@$1?CLSID_IsCINlaEso@@3U_GUID@@B@ATL@@SAPBU_ATL_CATMAP_ENTRY@2@XZ 1000b970 f i ISDaeCOSolver.obj
 0001:0000a9a0       ?GetObjectDescription@?$CComCoClass@VCIsDaeEsoIImpl@@$1?CLSID_IsDaeEsoIImpl@@3U_GUID@@B@ATL@@SGPBGXZ 1000b9a0 f i ISDaeCOSolver.obj
 0001:0000a9d0       ?GetCategoryMap@?$CComCoClass@VCIsDaeEsoIImpl@@$1?CLSID_IsDaeEsoIImpl@@3U_GUID@@B@ATL@@SAPBU_ATL_CATMAP_ENTRY@2@XZ 1000b9d0 f i ISDaeCOSolver.obj
 0001:0000aa00       ?GetObjectDescription@?$CComCoClass@VCIsDaeEsoCImpl@@$1?CLSID_IsDaeEsoCImpl@@3U_GUID@@B@ATL@@SGPBGXZ 1000ba00 f i ISDaeCOSolver.obj
 0001:0000aa30       ?GetCategoryMap@?$CComCoClass@VCIsDaeEsoCImpl@@$1?CLSID_IsDaeEsoCImpl@@3U_GUID@@B@ATL@@SAPBU_ATL_CATMAP_ENTRY@2@XZ 1000ba30 f i ISDaeCOSolver.obj
 0001:0000aa60       ?GetObjectDescription@?$CComCoClass@VCOnModelExec@@$1?CLSID_OnModelExec@@3U_GUID@@B@ATL@@SGPBGXZ 1000ba60 f i ISDaeCOSolver.obj
 0001:0000aa90       ?GetCategoryMap@?$CComCoClass@VCOnModelExec@@$1?CLSID_OnModelExec@@3U_GUID@@B@ATL@@SAPBU_ATL_CATMAP_ENTRY@2@XZ 1000ba90 f i ISDaeCOSolver.obj
 0001:0000aac0       ?GetObjectDescription@?$CComCoClass@VCOnTest@@$1?CLSID_OnTest@@3U_GUID@@B@ATL@@SGPBGXZ 1000bac0 f i ISDaeCOSolver.obj
 0001:0000aaf0       ?GetCategoryMap@?$CComCoClass@VCOnTest@@$1?CLSID_OnTest@@3U_GUID@@B@ATL@@SAPBU_ATL_CATMAP_ENTRY@2@XZ 1000baf0 f i ISDaeCOSolver.obj
 0001:0000ab20       ?GetObjectDescription@?$CComCoClass@VCOnEnv@@$1?CLSID_OnEnv@@3U_GUID@@B@ATL@@SGPBGXZ 1000bb20 f i ISDaeCOSolver.obj
 0001:0000ab50       ?GetCategoryMap@?$CComCoClass@VCOnEnv@@$1?CLSID_OnEnv@@3U_GUID@@B@ATL@@SAPBU_ATL_CATMAP_ENTRY@2@XZ 1000bb50 f i ISDaeCOSolver.obj
 0001:0000ab80       ?CreateInstance@?$CComCreator@V?$CComObjectCached@VCComClassFactory@ATL@@@ATL@@@ATL@@SGJPAXABU_GUID@@PAPAX@Z 1000bb80 f i ISDaeCOSolver.obj
 0001:0000acf0       ?FinalConstruct@CComObjectRootBase@ATL@@QAEJXZ 1000bcf0 f i ISDaeCOSolver.obj
 0001:0000ad20       ?InternalFinalConstructAddRef@CComObjectRootBase@ATL@@QAEXXZ 1000bd20 f i ISDaeCOSolver.obj
 0001:0000ad50       ?InternalFinalConstructRelease@CComObjectRootBase@ATL@@QAEXXZ 1000bd50 f i ISDaeCOSolver.obj
 0001:0000adc0       ?SetVoid@CComClassFactory@ATL@@QAEXPAX@Z 1000bdc0 f i ISDaeCOSolver.obj
 0001:0000adf0       ?CreateInstance@?$CComCreator2@V?$CComCreator@V?$CComObject@VCIsMatrix@@@ATL@@@ATL@@V?$CComCreator@V?$CComAggObject@VCIsMatrix@@@ATL@@@2@@ATL@@SGJPAXABU_GUID@@PAPAX@Z 1000bdf0 f i ISDaeCOSolver.obj
 0001:0000ae90       ?CreateInstance@?$CComCreator2@V?$CComCreator@V?$CComObject@VCIsNlaSolver@@@ATL@@@ATL@@V?$CComCreator@V?$CComAggObject@VCIsNlaSolver@@@ATL@@@2@@ATL@@SGJPAXABU_GUID@@PAPAX@Z 1000be90 f i ISDaeCOSolver.obj
 0001:0000af30       ?CreateInstance@?$CComCreator2@V?$CComCreator@V?$CComObject@VCIsCINlaEso@@@ATL@@@ATL@@V?$CComCreator@V?$CComAggObject@VCIsCINlaEso@@@ATL@@@2@@ATL@@SGJPAXABU_GUID@@PAPAX@Z 1000bf30 f i ISDaeCOSolver.obj
 0001:0000afd0       ?CreateInstance@?$CComCreator2@V?$CComCreator@V?$CComObject@VCIsDaeEsoIImpl@@@ATL@@@ATL@@V?$CComCreator@V?$CComAggObject@VCIsDaeEsoIImpl@@@ATL@@@2@@ATL@@SGJPAXABU_GUID@@PAPAX@Z 1000bfd0 f i ISDaeCOSolver.obj
 0001:0000b070       ?CreateInstance@?$CComCreator2@V?$CComCreator@V?$CComObject@VCIsDaeEsoCImpl@@@ATL@@@ATL@@V?$CComCreator@V?$CComAggObject@VCIsDaeEsoCImpl@@@ATL@@@2@@ATL@@SGJPAXABU_GUID@@PAPAX@Z 1000c070 f i ISDaeCOSolver.obj
 0001:0000b110       ?CreateInstance@?$CComCreator2@V?$CComCreator@V?$CComObject@VCOnModelExec@@@ATL@@@ATL@@V?$CComCreator@V?$CComAggObject@VCOnModelExec@@@ATL@@@2@@ATL@@SGJPAXABU_GUID@@PAPAX@Z 1000c110 f i ISDaeCOSolver.obj
 0001:0000b1b0       ?CreateInstance@?$CComCreator2@V?$CComCreator@V?$CComObject@VCOnTest@@@ATL@@@ATL@@V?$CComFailCreator@$0?HPPLPOPA@@2@@ATL@@SGJPAXABU_GUID@@PAPAX@Z 1000c1b0 f i ISDaeCOSolver.obj
 0001:0000b250       ?CreateInstance@?$CComCreator@V?$CComObjectCached@V?$CComClassFactorySingleton@VCOnEnv@@@ATL@@@ATL@@@ATL@@SGJPAXABU_GUID@@PAPAX@Z 1000c250 f i ISDaeCOSolver.obj
 0001:0000b3c0       ?CreateInstance@?$CComCreator2@V?$CComCreator@V?$CComObject@VCOnEnv@@@ATL@@@ATL@@V?$CComFailCreator@$0?HPPLPOPA@@2@@ATL@@SGJPAXABU_GUID@@PAPAX@Z 1000c3c0 f i ISDaeCOSolver.obj
 0001:0000b460       ??_G?$CComObjectCached@VCComClassFactory@ATL@@@ATL@@QAEPAXI@Z 1000c460 f i ISDaeCOSolver.obj
 0001:0000b4c0       ??_G?$CComObjectCached@V?$CComClassFactorySingleton@VCOnEnv@@@ATL@@@ATL@@QAEPAXI@Z 1000c4c0 f i ISDaeCOSolver.obj
 0001:0000b520       ??0?$CComObjectCached@VCComClassFactory@ATL@@@ATL@@QAE@PAX@Z 1000c520 f i ISDaeCOSolver.obj
 0001:0000b5a0       ??0CComAutoCriticalSection@ATL@@QAE@XZ 1000c5a0 f i ISDaeCOSolver.obj
 0001:0000b5f0       ?CreateInstance@CComClassFactory@ATL@@UAGJPAUIUnknown@@ABU_GUID@@PAPAX@Z 1000c5f0 f i ISDaeCOSolver.obj
 0001:0000b6c0       ?AtlTrace2@ATL@@YAXKIPBGZZ 1000c6c0 f i ISDaeCOSolver.obj
 0001:0000b7a0       ?InlineIsEqualUnknown@ATL@@YAHABU_GUID@@@Z 1000c7a0 f i ISDaeCOSolver.obj
 0001:0000b800       ?LockServer@CComClassFactory@ATL@@UAGJH@Z 1000c800 f i ISDaeCOSolver.obj
 0001:0000b850       ?Lock@CComModule@ATL@@QAEJXZ 1000c850 f i ISDaeCOSolver.obj
 0001:0000b890       ?Increment@CComMultiThreadModel@ATL@@SGKPAJ@Z 1000c890 f i ISDaeCOSolver.obj
 0001:0000b8d0       ?Unlock@CComModule@ATL@@QAEJXZ 1000c8d0 f i ISDaeCOSolver.obj
 0001:0000b910       ?Decrement@CComMultiThreadModel@ATL@@SGKPAJ@Z 1000c910 f i ISDaeCOSolver.obj
 0001:0000b950       ??1?$CComObjectCached@VCComClassFactory@ATL@@@ATL@@QAE@XZ 1000c950 f i ISDaeCOSolver.obj
 0001:0000b9e0       ??1CComAutoCriticalSection@ATL@@QAE@XZ 1000c9e0 f i ISDaeCOSolver.obj
 0001:0000ba30       ?FinalRelease@CComObjectRootBase@ATL@@QAEXXZ 1000ca30 f i ISDaeCOSolver.obj
 0001:0000ba60       ?AddRef@?$CComObjectCached@VCComClassFactory@ATL@@@ATL@@UAGKXZ 1000ca60 f i ISDaeCOSolver.obj
 0001:0000bad0       ?Lock@CComAutoCriticalSection@ATL@@QAEXXZ 1000cad0 f i ISDaeCOSolver.obj
 0001:0000bb20       ?Unlock@CComAutoCriticalSection@ATL@@QAEXXZ 1000cb20 f i ISDaeCOSolver.obj
 0001:0000bb70       ?Release@?$CComObjectCached@VCComClassFactory@ATL@@@ATL@@UAGKXZ 1000cb70 f i ISDaeCOSolver.obj
 0001:0000bc10       ?QueryInterface@?$CComObjectCached@VCComClassFactory@ATL@@@ATL@@UAGJABU_GUID@@PAPAX@Z 1000cc10 f i ISDaeCOSolver.obj
 0001:0000bc50       ?_InternalQueryInterface@CComClassFactory@ATL@@QAEJABU_GUID@@PAPAX@Z 1000cc50 f i ISDaeCOSolver.obj
 0001:0000bca0       ?InternalQueryInterface@CComObjectRootBase@ATL@@SGJPAXPBU_ATL_INTMAP_ENTRY@2@ABU_GUID@@PAPAX@Z 1000cca0 f i ISDaeCOSolver.obj
 0001:0000bd60       ?AtlInternalQueryInterface@ATL@@YGJPAXPBU_ATL_INTMAP_ENTRY@1@ABU_GUID@@PAPAX@Z 1000cd60 f i ISDaeCOSolver.obj
 0001:0000bf50       ?_GetEntries@CComClassFactory@ATL@@SGPBU_ATL_INTMAP_ENTRY@2@XZ 1000cf50 f i ISDaeCOSolver.obj
 0001:0000bf80       ?CreateInstance@?$CComCreator@V?$CComObject@VCIsMatrix@@@ATL@@@ATL@@SGJPAXABU_GUID@@PAPAX@Z 1000cf80 f i ISDaeCOSolver.obj
 0001:0000c0f0       ?SetVoid@CComObjectRootBase@ATL@@QAEXPAX@Z 1000d0f0 f i ISDaeCOSolver.obj
 0001:0000c120       ?InternalFinalConstructAddRef@CIsMatrix@@QAEXXZ 1000d120 f i ISDaeCOSolver.obj
 0001:0000c160       ?InternalAddRef@?$CComObjectRootEx@VCComSingleThreadModel@ATL@@@ATL@@QAEKXZ 1000d160 f i ISDaeCOSolver.obj
 0001:0000c1d0       ?Increment@CComSingleThreadModel@ATL@@SGKPAJ@Z 1000d1d0 f i ISDaeCOSolver.obj
 0001:0000c210       ?InternalFinalConstructRelease@CIsMatrix@@QAEXXZ 1000d210 f i ISDaeCOSolver.obj
 0001:0000c250       ?InternalRelease@?$CComObjectRootEx@VCComSingleThreadModel@ATL@@@ATL@@QAEKXZ 1000d250 f i ISDaeCOSolver.obj
 0001:0000c290       ?Decrement@CComSingleThreadModel@ATL@@SGKPAJ@Z 1000d290 f i ISDaeCOSolver.obj
 0001:0000c2d0       ?CreateInstance@?$CComCreator@V?$CComAggObject@VCIsMatrix@@@ATL@@@ATL@@SGJPAXABU_GUID@@PAPAX@Z 1000d2d0 f i ISDaeCOSolver.obj
 0001:0000c440       ?CreateInstance@?$CComCreator@V?$CComObject@VCIsNlaSolver@@@ATL@@@ATL@@SGJPAXABU_GUID@@PAPAX@Z 1000d440 f i ISDaeCOSolver.obj
 0001:0000c5b0       ?InternalFinalConstructAddRef@CIsNlaSolver@@QAEXXZ 1000d5b0 f i ISDaeCOSolver.obj
 0001:0000c5f0       ?InternalFinalConstructRelease@CIsNlaSolver@@QAEXXZ 1000d5f0 f i ISDaeCOSolver.obj
 0001:0000c630       ?CreateInstance@?$CComCreator@V?$CComAggObject@VCIsNlaSolver@@@ATL@@@ATL@@SGJPAXABU_GUID@@PAPAX@Z 1000d630 f i ISDaeCOSolver.obj
 0001:0000c7a0       ?CreateInstance@?$CComCreator@V?$CComObject@VCIsCINlaEso@@@ATL@@@ATL@@SGJPAXABU_GUID@@PAPAX@Z 1000d7a0 f i ISDaeCOSolver.obj
 0001:0000c920       ?InternalFinalConstructAddRef@CIsCINlaEso@@QAEXXZ 1000d920 f i ISDaeCOSolver.obj
 0001:0000c960       ?InternalFinalConstructRelease@CIsCINlaEso@@QAEXXZ 1000d960 f i ISDaeCOSolver.obj
 0001:0000c9a0       ?CreateInstance@?$CComCreator@V?$CComAggObject@VCIsCINlaEso@@@ATL@@@ATL@@SGJPAXABU_GUID@@PAPAX@Z 1000d9a0 f i ISDaeCOSolver.obj
 0001:0000cb10       ?CreateInstance@?$CComCreator@V?$CComObject@VCIsDaeEsoIImpl@@@ATL@@@ATL@@SGJPAXABU_GUID@@PAPAX@Z 1000db10 f i ISDaeCOSolver.obj
 0001:0000cc90       ?InternalFinalConstructAddRef@CIsDaeEsoIImpl@@QAEXXZ 1000dc90 f i ISDaeCOSolver.obj
 0001:0000ccd0       ?InternalFinalConstructRelease@CIsDaeEsoIImpl@@QAEXXZ 1000dcd0 f i ISDaeCOSolver.obj
 0001:0000cd10       ?CreateInstance@?$CComCreator@V?$CComAggObject@VCIsDaeEsoIImpl@@@ATL@@@ATL@@SGJPAXABU_GUID@@PAPAX@Z 1000dd10 f i ISDaeCOSolver.obj
 0001:0000ce80       ?CreateInstance@?$CComCreator@V?$CComObject@VCIsDaeEsoCImpl@@@ATL@@@ATL@@SGJPAXABU_GUID@@PAPAX@Z 1000de80 f i ISDaeCOSolver.obj
 0001:0000d000       ?InternalFinalConstructAddRef@CIsDaeEsoCImpl@@QAEXXZ 1000e000 f i ISDaeCOSolver.obj
 0001:0000d040       ?InternalFinalConstructRelease@CIsDaeEsoCImpl@@QAEXXZ 1000e040 f i ISDaeCOSolver.obj
 0001:0000d080       ?CreateInstance@?$CComCreator@V?$CComAggObject@VCIsDaeEsoCImpl@@@ATL@@@ATL@@SGJPAXABU_GUID@@PAPAX@Z 1000e080 f i ISDaeCOSolver.obj
 0001:0000d1f0       ?CreateInstance@?$CComCreator@V?$CComObject@VCOnModelExec@@@ATL@@@ATL@@SGJPAXABU_GUID@@PAPAX@Z 1000e1f0 f i ISDaeCOSolver.obj
 0001:0000d370       ?CreateInstance@?$CComCreator@V?$CComAggObject@VCOnModelExec@@@ATL@@@ATL@@SGJPAXABU_GUID@@PAPAX@Z 1000e370 f i ISDaeCOSolver.obj
 0001:0000d4e0       ?CreateInstance@?$CComCreator@V?$CComObject@VCOnTest@@@ATL@@@ATL@@SGJPAXABU_GUID@@PAPAX@Z 1000e4e0 f i ISDaeCOSolver.obj
 0001:0000d650       ?InternalFinalConstructAddRef@COnTest@@QAEXXZ 1000e650 f i ISDaeCOSolver.obj
 0001:0000d690       ?InternalFinalConstructRelease@COnTest@@QAEXXZ 1000e690 f i ISDaeCOSolver.obj
 0001:0000d6d0       ?CreateInstance@?$CComFailCreator@$0?HPPLPOPA@@ATL@@SGJPAXABU_GUID@@PAPAX@Z 1000e6d0 f i ISDaeCOSolver.obj
 0001:0000d700       ??0?$CComObjectCached@V?$CComClassFactorySingleton@VCOnEnv@@@ATL@@@ATL@@QAE@PAX@Z 1000e700 f i ISDaeCOSolver.obj
 0001:0000d780       ??1?$CComObjectCached@V?$CComClassFactorySingleton@VCOnEnv@@@ATL@@@ATL@@QAE@XZ 1000e780 f i ISDaeCOSolver.obj
 0001:0000d810       ?AddRef@?$CComObjectCached@V?$CComClassFactorySingleton@VCOnEnv@@@ATL@@@ATL@@UAGKXZ 1000e810 f i ISDaeCOSolver.obj
 0001:0000d880       ?Release@?$CComObjectCached@V?$CComClassFactorySingleton@VCOnEnv@@@ATL@@@ATL@@UAGKXZ 1000e880 f i ISDaeCOSolver.obj
 0001:0000d920       ?QueryInterface@?$CComObjectCached@V?$CComClassFactorySingleton@VCOnEnv@@@ATL@@@ATL@@UAGJABU_GUID@@PAPAX@Z 1000e920 f i ISDaeCOSolver.obj
 0001:0000d960       ?CreateInstance@?$CComClassFactorySingleton@VCOnEnv@@@ATL@@UAGJPAUIUnknown@@ABU_GUID@@PAPAX@Z 1000e960 f i ISDaeCOSolver.obj
 0001:0000da30       ?CreateInstance@?$CComCreator@V?$CComObject@VCOnEnv@@@ATL@@@ATL@@SGJPAXABU_GUID@@PAPAX@Z 1000ea30 f i ISDaeCOSolver.obj
 0001:0000dba0       ?InternalFinalConstructAddRef@COnEnv@@QAEXXZ 1000eba0 f i ISDaeCOSolver.obj
 0001:0000dbe0       ?InternalFinalConstructRelease@COnEnv@@QAEXXZ 1000ebe0 f i ISDaeCOSolver.obj
 0001:0000dc20       ??0CComClassFactory@ATL@@QAE@XZ 1000ec20 f i ISDaeCOSolver.obj
 0001:0000dc70       ??1CComClassFactory@ATL@@QAE@XZ 1000ec70 f i ISDaeCOSolver.obj
 0001:0000dcc0       ??_G?$CComAggObject@VCIsMatrix@@@ATL@@QAEPAXI@Z 1000ecc0 f i ISDaeCOSolver.obj
 0001:0000dd20       ??_G?$CComAggObject@VCIsNlaSolver@@@ATL@@QAEPAXI@Z 1000ed20 f i ISDaeCOSolver.obj
 0001:0000dd80       ??_G?$CComAggObject@VCIsCINlaEso@@@ATL@@QAEPAXI@Z 1000ed80 f i ISDaeCOSolver.obj
 0001:0000dde0       ??_G?$CComAggObject@VCIsDaeEsoIImpl@@@ATL@@QAEPAXI@Z 1000ede0 f i ISDaeCOSolver.obj
 0001:0000de40       ??_G?$CComAggObject@VCIsDaeEsoCImpl@@@ATL@@QAEPAXI@Z 1000ee40 f i ISDaeCOSolver.obj
 0001:0000dea0       ??_G?$CComAggObject@VCOnModelExec@@@ATL@@QAEPAXI@Z 1000eea0 f i ISDaeCOSolver.obj
 0001:0000df00       ??0?$CComClassFactorySingleton@VCOnEnv@@@ATL@@QAE@XZ 1000ef00 f i ISDaeCOSolver.obj
 0001:0000df80       ??1?$CComClassFactorySingleton@VCOnEnv@@@ATL@@QAE@XZ 1000ef80 f i ISDaeCOSolver.obj
 0001:0000dff0       ??_G?$CComObject@VCOnEnv@@@ATL@@QAEPAXI@Z 1000eff0 f i ISDaeCOSolver.obj
 0001:0000e050       ??0IClassFactory@@QAE@XZ   1000f050 f i ISDaeCOSolver.obj
 0001:0000e090       ??0?$CComObjectRootEx@VCComMultiThreadModel@ATL@@@ATL@@QAE@XZ 1000f090 f i ISDaeCOSolver.obj
 0001:0000e0e0       ??1?$CComObjectRootEx@VCComMultiThreadModel@ATL@@@ATL@@QAE@XZ 1000f0e0 f i ISDaeCOSolver.obj
 0001:0000e120       ?InternalAddRef@?$CComObjectRootEx@VCComMultiThreadModel@ATL@@@ATL@@QAEKXZ 1000f120 f i ISDaeCOSolver.obj
 0001:0000e190       ?InternalRelease@?$CComObjectRootEx@VCComMultiThreadModel@ATL@@@ATL@@QAEKXZ 1000f190 f i ISDaeCOSolver.obj
 0001:0000e200       ?FinalRelease@?$CComClassFactorySingleton@VCOnEnv@@@ATL@@QAEXXZ 1000f200 f i ISDaeCOSolver.obj
 0001:0000e250       ?GetUnknown@COnEnv@@QAEPAUIUnknown@@XZ 1000f250 f i ISDaeCOSolver.obj
 0001:0000e290       ?_GetRawUnknown@COnEnv@@QAEPAUIUnknown@@XZ 1000f290 f i ISDaeCOSolver.obj
 0001:0000e310       ?_GetEntries@COnEnv@@SGPBU_ATL_INTMAP_ENTRY@ATL@@XZ 1000f310 f i ISDaeCOSolver.obj
 0001:0000e340       ??0?$CComObjectGlobal@VCOnEnv@@@ATL@@QAE@PAX@Z 1000f340 f i ISDaeCOSolver.obj
 0001:0000e3d0       ?GetTypeInfoCount@?$IDispatchImpl@UIOnEnv@@$1?IID_IOnEnv@@3U_GUID@@B$1?LIBID_ISDAECOSOLVERLib@@3U3@B$00$0A@VCComTypeInfoHolder@ATL@@@ATL@@UAGJPAI@Z 1000f3d0 f i ISDaeCOSolver.obj
 0001:0000e400       ?GetTypeInfo@?$IDispatchImpl@UIOnEnv@@$1?IID_IOnEnv@@3U_GUID@@B$1?LIBID_ISDAECOSOLVERLib@@3U3@B$00$0A@VCComTypeInfoHolder@ATL@@@ATL@@UAGJIKPAPAUITypeInfo@@@Z 1000f400 f i ISDaeCOSolver.obj
 0001:0000e450       ?GetTypeInfo@CComTypeInfoHolder@ATL@@QAEJIKPAPAUITypeInfo@@@Z 1000f450 f i ISDaeCOSolver.obj
 0001:0000e4b0       ?GetTI@CComTypeInfoHolder@ATL@@QAEJKPAPAUITypeInfo@@@Z 1000f4b0 f i ISDaeCOSolver.obj
 0001:0000e540       ?GetTI@CComTypeInfoHolder@ATL@@QAEJK@Z 1000f540 f i ISDaeCOSolver.obj
 0001:0000e7a0       ?AddTermFunc@CComModule@ATL@@QAEJP6GXK@ZK@Z 1000f7a0 f i ISDaeCOSolver.obj
 0001:0000e7f0       ?AtlModuleAddTermFunc@ATL@@YGJPAU_ATL_MODULE@1@P6GXK@ZK@Z 1000f7f0 f i ISDaeCOSolver.obj
 0001:0000e8b0       ?Cleanup@CComTypeInfoHolder@ATL@@SGXK@Z 1000f8b0 f i ISDaeCOSolver.obj
 0001:0000e950       ?LoadNameCache@CComTypeInfoHolder@ATL@@QAEJPAUITypeInfo@@@Z 1000f950 f i ISDaeCOSolver.obj
 0001:0000eba0       ?Attach@CComBSTR@ATL@@QAEXPAG@Z 1000fba0 f i ISDaeCOSolver.obj
 0001:0000ec20       ?Detach@CComBSTR@ATL@@QAEPAGXZ 1000fc20 f i ISDaeCOSolver.obj
 0001:0000ec60       ??0stringdispid@CComTypeInfoHolder@ATL@@QAE@XZ 1000fc60 f i ISDaeCOSolver.obj
 0001:0000eca0       ??0?$CComPtr@UITypeInfo@@@ATL@@QAE@XZ 1000fca0 f i ISDaeCOSolver.obj
 0001:0000ecd0       ??0?$CComPtr@UITypeInfo@@@ATL@@QAE@ABV01@@Z 1000fcd0 f i ISDaeCOSolver.obj
 0001:0000ed30       ??1?$CComPtr@UITypeInfo@@@ATL@@QAE@XZ 1000fd30 f i ISDaeCOSolver.obj
 0001:0000ed80       ??B?$CComPtr@UITypeInfo@@@ATL@@QBEPAUITypeInfo@@XZ 1000fd80 f i ISDaeCOSolver.obj
 0001:0000edb0       ??I?$CComPtr@UITypeInfo@@@ATL@@QAEPAPAUITypeInfo@@XZ 1000fdb0 f i ISDaeCOSolver.obj
 0001:0000ee20       ??C?$CComPtr@UITypeInfo@@@ATL@@QBEPAV?$_NoAddRefReleaseOnCComPtr@UITypeInfo@@@1@XZ 1000fe20 f i ISDaeCOSolver.obj
 0001:0000ee90       ??4?$CComPtr@UITypeInfo@@@ATL@@QAEPAUITypeInfo@@PAU2@@Z 1000fe90 f i ISDaeCOSolver.obj
 0001:0000eed0       ?Detach@?$CComPtr@UITypeInfo@@@ATL@@QAEPAUITypeInfo@@XZ 1000fed0 f i ISDaeCOSolver.obj
 0001:0000ef10       ??0?$CComPtr@UITypeInfo2@@@ATL@@QAE@XZ 1000ff10 f i ISDaeCOSolver.obj
 0001:0000ef40       ??1?$CComPtr@UITypeInfo2@@@ATL@@QAE@XZ 1000ff40 f i ISDaeCOSolver.obj
 0001:0000ef90       ??B?$CComPtr@UITypeInfo2@@@ATL@@QBEPAUITypeInfo2@@XZ 1000ff90 f i ISDaeCOSolver.obj
 0001:0000efc0       ??I?$CComPtr@UITypeInfo2@@@ATL@@QAEPAPAUITypeInfo2@@XZ 1000ffc0 f i ISDaeCOSolver.obj
 0001:0000f030       ?GetIDsOfNames@?$IDispatchImpl@UIOnEnv@@$1?IID_IOnEnv@@3U_GUID@@B$1?LIBID_ISDAECOSOLVERLib@@3U3@B$00$0A@VCComTypeInfoHolder@ATL@@@ATL@@UAGJABU_GUID@@PAPAGIKPAJ@Z 10010030 f i ISDaeCOSolver.obj
 0001:0000f080       ?GetIDsOfNames@CComTypeInfoHolder@ATL@@QAEJABU_GUID@@PAPAGIKPAJ@Z 10010080 f i ISDaeCOSolver.obj
 0001:0000f1d0       ?EnsureTI@CComTypeInfoHolder@ATL@@QAEJK@Z 100101d0 f i ISDaeCOSolver.obj
 0001:0000f230       ?Invoke@?$IDispatchImpl@UIOnEnv@@$1?IID_IOnEnv@@3U_GUID@@B$1?LIBID_ISDAECOSOLVERLib@@3U3@B$00$0A@VCComTypeInfoHolder@ATL@@@ATL@@UAGJJABU_GUID@@KGPAUtagDISPPARAMS@@PAUtagVARIANT@@PAUtagEXCEPINFO@@PAI@Z 10010230 f i ISDaeCOSolver.obj
 0001:0000f290       ?Invoke@CComTypeInfoHolder@ATL@@QAEJPAUIDispatch@@JABU_GUID@@KGPAUtagDISPPARAMS@@PAUtagVARIANT@@PAUtagEXCEPINFO@@PAI@Z 10010290 f i ISDaeCOSolver.obj
 0001:0000f320       ?AddRef@?$CComObjectGlobal@VCOnEnv@@@ATL@@UAGKXZ 10010320 f i ISDaeCOSolver.obj
 0001:0000f360       ?Release@?$CComObjectGlobal@VCOnEnv@@@ATL@@UAGKXZ 10010360 f i ISDaeCOSolver.obj
 0001:0000f3a0       ?QueryInterface@?$CComObjectGlobal@VCOnEnv@@@ATL@@UAGJABU_GUID@@PAPAX@Z 100103a0 f i ISDaeCOSolver.obj
 0001:0000f3e0       ?_InternalQueryInterface@COnEnv@@QAEJABU_GUID@@PAPAX@Z 100103e0 f i ISDaeCOSolver.obj
 0001:0000f430       ??1?$CComObjectGlobal@VCOnEnv@@@ATL@@QAE@XZ 10010430 f i ISDaeCOSolver.obj
 0001:0000f4b0       ??0?$CComObject@VCIsMatrix@@@ATL@@QAE@PAX@Z 100104b0 f i ISDaeCOSolver.obj
 0001:0000f540       ??0CIsMatrix@@QAE@XZ       10010540 f i ISDaeCOSolver.obj
 0001:0000f5d0       ??1CIsMatrix@@UAE@XZ       100105d0 f i ISDaeCOSolver.obj
 0001:0000f610       ??0?$IDispatchImpl@UIIsMatrix@@$1?IID_IIsMatrix@@3U_GUID@@B$1?LIBID_ISDAECOSOLVERLib@@3U3@B$00$0A@VCComTypeInfoHolder@ATL@@@ATL@@QAE@XZ 10010610 f i ISDaeCOSolver.obj
 0001:0000f650       ??0IIsMatrix@@QAE@XZ       10010650 f i ISDaeCOSolver.obj
 0001:0000f690       ?GetTypeInfoCount@?$IDispatchImpl@UIIsMatrix@@$1?IID_IIsMatrix@@3U_GUID@@B$1?LIBID_ISDAECOSOLVERLib@@3U3@B$00$0A@VCComTypeInfoHolder@ATL@@@ATL@@UAGJPAI@Z 10010690 f i ISDaeCOSolver.obj
 0001:0000f6c0       ?GetTypeInfo@?$IDispatchImpl@UIIsMatrix@@$1?IID_IIsMatrix@@3U_GUID@@B$1?LIBID_ISDAECOSOLVERLib@@3U3@B$00$0A@VCComTypeInfoHolder@ATL@@@ATL@@UAGJIKPAPAUITypeInfo@@@Z 100106c0 f i ISDaeCOSolver.obj
 0001:0000f710       ?GetIDsOfNames@?$IDispatchImpl@UIIsMatrix@@$1?IID_IIsMatrix@@3U_GUID@@B$1?LIBID_ISDAECOSOLVERLib@@3U3@B$00$0A@VCComTypeInfoHolder@ATL@@@ATL@@UAGJABU_GUID@@PAPAGIKPAJ@Z 10010710 f i ISDaeCOSolver.obj
 0001:0000f760       ?Invoke@?$IDispatchImpl@UIIsMatrix@@$1?IID_IIsMatrix@@3U_GUID@@B$1?LIBID_ISDAECOSOLVERLib@@3U3@B$00$0A@VCComTypeInfoHolder@ATL@@@ATL@@UAGJJABU_GUID@@KGPAUtagDISPPARAMS@@PAUtagVARIANT@@PAUtagEXCEPINFO@@PAI@Z 10010760 f i ISDaeCOSolver.obj
 0001:0000f7c0       ?AddRef@?$CComObject@VCIsMatrix@@@ATL@@UAGKXZ 100107c0 f i ISDaeCOSolver.obj
 0001:0000f800       ?Release@?$CComObject@VCIsMatrix@@@ATL@@UAGKXZ 10010800 f i ISDaeCOSolver.obj
 0001:0000f880       ?QueryInterface@?$CComObject@VCIsMatrix@@@ATL@@UAGJABU_GUID@@PAPAX@Z 10010880 f i ISDaeCOSolver.obj
 0001:0000f8c0       ?_InternalQueryInterface@CIsMatrix@@QAEJABU_GUID@@PAPAX@Z 100108c0 f i ISDaeCOSolver.obj
 0001:0000f910       ?_GetEntries@CIsMatrix@@SGPBU_ATL_INTMAP_ENTRY@ATL@@XZ 10010910 f i ISDaeCOSolver.obj
 0001:0000f940       ??0?$CComAggObject@VCIsMatrix@@@ATL@@QAE@PAX@Z 10010940 f i ISDaeCOSolver.obj
 0001:0000f9e0       ?FinalConstruct@?$CComAggObject@VCIsMatrix@@@ATL@@QAEJXZ 100109e0 f i ISDaeCOSolver.obj
 0001:0000fa30       ??1?$CComAggObject@VCIsMatrix@@@ATL@@QAE@XZ 10010a30 f i ISDaeCOSolver.obj
 0001:0000fac0       ?AddRef@?$CComAggObject@VCIsMatrix@@@ATL@@UAGKXZ 10010ac0 f i ISDaeCOSolver.obj
 0001:0000fb00       ?Release@?$CComAggObject@VCIsMatrix@@@ATL@@UAGKXZ 10010b00 f i ISDaeCOSolver.obj
 0001:0000fb70       ?QueryInterface@?$CComAggObject@VCIsMatrix@@@ATL@@UAGJABU_GUID@@PAPAX@Z 10010b70 f i ISDaeCOSolver.obj
 0001:0000fc00       ??0?$CComObject@VCIsNlaSolver@@@ATL@@QAE@PAX@Z 10010c00 f i ISDaeCOSolver.obj
 0001:0000fc90       ?SetEso@CIsNlaSolver@@UAGJPAUIIsNlaEso@@@Z 10010c90 f i ISDaeCOSolver.obj
 0001:0000fcc0       ?GetTypeInfoCount@?$IDispatchImpl@UIIsNlaSolver@@$1?IID_IIsNlaSolver@@3U_GUID@@B$1?LIBID_ISDAECOSOLVERLib@@3U3@B$00$0A@VCComTypeInfoHolder@ATL@@@ATL@@UAGJPAI@Z 10010cc0 f i ISDaeCOSolver.obj
 0001:0000fcf0       ?GetTypeInfo@?$IDispatchImpl@UIIsNlaSolver@@$1?IID_IIsNlaSolver@@3U_GUID@@B$1?LIBID_ISDAECOSOLVERLib@@3U3@B$00$0A@VCComTypeInfoHolder@ATL@@@ATL@@UAGJIKPAPAUITypeInfo@@@Z 10010cf0 f i ISDaeCOSolver.obj
 0001:0000fd40       ?GetIDsOfNames@?$IDispatchImpl@UIIsNlaSolver@@$1?IID_IIsNlaSolver@@3U_GUID@@B$1?LIBID_ISDAECOSOLVERLib@@3U3@B$00$0A@VCComTypeInfoHolder@ATL@@@ATL@@UAGJABU_GUID@@PAPAGIKPAJ@Z 10010d40 f i ISDaeCOSolver.obj
 0001:0000fd90       ?Invoke@?$IDispatchImpl@UIIsNlaSolver@@$1?IID_IIsNlaSolver@@3U_GUID@@B$1?LIBID_ISDAECOSOLVERLib@@3U3@B$00$0A@VCComTypeInfoHolder@ATL@@@ATL@@UAGJJABU_GUID@@KGPAUtagDISPPARAMS@@PAUtagVARIANT@@PAUtagEXCEPINFO@@PAI@Z 10010d90 f i ISDaeCOSolver.obj
 0001:0000fdf0       ?AddRef@?$CComObject@VCIsNlaSolver@@@ATL@@UAGKXZ 10010df0 f i ISDaeCOSolver.obj
 0001:0000fe30       ?Release@?$CComObject@VCIsNlaSolver@@@ATL@@UAGKXZ 10010e30 f i ISDaeCOSolver.obj
 0001:0000feb0       ?QueryInterface@?$CComObject@VCIsNlaSolver@@@ATL@@UAGJABU_GUID@@PAPAX@Z 10010eb0 f i ISDaeCOSolver.obj
 0001:0000fef0       ?_InternalQueryInterface@CIsNlaSolver@@QAEJABU_GUID@@PAPAX@Z 10010ef0 f i ISDaeCOSolver.obj
 0001:0000ff40       ?_GetEntries@CIsNlaSolver@@SGPBU_ATL_INTMAP_ENTRY@ATL@@XZ 10010f40 f i ISDaeCOSolver.obj
 0001:0000ff70       ??0?$CComAggObject@VCIsNlaSolver@@@ATL@@QAE@PAX@Z 10010f70 f i ISDaeCOSolver.obj
 0001:00010010       ?FinalConstruct@?$CComAggObject@VCIsNlaSolver@@@ATL@@QAEJXZ 10011010 f i ISDaeCOSolver.obj
 0001:00010060       ??1?$CComAggObject@VCIsNlaSolver@@@ATL@@QAE@XZ 10011060 f i ISDaeCOSolver.obj
 0001:000100f0       ?AddRef@?$CComAggObject@VCIsNlaSolver@@@ATL@@UAGKXZ 100110f0 f i ISDaeCOSolver.obj
 0001:00010130       ?Release@?$CComAggObject@VCIsNlaSolver@@@ATL@@UAGKXZ 10011130 f i ISDaeCOSolver.obj
 0001:000101a0       ?QueryInterface@?$CComAggObject@VCIsNlaSolver@@@ATL@@UAGJABU_GUID@@PAPAX@Z 100111a0 f i ISDaeCOSolver.obj
 0001:00010230       ??0?$CComObject@VCIsCINlaEso@@@ATL@@QAE@PAX@Z 10011230 f i ISDaeCOSolver.obj
 0001:000102c0       ?GetTypeInfoCount@?$IDispatchImpl@UIIsNlaEso@@$1?IID_IIsNlaEso@@3U_GUID@@B$1?LIBID_ISDAECOSOLVERLib@@3U3@B$00$0A@VCComTypeInfoHolder@ATL@@@ATL@@UAGJPAI@Z 100112c0 f i ISDaeCOSolver.obj
 0001:000102f0       ?GetTypeInfo@?$IDispatchImpl@UIIsNlaEso@@$1?IID_IIsNlaEso@@3U_GUID@@B$1?LIBID_ISDAECOSOLVERLib@@3U3@B$00$0A@VCComTypeInfoHolder@ATL@@@ATL@@UAGJIKPAPAUITypeInfo@@@Z 100112f0 f i ISDaeCOSolver.obj
 0001:00010340       ?GetIDsOfNames@?$IDispatchImpl@UIIsNlaEso@@$1?IID_IIsNlaEso@@3U_GUID@@B$1?LIBID_ISDAECOSOLVERLib@@3U3@B$00$0A@VCComTypeInfoHolder@ATL@@@ATL@@UAGJABU_GUID@@PAPAGIKPAJ@Z 10011340 f i ISDaeCOSolver.obj
 0001:00010390       ?Invoke@?$IDispatchImpl@UIIsNlaEso@@$1?IID_IIsNlaEso@@3U_GUID@@B$1?LIBID_ISDAECOSOLVERLib@@3U3@B$00$0A@VCComTypeInfoHolder@ATL@@@ATL@@UAGJJABU_GUID@@KGPAUtagDISPPARAMS@@PAUtagVARIANT@@PAUtagEXCEPINFO@@PAI@Z 10011390 f i ISDaeCOSolver.obj
 0001:000103f0       ?AddRef@?$CComObject@VCIsCINlaEso@@@ATL@@UAGKXZ 100113f0 f i ISDaeCOSolver.obj
 0001:00010430       ?Release@?$CComObject@VCIsCINlaEso@@@ATL@@UAGKXZ 10011430 f i ISDaeCOSolver.obj
 0001:000104b0       ?QueryInterface@?$CComObject@VCIsCINlaEso@@@ATL@@UAGJABU_GUID@@PAPAX@Z 100114b0 f i ISDaeCOSolver.obj
 0001:000104f0       ?_InternalQueryInterface@CIsCINlaEso@@QAEJABU_GUID@@PAPAX@Z 100114f0 f i ISDaeCOSolver.obj
 0001:00010540       ?_GetEntries@CIsCINlaEso@@SGPBU_ATL_INTMAP_ENTRY@ATL@@XZ 10011540 f i ISDaeCOSolver.obj
 0001:00010570       ??0?$CComAggObject@VCIsCINlaEso@@@ATL@@QAE@PAX@Z 10011570 f i ISDaeCOSolver.obj
 0001:00010610       ?FinalConstruct@?$CComAggObject@VCIsCINlaEso@@@ATL@@QAEJXZ 10011610 f i ISDaeCOSolver.obj
 0001:00010660       ??1?$CComAggObject@VCIsCINlaEso@@@ATL@@QAE@XZ 10011660 f i ISDaeCOSolver.obj
 0001:000106f0       ?AddRef@?$CComAggObject@VCIsCINlaEso@@@ATL@@UAGKXZ 100116f0 f i ISDaeCOSolver.obj
 0001:00010730       ?Release@?$CComAggObject@VCIsCINlaEso@@@ATL@@UAGKXZ 10011730 f i ISDaeCOSolver.obj
 0001:000107a0       ?QueryInterface@?$CComAggObject@VCIsCINlaEso@@@ATL@@UAGJABU_GUID@@PAPAX@Z 100117a0 f i ISDaeCOSolver.obj
 0001:00010830       ??0?$CComObject@VCIsDaeEsoIImpl@@@ATL@@QAE@PAX@Z 10011830 f i ISDaeCOSolver.obj
 0001:000108c0       ?PostRealParameter@CIsDaeEsoIImpl@@UAGJNJN@Z 100118c0 f i ISDaeCOSolver.obj
 0001:00010910       ?PostIntegerParameter@CIsDaeEsoIImpl@@UAGJNJJ@Z 10011910 f i ISDaeCOSolver.obj
 0001:00010960       ?SetModelExec@CIsDaeEsoIImpl@@UAGJPAUIOnModelExec@@@Z 10011960 f i ISDaeCOSolver.obj
 0001:000109a0       ?GetReportInfo@CIsDaeEsoIImpl@@UAGJPAJ000000000000@Z 100119a0 f i ISDaeCOSolver.obj
 0001:00010a10       ?InitTime@CIsDaeEsoIImpl@@UAGJNF@Z 10011a10 f i ISDaeCOSolver.obj
 0001:00010a60       ?SetTime@CIsDaeEsoIImpl@@UAGJN@Z 10011a60 f i ISDaeCOSolver.obj
 0001:00010aa0       ?SetLastTime@CIsDaeEsoIImpl@@UAGJN@Z 10011aa0 f i ISDaeCOSolver.obj
 0001:00010ae0       ?SetRelTolerance@CIsDaeEsoIImpl@@UAGJPAPAUtagSAFEARRAY@@@Z 10011ae0 f i ISDaeCOSolver.obj
 0001:00010b20       ?GetRelTolerance@CIsDaeEsoIImpl@@UAGJPAPAUtagSAFEARRAY@@@Z 10011b20 f i ISDaeCOSolver.obj
 0001:00010b60       ?SetAbsTolerance@CIsDaeEsoIImpl@@UAGJPAPAUtagSAFEARRAY@@@Z 10011b60 f i ISDaeCOSolver.obj
 0001:00010ba0       ?GetAbsTolerance@CIsDaeEsoIImpl@@UAGJPAPAUtagSAFEARRAY@@@Z 10011ba0 f i ISDaeCOSolver.obj
 0001:00010be0       ?GetAllResiduals@CIsDaeEsoIImpl@@UAGJPAPAUtagSAFEARRAY@@PAF@Z 10011be0 f i ISDaeCOSolver.obj
 0001:00010c20       ?GetResiduals@CIsDaeEsoIImpl@@UAGJPAPAUtagSAFEARRAY@@0PAF@Z 10011c20 f i ISDaeCOSolver.obj
 0001:00010c70       ?GetJacobianStruct@CIsDaeEsoIImpl@@UAGJPAJPAPAUtagSAFEARRAY@@11@Z 10011c70 f i ISDaeCOSolver.obj
 0001:00010cc0       ?GetJacobianValues@CIsDaeEsoIImpl@@UAGJPAPAUtagSAFEARRAY@@0@Z 10011cc0 f i ISDaeCOSolver.obj
 0001:00010d00       ?GetAllJacobianValues@CIsDaeEsoIImpl@@UAGJPAPAUIIsMatrix@@@Z 10011d00 f i ISDaeCOSolver.obj
 0001:00010d40       ?GetDiffJacobianStruct@CIsDaeEsoIImpl@@UAGJPAJPAPAUtagSAFEARRAY@@11@Z 10011d40 f i ISDaeCOSolver.obj
 0001:00010d90       ?GetDiffJacobianValues@CIsDaeEsoIImpl@@UAGJPAPAUtagSAFEARRAY@@0@Z 10011d90 f i ISDaeCOSolver.obj
 0001:00010dd0       ?GetAllDiffJacobianValues@CIsDaeEsoIImpl@@UAGJPAPAUIIsMatrix@@@Z 10011dd0 f i ISDaeCOSolver.obj
 0001:00010e10       ?GetNumRealPars@CIsDaeEsoIImpl@@UAGJPAJ@Z 10011e10 f i ISDaeCOSolver.obj
 0001:00010e50       ?GetRealPar@CIsDaeEsoIImpl@@UAGJJPAN@Z 10011e50 f i ISDaeCOSolver.obj
 0001:00010e90       ?GetRealParId@CIsDaeEsoIImpl@@UAGJPAGPAJ@Z 10011e90 f i ISDaeCOSolver.obj
 0001:00010ed0       ?SetRealPar@CIsDaeEsoIImpl@@UAGJJN@Z 10011ed0 f i ISDaeCOSolver.obj
 0001:00010f20       ?GetNumIntPars@CIsDaeEsoIImpl@@UAGJPAJ@Z 10011f20 f i ISDaeCOSolver.obj
 0001:00010f60       ?GetIntPar@CIsDaeEsoIImpl@@UAGJJPAJ@Z 10011f60 f i ISDaeCOSolver.obj
 0001:00010fa0       ?GetIntParId@CIsDaeEsoIImpl@@UAGJPAGPAJ@Z 10011fa0 f i ISDaeCOSolver.obj
 0001:00010fe0       ?SetIntPar@CIsDaeEsoIImpl@@UAGJJJ@Z 10011fe0 f i ISDaeCOSolver.obj
 0001:00011020       ?GetVariables@CIsDaeEsoIImpl@@UAGJPAPAUtagSAFEARRAY@@N0@Z 10012020 f i ISDaeCOSolver.obj
 0001:00011070       ?GetVariable@CIsDaeEsoIImpl@@UAGJJNPAN@Z 10012070 f i ISDaeCOSolver.obj
 0001:000110c0       ?GetVariableId@CIsDaeEsoIImpl@@UAGJPAGPAJ@Z 100120c0 f i ISDaeCOSolver.obj
 0001:00011100       ?SetVariables@CIsDaeEsoIImpl@@UAGJPAPAUtagSAFEARRAY@@0@Z 10012100 f i ISDaeCOSolver.obj
 0001:00011140       ?SetVariable@CIsDaeEsoIImpl@@UAGJJN@Z 10012140 f i ISDaeCOSolver.obj
 0001:00011180       ?SetLastVariable@CIsDaeEsoIImpl@@UAGJJN@Z 10012180 f i ISDaeCOSolver.obj
 0001:000111c0       ?GetAllVariables@CIsDaeEsoIImpl@@UAGJNPAPAUtagSAFEARRAY@@@Z 100121c0 f i ISDaeCOSolver.obj
 0001:00011210       ?SetAllVariables@CIsDaeEsoIImpl@@UAGJPAPAUtagSAFEARRAY@@@Z 10012210 f i ISDaeCOSolver.obj
 0001:00011250       ?GetDerivatives@CIsDaeEsoIImpl@@UAGJPAPAUtagSAFEARRAY@@N0@Z 10012250 f i ISDaeCOSolver.obj
 0001:000112a0       ?GetDerivative@CIsDaeEsoIImpl@@UAGJJNPAN@Z 100122a0 f i ISDaeCOSolver.obj
 0001:000112f0       ?SetDerivatives@CIsDaeEsoIImpl@@UAGJPAPAUtagSAFEARRAY@@0@Z 100122f0 f i ISDaeCOSolver.obj
 0001:00011330       ?SetDerivative@CIsDaeEsoIImpl@@UAGJJN@Z 10012330 f i ISDaeCOSolver.obj
 0001:00011370       ?SetLastDerivative@CIsDaeEsoIImpl@@UAGJJN@Z 10012370 f i ISDaeCOSolver.obj
 0001:000113b0       ?GetAllDerivatives@CIsDaeEsoIImpl@@UAGJNPAPAUtagSAFEARRAY@@@Z 100123b0 f i ISDaeCOSolver.obj
 0001:00011400       ?SetAllDerivatives@CIsDaeEsoIImpl@@UAGJPAPAUtagSAFEARRAY@@@Z 10012400 f i ISDaeCOSolver.obj
 0001:00011440       ?GetNumVars@CIsDaeEsoIImpl@@UAGJPAJ@Z 10012440 f i ISDaeCOSolver.obj
 0001:00011480       ?GetNumEqns@CIsDaeEsoIImpl@@UAGJPAJ@Z 10012480 f i ISDaeCOSolver.obj
 0001:000114c0       ?GetNumLocalVars@CIsDaeEsoIImpl@@UAGJPAJ@Z 100124c0 f i ISDaeCOSolver.obj
 0001:00011500       ?GetNumLocalEqns@CIsDaeEsoIImpl@@UAGJPAJ@Z 10012500 f i ISDaeCOSolver.obj
 0001:00011540       ?GetVariablesIndex@CIsDaeEsoIImpl@@UAGJPAPAUtagSAFEARRAY@@@Z 10012540 f i ISDaeCOSolver.obj
 0001:00011580       ?GetLastTime@CIsDaeEsoIImpl@@UAGJPAN@Z 10012580 f i ISDaeCOSolver.obj
 0001:000115c0       ?GetTime@CIsDaeEsoIImpl@@UAGJPAN@Z 100125c0 f i ISDaeCOSolver.obj
 0001:00011600       ?GetCPPPtr@CIsDaeEsoIImpl@@UAGJPAK@Z 10012600 f i ISDaeCOSolver.obj
 0001:00011640       ?get_ContainerIndex@CIsDaeEsoIImpl@@UAGJPAJ@Z 10012640 f i ISDaeCOSolver.obj
 0001:00011680       ?put_ContainerIndex@CIsDaeEsoIImpl@@UAGJJ@Z 10012680 f i ISDaeCOSolver.obj
 0001:000116c0       ?get_VariableMap@CIsDaeEsoIImpl@@UAGJPAPAUtagSAFEARRAY@@@Z 100126c0 f i ISDaeCOSolver.obj
 0001:00011700       ?put_VariableMap@CIsDaeEsoIImpl@@UAGJPAPAUtagSAFEARRAY@@@Z 10012700 f i ISDaeCOSolver.obj
 0001:00011740       ?EvalStateCondition@CIsDaeEsoIImpl@@UAGJNJJPAF@Z 10012740 f i ISDaeCOSolver.obj
 0001:00011790       ?AddEso@CIsDaeEsoIImpl@@UAGJPAUIIsDaeEso@@@Z 10012790 f i ISDaeCOSolver.obj
 0001:000117d0       ?GetEso@CIsDaeEsoIImpl@@UAGJJPAPAUIIsDaeEso@@@Z 100127d0 f i ISDaeCOSolver.obj
 0001:00011810       ?RemoveEso@CIsDaeEsoIImpl@@UAGJJ@Z 10012810 f i ISDaeCOSolver.obj
 0001:00011850       ?GetNumEso@CIsDaeEsoIImpl@@UAGJPAJ@Z 10012850 f i ISDaeCOSolver.obj
 0001:00011890       ?iGetVariableId@CIsDaeEsoIImpl@@UAEJPAGPAJ@Z 10012890 f i ISDaeCOSolver.obj
 0001:000118c0       ?iGetRealParId@CIsDaeEsoIImpl@@UAEJPAGPAJ@Z 100128c0 f i ISDaeCOSolver.obj
 0001:000118f0       ?iGetIntParId@CIsDaeEsoIImpl@@UAEJPAGPAJ@Z 100128f0 f i ISDaeCOSolver.obj
 0001:00011920       ?GetTypeInfoCount@?$IDispatchImpl@UIIsDaeEsoIImpl@@$1?IID_IIsDaeEsoIImpl@@3U_GUID@@B$1?LIBID_ISDAECOSOLVERLib@@3U3@B$00$0A@VCComTypeInfoHolder@ATL@@@ATL@@UAGJPAI@Z 10012920 f i ISDaeCOSolver.obj
 0001:00011950       ?GetTypeInfo@?$IDispatchImpl@UIIsDaeEsoIImpl@@$1?IID_IIsDaeEsoIImpl@@3U_GUID@@B$1?LIBID_ISDAECOSOLVERLib@@3U3@B$00$0A@VCComTypeInfoHolder@ATL@@@ATL@@UAGJIKPAPAUITypeInfo@@@Z 10012950 f i ISDaeCOSolver.obj
 0001:000119a0       ?GetIDsOfNames@?$IDispatchImpl@UIIsDaeEsoIImpl@@$1?IID_IIsDaeEsoIImpl@@3U_GUID@@B$1?LIBID_ISDAECOSOLVERLib@@3U3@B$00$0A@VCComTypeInfoHolder@ATL@@@ATL@@UAGJABU_GUID@@PAPAGIKPAJ@Z 100129a0 f i ISDaeCOSolver.obj
 0001:000119f0       ?Invoke@?$IDispatchImpl@UIIsDaeEsoIImpl@@$1?IID_IIsDaeEsoIImpl@@3U_GUID@@B$1?LIBID_ISDAECOSOLVERLib@@3U3@B$00$0A@VCComTypeInfoHolder@ATL@@@ATL@@UAGJJABU_GUID@@KGPAUtagDISPPARAMS@@PAUtagVARIANT@@PAUtagEXCEPINFO@@PAI@Z 100129f0 f i ISDaeCOSolver.obj
 0001:00011a50       ?AddRef@?$CComObject@VCIsDaeEsoIImpl@@@ATL@@UAGKXZ 10012a50 f i ISDaeCOSolver.obj
 0001:00011a90       ?Release@?$CComObject@VCIsDaeEsoIImpl@@@ATL@@UAGKXZ 10012a90 f i ISDaeCOSolver.obj
 0001:00011b10       ?QueryInterface@?$CComObject@VCIsDaeEsoIImpl@@@ATL@@UAGJABU_GUID@@PAPAX@Z 10012b10 f i ISDaeCOSolver.obj
 0001:00011b50       ?_InternalQueryInterface@CIsDaeEsoIImpl@@QAEJABU_GUID@@PAPAX@Z 10012b50 f i ISDaeCOSolver.obj
 0001:00011ba0       ?_GetEntries@CIsDaeEsoIImpl@@SGPBU_ATL_INTMAP_ENTRY@ATL@@XZ 10012ba0 f i ISDaeCOSolver.obj
 0001:00011bd0       ??0?$CComAggObject@VCIsDaeEsoIImpl@@@ATL@@QAE@PAX@Z 10012bd0 f i ISDaeCOSolver.obj
 0001:00011c70       ?FinalConstruct@?$CComAggObject@VCIsDaeEsoIImpl@@@ATL@@QAEJXZ 10012c70 f i ISDaeCOSolver.obj
 0001:00011cc0       ??1?$CComAggObject@VCIsDaeEsoIImpl@@@ATL@@QAE@XZ 10012cc0 f i ISDaeCOSolver.obj
 0001:00011d50       ?AddRef@?$CComAggObject@VCIsDaeEsoIImpl@@@ATL@@UAGKXZ 10012d50 f i ISDaeCOSolver.obj
 0001:00011d90       ?Release@?$CComAggObject@VCIsDaeEsoIImpl@@@ATL@@UAGKXZ 10012d90 f i ISDaeCOSolver.obj
 0001:00011e00       ?QueryInterface@?$CComAggObject@VCIsDaeEsoIImpl@@@ATL@@UAGJABU_GUID@@PAPAX@Z 10012e00 f i ISDaeCOSolver.obj
 0001:00011e90       ??0?$CComObject@VCIsDaeEsoCImpl@@@ATL@@QAE@PAX@Z 10012e90 f i ISDaeCOSolver.obj
 0001:00011f20       ?PostRealParameter@CIsDaeEsoCImpl@@UAGJNJN@Z 10012f20 f i ISDaeCOSolver.obj
 0001:00011f70       ?PostIntegerParameter@CIsDaeEsoCImpl@@UAGJNJJ@Z 10012f70 f i ISDaeCOSolver.obj
 0001:00011fc0       ?SetModelExec@CIsDaeEsoCImpl@@UAGJPAUIOnModelExec@@@Z 10012fc0 f i ISDaeCOSolver.obj
 0001:00012000       ?GetReportInfo@CIsDaeEsoCImpl@@UAGJPAJ000000000000@Z 10013000 f i ISDaeCOSolver.obj
 0001:00012070       ?InitTime@CIsDaeEsoCImpl@@UAGJNF@Z 10013070 f i ISDaeCOSolver.obj
 0001:000120c0       ?SetTime@CIsDaeEsoCImpl@@UAGJN@Z 100130c0 f i ISDaeCOSolver.obj
 0001:00012100       ?SetLastTime@CIsDaeEsoCImpl@@UAGJN@Z 10013100 f i ISDaeCOSolver.obj
 0001:00012140       ?SetRelTolerance@CIsDaeEsoCImpl@@UAGJPAPAUtagSAFEARRAY@@@Z 10013140 f i ISDaeCOSolver.obj
 0001:00012180       ?GetRelTolerance@CIsDaeEsoCImpl@@UAGJPAPAUtagSAFEARRAY@@@Z 10013180 f i ISDaeCOSolver.obj
 0001:000121c0       ?SetAbsTolerance@CIsDaeEsoCImpl@@UAGJPAPAUtagSAFEARRAY@@@Z 100131c0 f i ISDaeCOSolver.obj
 0001:00012200       ?GetAbsTolerance@CIsDaeEsoCImpl@@UAGJPAPAUtagSAFEARRAY@@@Z 10013200 f i ISDaeCOSolver.obj
 0001:00012240       ?GetAllResiduals@CIsDaeEsoCImpl@@UAGJPAPAUtagSAFEARRAY@@PAF@Z 10013240 f i ISDaeCOSolver.obj
 0001:00012280       ?GetResiduals@CIsDaeEsoCImpl@@UAGJPAPAUtagSAFEARRAY@@0PAF@Z 10013280 f i ISDaeCOSolver.obj
 0001:000122d0       ?GetJacobianStruct@CIsDaeEsoCImpl@@UAGJPAJPAPAUtagSAFEARRAY@@11@Z 100132d0 f i ISDaeCOSolver.obj
 0001:00012320       ?GetJacobianValues@CIsDaeEsoCImpl@@UAGJPAPAUtagSAFEARRAY@@0@Z 10013320 f i ISDaeCOSolver.obj
 0001:00012360       ?GetAllJacobianValues@CIsDaeEsoCImpl@@UAGJPAPAUIIsMatrix@@@Z 10013360 f i ISDaeCOSolver.obj
 0001:000123a0       ?GetDiffJacobianStruct@CIsDaeEsoCImpl@@UAGJPAJPAPAUtagSAFEARRAY@@11@Z 100133a0 f i ISDaeCOSolver.obj
 0001:000123f0       ?GetDiffJacobianValues@CIsDaeEsoCImpl@@UAGJPAPAUtagSAFEARRAY@@0@Z 100133f0 f i ISDaeCOSolver.obj
 0001:00012430       ?GetAllDiffJacobianValues@CIsDaeEsoCImpl@@UAGJPAPAUIIsMatrix@@@Z 10013430 f i ISDaeCOSolver.obj
 0001:00012470       ?GetNumRealPars@CIsDaeEsoCImpl@@UAGJPAJ@Z 10013470 f i ISDaeCOSolver.obj
 0001:000124b0       ?GetRealPar@CIsDaeEsoCImpl@@UAGJJPAN@Z 100134b0 f i ISDaeCOSolver.obj
 0001:000124f0       ?GetRealParId@CIsDaeEsoCImpl@@UAGJPAGPAJ@Z 100134f0 f i ISDaeCOSolver.obj
 0001:00012530       ?SetRealPar@CIsDaeEsoCImpl@@UAGJJN@Z 10013530 f i ISDaeCOSolver.obj
 0001:00012580       ?GetNumIntPars@CIsDaeEsoCImpl@@UAGJPAJ@Z 10013580 f i ISDaeCOSolver.obj
 0001:000125c0       ?GetIntPar@CIsDaeEsoCImpl@@UAGJJPAJ@Z 100135c0 f i ISDaeCOSolver.obj
 0001:00012600       ?GetIntParId@CIsDaeEsoCImpl@@UAGJPAGPAJ@Z 10013600 f i ISDaeCOSolver.obj
 0001:00012640       ?SetIntPar@CIsDaeEsoCImpl@@UAGJJJ@Z 10013640 f i ISDaeCOSolver.obj
 0001:00012680       ?GetVariables@CIsDaeEsoCImpl@@UAGJPAPAUtagSAFEARRAY@@N0@Z 10013680 f i ISDaeCOSolver.obj
 0001:000126d0       ?GetVariable@CIsDaeEsoCImpl@@UAGJJNPAN@Z 100136d0 f i ISDaeCOSolver.obj
 0001:00012720       ?GetVariableId@CIsDaeEsoCImpl@@UAGJPAGPAJ@Z 10013720 f i ISDaeCOSolver.obj
 0001:00012760       ?SetVariables@CIsDaeEsoCImpl@@UAGJPAPAUtagSAFEARRAY@@0@Z 10013760 f i ISDaeCOSolver.obj
 0001:000127a0       ?SetVariable@CIsDaeEsoCImpl@@UAGJJN@Z 100137a0 f i ISDaeCOSolver.obj
 0001:000127e0       ?SetLastVariable@CIsDaeEsoCImpl@@UAGJJN@Z 100137e0 f i ISDaeCOSolver.obj
 0001:00012820       ?GetAllVariables@CIsDaeEsoCImpl@@UAGJNPAPAUtagSAFEARRAY@@@Z 10013820 f i ISDaeCOSolver.obj
 0001:00012870       ?SetAllVariables@CIsDaeEsoCImpl@@UAGJPAPAUtagSAFEARRAY@@@Z 10013870 f i ISDaeCOSolver.obj
 0001:000128b0       ?GetDerivatives@CIsDaeEsoCImpl@@UAGJPAPAUtagSAFEARRAY@@N0@Z 100138b0 f i ISDaeCOSolver.obj
 0001:00012900       ?GetDerivative@CIsDaeEsoCImpl@@UAGJJNPAN@Z 10013900 f i ISDaeCOSolver.obj
 0001:00012950       ?SetDerivatives@CIsDaeEsoCImpl@@UAGJPAPAUtagSAFEARRAY@@0@Z 10013950 f i ISDaeCOSolver.obj
 0001:00012990       ?SetDerivative@CIsDaeEsoCImpl@@UAGJJN@Z 10013990 f i ISDaeCOSolver.obj
 0001:000129d0       ?SetLastDerivative@CIsDaeEsoCImpl@@UAGJJN@Z 100139d0 f i ISDaeCOSolver.obj
 0001:00012a10       ?GetAllDerivatives@CIsDaeEsoCImpl@@UAGJNPAPAUtagSAFEARRAY@@@Z 10013a10 f i ISDaeCOSolver.obj
 0001:00012a60       ?SetAllDerivatives@CIsDaeEsoCImpl@@UAGJPAPAUtagSAFEARRAY@@@Z 10013a60 f i ISDaeCOSolver.obj
 0001:00012aa0       ?GetNumVars@CIsDaeEsoCImpl@@UAGJPAJ@Z 10013aa0 f i ISDaeCOSolver.obj
 0001:00012ae0       ?GetNumEqns@CIsDaeEsoCImpl@@UAGJPAJ@Z 10013ae0 f i ISDaeCOSolver.obj
 0001:00012b20       ?GetNumLocalVars@CIsDaeEsoCImpl@@UAGJPAJ@Z 10013b20 f i ISDaeCOSolver.obj
 0001:00012b60       ?GetNumLocalEqns@CIsDaeEsoCImpl@@UAGJPAJ@Z 10013b60 f i ISDaeCOSolver.obj
 0001:00012ba0       ?GetVariablesIndex@CIsDaeEsoCImpl@@UAGJPAPAUtagSAFEARRAY@@@Z 10013ba0 f i ISDaeCOSolver.obj
 0001:00012be0       ?GetLastTime@CIsDaeEsoCImpl@@UAGJPAN@Z 10013be0 f i ISDaeCOSolver.obj
 0001:00012c20       ?GetTime@CIsDaeEsoCImpl@@UAGJPAN@Z 10013c20 f i ISDaeCOSolver.obj
 0001:00012c60       ?GetCPPPtr@CIsDaeEsoCImpl@@UAGJPAK@Z 10013c60 f i ISDaeCOSolver.obj
 0001:00012ca0       ?get_ContainerIndex@CIsDaeEsoCImpl@@UAGJPAJ@Z 10013ca0 f i ISDaeCOSolver.obj
 0001:00012ce0       ?put_ContainerIndex@CIsDaeEsoCImpl@@UAGJJ@Z 10013ce0 f i ISDaeCOSolver.obj
 0001:00012d20       ?get_VariableMap@CIsDaeEsoCImpl@@UAGJPAPAUtagSAFEARRAY@@@Z 10013d20 f i ISDaeCOSolver.obj
 0001:00012d60       ?put_VariableMap@CIsDaeEsoCImpl@@UAGJPAPAUtagSAFEARRAY@@@Z 10013d60 f i ISDaeCOSolver.obj
 0001:00012da0       ?EvalStateCondition@CIsDaeEsoCImpl@@UAGJNJJPAF@Z 10013da0 f i ISDaeCOSolver.obj
 0001:00012df0       ?AddEso@CIsDaeEsoCImpl@@UAGJPAUIIsDaeEso@@@Z 10013df0 f i ISDaeCOSolver.obj
 0001:00012e30       ?GetEso@CIsDaeEsoCImpl@@UAGJJPAPAUIIsDaeEso@@@Z 10013e30 f i ISDaeCOSolver.obj
 0001:00012e70       ?RemoveEso@CIsDaeEsoCImpl@@UAGJJ@Z 10013e70 f i ISDaeCOSolver.obj
 0001:00012eb0       ?GetNumEso@CIsDaeEsoCImpl@@UAGJPAJ@Z 10013eb0 f i ISDaeCOSolver.obj
 0001:00012ef0       ?GetTypeInfoCount@?$IDispatchImpl@UIIsDaeEsoCImpl@@$1?IID_IIsDaeEsoCImpl@@3U_GUID@@B$1?LIBID_ISDAECOSOLVERLib@@3U3@B$00$0A@VCComTypeInfoHolder@ATL@@@ATL@@UAGJPAI@Z 10013ef0 f i ISDaeCOSolver.obj
 0001:00012f20       ?GetTypeInfo@?$IDispatchImpl@UIIsDaeEsoCImpl@@$1?IID_IIsDaeEsoCImpl@@3U_GUID@@B$1?LIBID_ISDAECOSOLVERLib@@3U3@B$00$0A@VCComTypeInfoHolder@ATL@@@ATL@@UAGJIKPAPAUITypeInfo@@@Z 10013f20 f i ISDaeCOSolver.obj
 0001:00012f70       ?GetIDsOfNames@?$IDispatchImpl@UIIsDaeEsoCImpl@@$1?IID_IIsDaeEsoCImpl@@3U_GUID@@B$1?LIBID_ISDAECOSOLVERLib@@3U3@B$00$0A@VCComTypeInfoHolder@ATL@@@ATL@@UAGJABU_GUID@@PAPAGIKPAJ@Z 10013f70 f i ISDaeCOSolver.obj
 0001:00012fc0       ?Invoke@?$IDispatchImpl@UIIsDaeEsoCImpl@@$1?IID_IIsDaeEsoCImpl@@3U_GUID@@B$1?LIBID_ISDAECOSOLVERLib@@3U3@B$00$0A@VCComTypeInfoHolder@ATL@@@ATL@@UAGJJABU_GUID@@KGPAUtagDISPPARAMS@@PAUtagVARIANT@@PAUtagEXCEPINFO@@PAI@Z 10013fc0 f i ISDaeCOSolver.obj
 0001:00013020       ?AddRef@?$CComObject@VCIsDaeEsoCImpl@@@ATL@@UAGKXZ 10014020 f i ISDaeCOSolver.obj
 0001:00013060       ?Release@?$CComObject@VCIsDaeEsoCImpl@@@ATL@@UAGKXZ 10014060 f i ISDaeCOSolver.obj
 0001:000130e0       ?QueryInterface@?$CComObject@VCIsDaeEsoCImpl@@@ATL@@UAGJABU_GUID@@PAPAX@Z 100140e0 f i ISDaeCOSolver.obj
 0001:00013120       ?_InternalQueryInterface@CIsDaeEsoCImpl@@QAEJABU_GUID@@PAPAX@Z 10014120 f i ISDaeCOSolver.obj
 0001:00013170       ?_GetEntries@CIsDaeEsoCImpl@@SGPBU_ATL_INTMAP_ENTRY@ATL@@XZ 10014170 f i ISDaeCOSolver.obj
 0001:000131a0       ??0?$CComAggObject@VCIsDaeEsoCImpl@@@ATL@@QAE@PAX@Z 100141a0 f i ISDaeCOSolver.obj
 0001:00013240       ?FinalConstruct@?$CComAggObject@VCIsDaeEsoCImpl@@@ATL@@QAEJXZ 10014240 f i ISDaeCOSolver.obj
 0001:00013290       ??1?$CComAggObject@VCIsDaeEsoCImpl@@@ATL@@QAE@XZ 10014290 f i ISDaeCOSolver.obj
 0001:00013320       ?AddRef@?$CComAggObject@VCIsDaeEsoCImpl@@@ATL@@UAGKXZ 10014320 f i ISDaeCOSolver.obj
 0001:00013360       ?Release@?$CComAggObject@VCIsDaeEsoCImpl@@@ATL@@UAGKXZ 10014360 f i ISDaeCOSolver.obj
 0001:000133d0       ?QueryInterface@?$CComAggObject@VCIsDaeEsoCImpl@@@ATL@@UAGJABU_GUID@@PAPAX@Z 100143d0 f i ISDaeCOSolver.obj
 0001:00013460       ??0?$CComObject@VCOnModelExec@@@ATL@@QAE@PAX@Z 10014460 f i ISDaeCOSolver.obj
 0001:00013510       ?GetTypeInfoCount@?$IDispatchImpl@UIOnModelExec@@$1?IID_IOnModelExec@@3U_GUID@@B$1?LIBID_ISDAECOSOLVERLib@@3U3@B$00$0A@VCComTypeInfoHolder@ATL@@@ATL@@UAGJPAI@Z 10014510 f i ISDaeCOSolver.obj
 0001:00013540       ?GetTypeInfo@?$IDispatchImpl@UIOnModelExec@@$1?IID_IOnModelExec@@3U_GUID@@B$1?LIBID_ISDAECOSOLVERLib@@3U3@B$00$0A@VCComTypeInfoHolder@ATL@@@ATL@@UAGJIKPAPAUITypeInfo@@@Z 10014540 f i ISDaeCOSolver.obj
 0001:00013590       ?GetIDsOfNames@?$IDispatchImpl@UIOnModelExec@@$1?IID_IOnModelExec@@3U_GUID@@B$1?LIBID_ISDAECOSOLVERLib@@3U3@B$00$0A@VCComTypeInfoHolder@ATL@@@ATL@@UAGJABU_GUID@@PAPAGIKPAJ@Z 10014590 f i ISDaeCOSolver.obj
 0001:000135e0       ?Invoke@?$IDispatchImpl@UIOnModelExec@@$1?IID_IOnModelExec@@3U_GUID@@B$1?LIBID_ISDAECOSOLVERLib@@3U3@B$00$0A@VCComTypeInfoHolder@ATL@@@ATL@@UAGJJABU_GUID@@KGPAUtagDISPPARAMS@@PAUtagVARIANT@@PAUtagEXCEPINFO@@PAI@Z 100145e0 f i ISDaeCOSolver.obj
 0001:00013640       ?EnumConnectionPoints@?$IConnectionPointContainerImpl@VCOnModelExec@@@ATL@@UAGJPAPAUIEnumConnectionPoints@@@Z 10014640 f i ISDaeCOSolver.obj
 0001:00013800       ?GetConnMap@COnModelExec@@SAPBU_ATL_CONNMAP_ENTRY@ATL@@PAH@Z 10014800 f i ISDaeCOSolver.obj
 0001:00013900       ?FindConnectionPoint@?$IConnectionPointContainerImpl@VCOnModelExec@@@ATL@@UAGJABU_GUID@@PAPAUIConnectionPoint@@@Z 10014900 f i ISDaeCOSolver.obj
 0001:000139d0       ?_LocCPQueryInterface@?$IConnectionPointImpl@VCOnModelExec@@$1?DIID__IOnModelExecEvents@@3U_GUID@@BVCComDynamicUnkArray@ATL@@@ATL@@UAGJABU_GUID@@PAPAX@Z 100149d0 f i ISDaeCOSolver.obj
 0001:00013a60       ?GetConnectionInterface@?$IConnectionPointImpl@VCOnModelExec@@$1?DIID__IOnModelExecEvents@@3U_GUID@@BVCComDynamicUnkArray@ATL@@@ATL@@UAGJPAU_GUID@@@Z 10014a60 f i ISDaeCOSolver.obj
 0001:00013ac0       ?GetConnectionPointContainer@?$IConnectionPointImpl@VCOnModelExec@@$1?DIID__IOnModelExecEvents@@3U_GUID@@BVCComDynamicUnkArray@ATL@@@ATL@@UAGJPAPAUIConnectionPointContainer@@@Z 10014ac0 f i ISDaeCOSolver.obj
 0001:00013b30       ?_LocCPQueryInterface@?$IConnectionPointImpl@VCOnModelExec@@$1?IID_IOnModelExecEvents@@3U_GUID@@BVCComDynamicUnkArray@ATL@@@ATL@@UAGJABU_GUID@@PAPAX@Z 10014b30 f i ISDaeCOSolver.obj
 0001:00013bc0       ?GetConnectionInterface@?$IConnectionPointImpl@VCOnModelExec@@$1?IID_IOnModelExecEvents@@3U_GUID@@BVCComDynamicUnkArray@ATL@@@ATL@@UAGJPAU_GUID@@@Z 10014bc0 f i ISDaeCOSolver.obj
 0001:00013c20       ?GetConnectionPointContainer@?$IConnectionPointImpl@VCOnModelExec@@$1?IID_IOnModelExecEvents@@3U_GUID@@BVCComDynamicUnkArray@ATL@@@ATL@@UAGJPAPAUIConnectionPointContainer@@@Z 10014c20 f i ISDaeCOSolver.obj
 0001:00013c90       ??_G?$CComEnum@UIEnumConnectionPoints@@$1?IID_IEnumConnectionPoints@@3U_GUID@@BPAUIConnectionPoint@@V?$_CopyInterface@UIConnectionPoint@@@ATL@@VCComSingleThreadModel@6@@ATL@@QAEPAXI@Z 10014c90 f i ISDaeCOSolver.obj
 0001:00013cf0       ??1?$CComEnum@UIEnumConnectionPoints@@$1?IID_IEnumConnectionPoints@@3U_GUID@@BPAUIConnectionPoint@@V?$_CopyInterface@UIConnectionPoint@@@ATL@@VCComSingleThreadModel@6@@ATL@@QAE@XZ 10014cf0 f i ISDaeCOSolver.obj
 0001:00013d30       ??0?$CComObject@V?$CComEnum@UIEnumConnectionPoints@@$1?IID_IEnumConnectionPoints@@3U_GUID@@BPAUIConnectionPoint@@V?$_CopyInterface@UIConnectionPoint@@@ATL@@VCComSingleThreadModel@6@@ATL@@@ATL@@QAE@PAX@Z 10014d30 f i ISDaeCOSolver.obj
 0001:00013db0       ?AddRef@?$CComObject@V?$CComEnum@UIEnumConnectionPoints@@$1?IID_IEnumConnectionPoints@@3U_GUID@@BPAUIConnectionPoint@@V?$_CopyInterface@UIConnectionPoint@@@ATL@@VCComSingleThreadModel@6@@ATL@@@ATL@@UAGKXZ 10014db0 f i ISDaeCOSolver.obj
 0001:00013df0       ?Release@?$CComObject@V?$CComEnum@UIEnumConnectionPoints@@$1?IID_IEnumConnectionPoints@@3U_GUID@@BPAUIConnectionPoint@@V?$_CopyInterface@UIConnectionPoint@@@ATL@@VCComSingleThreadModel@6@@ATL@@@ATL@@UAGKXZ 10014df0 f i ISDaeCOSolver.obj
 0001:00013e60       ?QueryInterface@?$CComObject@V?$CComEnum@UIEnumConnectionPoints@@$1?IID_IEnumConnectionPoints@@3U_GUID@@BPAUIConnectionPoint@@V?$_CopyInterface@UIConnectionPoint@@@ATL@@VCComSingleThreadModel@6@@ATL@@@ATL@@UAGJABU_GUID@@PAPAX@Z 10014e60 f i ISDaeCOSolver.obj
 0001:00013ea0       ?Reset@?$CComEnumImpl@UIEnumConnectionPoints@@$1?IID_IEnumConnectionPoints@@3U_GUID@@BPAUIConnectionPoint@@V?$_CopyInterface@UIConnectionPoint@@@ATL@@@ATL@@UAGJXZ 10014ea0 f i ISDaeCOSolver.obj
 0001:00013ed0       ??0?$CComEnum@UIEnumConnectionPoints@@$1?IID_IEnumConnectionPoints@@3U_GUID@@BPAUIConnectionPoint@@V?$_CopyInterface@UIConnectionPoint@@@ATL@@VCComSingleThreadModel@6@@ATL@@QAE@XZ 10014ed0 f i ISDaeCOSolver.obj
 0001:00013f50       ??_G?$CComObject@V?$CComEnum@UIEnumConnectionPoints@@$1?IID_IEnumConnectionPoints@@3U_GUID@@BPAUIConnectionPoint@@V?$_CopyInterface@UIConnectionPoint@@@ATL@@VCComSingleThreadModel@6@@ATL@@@ATL@@QAEPAXI@Z 10014f50 f i ISDaeCOSolver.obj
 0001:00013fb0       ??1?$CComObject@V?$CComEnum@UIEnumConnectionPoints@@$1?IID_IEnumConnectionPoints@@3U_GUID@@BPAUIConnectionPoint@@V?$_CopyInterface@UIConnectionPoint@@@ATL@@VCComSingleThreadModel@6@@ATL@@@ATL@@QAE@XZ 10014fb0 f i ISDaeCOSolver.obj
 0001:00014040       ?_InternalQueryInterface@?$CComEnum@UIEnumConnectionPoints@@$1?IID_IEnumConnectionPoints@@3U_GUID@@BPAUIConnectionPoint@@V?$_CopyInterface@UIConnectionPoint@@@ATL@@VCComSingleThreadModel@6@@ATL@@QAEJABU_GUID@@PAPAX@Z 10015040 f i ISDaeCOSolver.obj
 0001:00014090       ??0?$CComEnumImpl@UIEnumConnectionPoints@@$1?IID_IEnumConnectionPoints@@3U_GUID@@BPAUIConnectionPoint@@V?$_CopyInterface@UIConnectionPoint@@@ATL@@@ATL@@QAE@XZ 10015090 f i ISDaeCOSolver.obj
 0001:00014100       ??0?$CComPtr@UIUnknown@@@ATL@@QAE@XZ 10015100 f i ISDaeCOSolver.obj
 0001:00014130       ?AddRef@?$CComObject@VCOnModelExec@@@ATL@@UAGKXZ 10015130 f i ISDaeCOSolver.obj
 0001:00014170       ?Release@?$CComObject@VCOnModelExec@@@ATL@@UAGKXZ 10015170 f i ISDaeCOSolver.obj
 0001:000141f0       ?QueryInterface@?$CComObject@VCOnModelExec@@@ATL@@UAGJABU_GUID@@PAPAX@Z 100151f0 f i ISDaeCOSolver.obj
 0001:00014230       ?_InternalQueryInterface@COnModelExec@@QAEJABU_GUID@@PAPAX@Z 10015230 f i ISDaeCOSolver.obj
 0001:00014280       ?_GetEntries@COnModelExec@@SGPBU_ATL_INTMAP_ENTRY@ATL@@XZ 10015280 f i ISDaeCOSolver.obj
 0001:000142b0       ??0?$CComAggObject@VCOnModelExec@@@ATL@@QAE@PAX@Z 100152b0 f i ISDaeCOSolver.obj
 0001:00014350       ?FinalConstruct@?$CComAggObject@VCOnModelExec@@@ATL@@QAEJXZ 10015350 f i ISDaeCOSolver.obj
 0001:000143a0       ??1?$CComAggObject@VCOnModelExec@@@ATL@@QAE@XZ 100153a0 f i ISDaeCOSolver.obj
 0001:00014430       ?AddRef@?$CComAggObject@VCOnModelExec@@@ATL@@UAGKXZ 10015430 f i ISDaeCOSolver.obj
 0001:00014470       ?Release@?$CComAggObject@VCOnModelExec@@@ATL@@UAGKXZ 10015470 f i ISDaeCOSolver.obj
 0001:000144e0       ?QueryInterface@?$CComAggObject@VCOnModelExec@@@ATL@@UAGJABU_GUID@@PAPAX@Z 100154e0 f i ISDaeCOSolver.obj
 0001:00014570       ??0?$CComObject@VCOnTest@@@ATL@@QAE@PAX@Z 10015570 f i ISDaeCOSolver.obj
 0001:00014600       ?GetTypeInfoCount@?$IDispatchImpl@UIOnTest@@$1?IID_IOnTest@@3U_GUID@@B$1?LIBID_ISDAECOSOLVERLib@@3U3@B$00$0A@VCComTypeInfoHolder@ATL@@@ATL@@UAGJPAI@Z 10015600 f i ISDaeCOSolver.obj
 0001:00014630       ?GetTypeInfo@?$IDispatchImpl@UIOnTest@@$1?IID_IOnTest@@3U_GUID@@B$1?LIBID_ISDAECOSOLVERLib@@3U3@B$00$0A@VCComTypeInfoHolder@ATL@@@ATL@@UAGJIKPAPAUITypeInfo@@@Z 10015630 f i ISDaeCOSolver.obj
 0001:00014680       ?GetIDsOfNames@?$IDispatchImpl@UIOnTest@@$1?IID_IOnTest@@3U_GUID@@B$1?LIBID_ISDAECOSOLVERLib@@3U3@B$00$0A@VCComTypeInfoHolder@ATL@@@ATL@@UAGJABU_GUID@@PAPAGIKPAJ@Z 10015680 f i ISDaeCOSolver.obj
 0001:000146d0       ?Invoke@?$IDispatchImpl@UIOnTest@@$1?IID_IOnTest@@3U_GUID@@B$1?LIBID_ISDAECOSOLVERLib@@3U3@B$00$0A@VCComTypeInfoHolder@ATL@@@ATL@@UAGJJABU_GUID@@KGPAUtagDISPPARAMS@@PAUtagVARIANT@@PAUtagEXCEPINFO@@PAI@Z 100156d0 f i ISDaeCOSolver.obj
 0001:00014730       ?AddRef@?$CComObject@VCOnTest@@@ATL@@UAGKXZ 10015730 f i ISDaeCOSolver.obj
 0001:00014770       ?Release@?$CComObject@VCOnTest@@@ATL@@UAGKXZ 10015770 f i ISDaeCOSolver.obj
 0001:000147f0       ?QueryInterface@?$CComObject@VCOnTest@@@ATL@@UAGJABU_GUID@@PAPAX@Z 100157f0 f i ISDaeCOSolver.obj
 0001:00014830       ?_InternalQueryInterface@COnTest@@QAEJABU_GUID@@PAPAX@Z 10015830 f i ISDaeCOSolver.obj
 0001:00014880       ?_GetEntries@COnTest@@SGPBU_ATL_INTMAP_ENTRY@ATL@@XZ 10015880 f i ISDaeCOSolver.obj
 0001:000148b0       ??0?$CComObject@VCOnEnv@@@ATL@@QAE@PAX@Z 100158b0 f i ISDaeCOSolver.obj
 0001:00014930       ??1?$CComObject@VCOnEnv@@@ATL@@QAE@XZ 10015930 f i ISDaeCOSolver.obj
 0001:000149c0       ?AddRef@?$CComObject@VCOnEnv@@@ATL@@UAGKXZ 100159c0 f i ISDaeCOSolver.obj
 0001:00014a00       ?Release@?$CComObject@VCOnEnv@@@ATL@@UAGKXZ 10015a00 f i ISDaeCOSolver.obj
 0001:00014a70       ?QueryInterface@?$CComObject@VCOnEnv@@@ATL@@UAGJABU_GUID@@PAPAX@Z 10015a70 f i ISDaeCOSolver.obj
 0001:00014ab0       ??0IEnumConnectionPoints@@QAE@XZ 10015ab0 f i ISDaeCOSolver.obj
 0001:00014af0       ??1COnEnv@@QAE@XZ          10015af0 f i ISDaeCOSolver.obj
 0001:00014b70       ??_G?$CComObject@VCIsMatrix@@@ATL@@UAEPAXI@Z 10015b70 f i ISDaeCOSolver.obj
 0001:00014b70       ??_E?$CComObject@VCIsMatrix@@@ATL@@UAEPAXI@Z 10015b70 f i ISDaeCOSolver.obj
 0001:00014bd0       ??1?$CComObject@VCIsMatrix@@@ATL@@UAE@XZ 10015bd0 f i ISDaeCOSolver.obj
 0001:00014c70       ??1?$CComContainedObject@VCIsMatrix@@@ATL@@UAE@XZ 10015c70 f i ISDaeCOSolver.obj
 0001:00014cb0       ??_G?$CComObject@VCIsNlaSolver@@@ATL@@UAEPAXI@Z 10015cb0 f i ISDaeCOSolver.obj
 0001:00014cb0       ??_E?$CComObject@VCIsNlaSolver@@@ATL@@UAEPAXI@Z 10015cb0 f i ISDaeCOSolver.obj
 0001:00014d10       ??1?$CComObject@VCIsNlaSolver@@@ATL@@UAE@XZ 10015d10 f i ISDaeCOSolver.obj
 0001:00014db0       ??1?$CComContainedObject@VCIsNlaSolver@@@ATL@@UAE@XZ 10015db0 f i ISDaeCOSolver.obj
 0001:00014df0       ??_E?$CComObject@VCIsCINlaEso@@@ATL@@UAEPAXI@Z 10015df0 f i ISDaeCOSolver.obj
 0001:00014df0       ??_G?$CComObject@VCIsCINlaEso@@@ATL@@UAEPAXI@Z 10015df0 f i ISDaeCOSolver.obj
 0001:00014e50       ??1?$CComObject@VCIsCINlaEso@@@ATL@@UAE@XZ 10015e50 f i ISDaeCOSolver.obj
 0001:00014ef0       ??1?$CComContainedObject@VCIsCINlaEso@@@ATL@@UAE@XZ 10015ef0 f i ISDaeCOSolver.obj
 0001:00014f30       ??_G?$CComObject@VCIsDaeEsoIImpl@@@ATL@@UAEPAXI@Z 10015f30 f i ISDaeCOSolver.obj
 0001:00014f30       ??_E?$CComObject@VCIsDaeEsoIImpl@@@ATL@@UAEPAXI@Z 10015f30 f i ISDaeCOSolver.obj
 0001:00014f90       ??1?$CComObject@VCIsDaeEsoIImpl@@@ATL@@UAE@XZ 10015f90 f i ISDaeCOSolver.obj
 0001:00015040       ??1?$CComContainedObject@VCIsDaeEsoIImpl@@@ATL@@UAE@XZ 10016040 f i ISDaeCOSolver.obj
 0001:00015080       ??_G?$CComObject@VCIsDaeEsoCImpl@@@ATL@@UAEPAXI@Z 10016080 f i ISDaeCOSolver.obj
 0001:00015080       ??_E?$CComObject@VCIsDaeEsoCImpl@@@ATL@@UAEPAXI@Z 10016080 f i ISDaeCOSolver.obj
 0001:000150e0       ??1?$CComObject@VCIsDaeEsoCImpl@@@ATL@@UAE@XZ 100160e0 f i ISDaeCOSolver.obj
 0001:00015190       ??1?$CComContainedObject@VCIsDaeEsoCImpl@@@ATL@@UAE@XZ 10016190 f i ISDaeCOSolver.obj
 0001:000151d0       ??_E?$CComObject@VCOnModelExec@@@ATL@@UAEPAXI@Z 100161d0 f i ISDaeCOSolver.obj
 0001:000151d0       ??_G?$CComObject@VCOnModelExec@@@ATL@@UAEPAXI@Z 100161d0 f i ISDaeCOSolver.obj
 0001:00015230       ??1?$CComObject@VCOnModelExec@@@ATL@@UAE@XZ 10016230 f i ISDaeCOSolver.obj
 0001:000152f0       ??1?$CComContainedObject@VCOnModelExec@@@ATL@@UAE@XZ 100162f0 f i ISDaeCOSolver.obj
 0001:00015330       ??_E?$CComObject@VCOnTest@@@ATL@@UAEPAXI@Z 10016330 f i ISDaeCOSolver.obj
 0001:00015330       ??_G?$CComObject@VCOnTest@@@ATL@@UAEPAXI@Z 10016330 f i ISDaeCOSolver.obj
 0001:00015390       ??1?$CComObject@VCOnTest@@@ATL@@UAE@XZ 10016390 f i ISDaeCOSolver.obj
 0001:00015430       ?_GetEntries@?$CComEnum@UIEnumConnectionPoints@@$1?IID_IEnumConnectionPoints@@3U_GUID@@BPAUIConnectionPoint@@V?$_CopyInterface@UIConnectionPoint@@@ATL@@VCComSingleThreadModel@6@@ATL@@SGPBU_ATL_INTMAP_ENTRY@2@XZ 10016430 f i ISDaeCOSolver.obj
 0001:00015460       ?FinalRelease@?$CComAggObject@VCIsMatrix@@@ATL@@QAEXXZ 10016460 f i ISDaeCOSolver.obj
 0001:000154b0       ??0?$CComContainedObject@VCIsMatrix@@@ATL@@QAE@PAX@Z 100164b0 f i ISDaeCOSolver.obj
 0001:00015510       ?AddRef@?$CComContainedObject@VCIsMatrix@@@ATL@@UAGKXZ 10016510 f i ISDaeCOSolver.obj
 0001:00015550       ?OuterAddRef@CComObjectRootBase@ATL@@QAEKXZ 10016550 f i ISDaeCOSolver.obj
 0001:000155a0       ?Release@?$CComContainedObject@VCIsMatrix@@@ATL@@UAGKXZ 100165a0 f i ISDaeCOSolver.obj
 0001:000155e0       ?OuterRelease@CComObjectRootBase@ATL@@QAEKXZ 100165e0 f i ISDaeCOSolver.obj
 0001:00015630       ?QueryInterface@?$CComContainedObject@VCIsMatrix@@@ATL@@UAGJABU_GUID@@PAPAX@Z 10016630 f i ISDaeCOSolver.obj
 0001:000156a0       ?OuterQueryInterface@CComObjectRootBase@ATL@@QAEJABU_GUID@@PAPAX@Z 100166a0 f i ISDaeCOSolver.obj
 0001:000156f0       ?_GetRawUnknown@CIsMatrix@@QAEPAUIUnknown@@XZ 100166f0 f i ISDaeCOSolver.obj
 0001:00015770       ?FinalRelease@?$CComAggObject@VCIsNlaSolver@@@ATL@@QAEXXZ 10016770 f i ISDaeCOSolver.obj
 0001:000157c0       ??0?$CComContainedObject@VCIsNlaSolver@@@ATL@@QAE@PAX@Z 100167c0 f i ISDaeCOSolver.obj
 0001:00015820       ?AddRef@?$CComContainedObject@VCIsNlaSolver@@@ATL@@UAGKXZ 10016820 f i ISDaeCOSolver.obj
 0001:00015860       ?Release@?$CComContainedObject@VCIsNlaSolver@@@ATL@@UAGKXZ 10016860 f i ISDaeCOSolver.obj
 0001:000158a0       ?QueryInterface@?$CComContainedObject@VCIsNlaSolver@@@ATL@@UAGJABU_GUID@@PAPAX@Z 100168a0 f i ISDaeCOSolver.obj
 0001:00015910       ?_GetRawUnknown@CIsNlaSolver@@QAEPAUIUnknown@@XZ 10016910 f i ISDaeCOSolver.obj
 0001:00015990       ?FinalRelease@?$CComAggObject@VCIsCINlaEso@@@ATL@@QAEXXZ 10016990 f i ISDaeCOSolver.obj
 0001:000159e0       ??0?$CComContainedObject@VCIsCINlaEso@@@ATL@@QAE@PAX@Z 100169e0 f i ISDaeCOSolver.obj
 0001:00015a40       ?AddRef@?$CComContainedObject@VCIsCINlaEso@@@ATL@@UAGKXZ 10016a40 f i ISDaeCOSolver.obj
 0001:00015a80       ?Release@?$CComContainedObject@VCIsCINlaEso@@@ATL@@UAGKXZ 10016a80 f i ISDaeCOSolver.obj
 0001:00015ac0       ?QueryInterface@?$CComContainedObject@VCIsCINlaEso@@@ATL@@UAGJABU_GUID@@PAPAX@Z 10016ac0 f i ISDaeCOSolver.obj
 0001:00015b30       ?_GetRawUnknown@CIsCINlaEso@@QAEPAUIUnknown@@XZ 10016b30 f i ISDaeCOSolver.obj
 0001:00015bb0       ?FinalRelease@?$CComAggObject@VCIsDaeEsoIImpl@@@ATL@@QAEXXZ 10016bb0 f i ISDaeCOSolver.obj
 0001:00015c00       ??0?$CComContainedObject@VCIsDaeEsoIImpl@@@ATL@@QAE@PAX@Z 10016c00 f i ISDaeCOSolver.obj
 0001:00015c70       ?AddRef@?$CComContainedObject@VCIsDaeEsoIImpl@@@ATL@@UAGKXZ 10016c70 f i ISDaeCOSolver.obj
 0001:00015cb0       ?Release@?$CComContainedObject@VCIsDaeEsoIImpl@@@ATL@@UAGKXZ 10016cb0 f i ISDaeCOSolver.obj
 0001:00015cf0       ?QueryInterface@?$CComContainedObject@VCIsDaeEsoIImpl@@@ATL@@UAGJABU_GUID@@PAPAX@Z 10016cf0 f i ISDaeCOSolver.obj
 0001:00015d70       ?_GetRawUnknown@CIsDaeEsoIImpl@@QAEPAUIUnknown@@XZ 10016d70 f i ISDaeCOSolver.obj
 0001:00015df0       ?FinalRelease@?$CComAggObject@VCIsDaeEsoCImpl@@@ATL@@QAEXXZ 10016df0 f i ISDaeCOSolver.obj
 0001:00015e40       ??0?$CComContainedObject@VCIsDaeEsoCImpl@@@ATL@@QAE@PAX@Z 10016e40 f i ISDaeCOSolver.obj
 0001:00015eb0       ?AddRef@?$CComContainedObject@VCIsDaeEsoCImpl@@@ATL@@UAGKXZ 10016eb0 f i ISDaeCOSolver.obj
 0001:00015ef0       ?Release@?$CComContainedObject@VCIsDaeEsoCImpl@@@ATL@@UAGKXZ 10016ef0 f i ISDaeCOSolver.obj
 0001:00015f30       ?QueryInterface@?$CComContainedObject@VCIsDaeEsoCImpl@@@ATL@@UAGJABU_GUID@@PAPAX@Z 10016f30 f i ISDaeCOSolver.obj
 0001:00015fb0       ?_GetRawUnknown@CIsDaeEsoCImpl@@QAEPAUIUnknown@@XZ 10016fb0 f i ISDaeCOSolver.obj
 0001:00016030       ?FinalRelease@?$CComAggObject@VCOnModelExec@@@ATL@@QAEXXZ 10017030 f i ISDaeCOSolver.obj
 0001:00016080       ??0?$CComContainedObject@VCOnModelExec@@@ATL@@QAE@PAX@Z 10017080 f i ISDaeCOSolver.obj
 0001:00016100       ?AddRef@?$CComContainedObject@VCOnModelExec@@@ATL@@UAGKXZ 10017100 f i ISDaeCOSolver.obj
 0001:00016140       ?Release@?$CComContainedObject@VCOnModelExec@@@ATL@@UAGKXZ 10017140 f i ISDaeCOSolver.obj
 0001:00016180       ?QueryInterface@?$CComContainedObject@VCOnModelExec@@@ATL@@UAGJABU_GUID@@PAPAX@Z 10017180 f i ISDaeCOSolver.obj
 0001:000161f0       ?_GetRawUnknown@COnModelExec@@QAEPAUIUnknown@@XZ 100171f0 f i ISDaeCOSolver.obj
 0001:00016270       ??_G?$CComContainedObject@VCIsMatrix@@@ATL@@UAEPAXI@Z 10017270 f i ISDaeCOSolver.obj
 0001:00016270       ??_E?$CComContainedObject@VCIsMatrix@@@ATL@@UAEPAXI@Z 10017270 f i ISDaeCOSolver.obj
 0001:000162d0       ??_G?$CComContainedObject@VCIsNlaSolver@@@ATL@@UAEPAXI@Z 100172d0 f i ISDaeCOSolver.obj
 0001:000162d0       ??_E?$CComContainedObject@VCIsNlaSolver@@@ATL@@UAEPAXI@Z 100172d0 f i ISDaeCOSolver.obj
 0001:00016330       ??_G?$CComContainedObject@VCIsCINlaEso@@@ATL@@UAEPAXI@Z 10017330 f i ISDaeCOSolver.obj
 0001:00016330       ??_E?$CComContainedObject@VCIsCINlaEso@@@ATL@@UAEPAXI@Z 10017330 f i ISDaeCOSolver.obj
 0001:00016390       ??_E?$CComContainedObject@VCIsDaeEsoIImpl@@@ATL@@UAEPAXI@Z 10017390 f i ISDaeCOSolver.obj
 0001:00016390       ??_G?$CComContainedObject@VCIsDaeEsoIImpl@@@ATL@@UAEPAXI@Z 10017390 f i ISDaeCOSolver.obj
 0001:000163f0       ??_E?$CComContainedObject@VCIsDaeEsoCImpl@@@ATL@@UAEPAXI@Z 100173f0 f i ISDaeCOSolver.obj
 0001:000163f0       ??_G?$CComContainedObject@VCIsDaeEsoCImpl@@@ATL@@UAEPAXI@Z 100173f0 f i ISDaeCOSolver.obj
 0001:00016450       ??_G?$CComContainedObject@VCOnModelExec@@@ATL@@UAEPAXI@Z 10017450 f i ISDaeCOSolver.obj
 0001:00016450       ??_E?$CComContainedObject@VCOnModelExec@@@ATL@@UAEPAXI@Z 10017450 f i ISDaeCOSolver.obj
 0001:000164b0       ?QueryInterface@IUnknown@@QAGJPAPAUITypeInfo2@@@Z 100174b0 f i ISDaeCOSolver.obj
 0001:00016500       ?Advise@?$IConnectionPointImpl@VCOnModelExec@@$1?DIID__IOnModelExecEvents@@3U_GUID@@BVCComDynamicUnkArray@ATL@@@ATL@@UAGJPAUIUnknown@@PAK@Z 10017500 f i ISDaeCOSolver.obj
 0001:00016630       ?Lock@?$CComObjectRootEx@VCComSingleThreadModel@ATL@@@ATL@@QAEXXZ 10017630 f i ISDaeCOSolver.obj
 0001:00016660       ?Unlock@?$CComObjectRootEx@VCComSingleThreadModel@ATL@@@ATL@@QAEXXZ 10017660 f i ISDaeCOSolver.obj
 0001:00016690       ?Add@CComDynamicUnkArray@ATL@@QAEKPAUIUnknown@@@Z 10017690 f i ISDaeCOSolver.obj
 0001:00016820       ?begin@CComDynamicUnkArray@ATL@@QAEPAPAUIUnknown@@XZ 10017820 f i ISDaeCOSolver.obj
 0001:00016860       ?end@CComDynamicUnkArray@ATL@@QAEPAPAUIUnknown@@XZ 10017860 f i ISDaeCOSolver.obj
 0001:000168c0       ?Unadvise@?$IConnectionPointImpl@VCOnModelExec@@$1?DIID__IOnModelExecEvents@@3U_GUID@@BVCComDynamicUnkArray@ATL@@@ATL@@UAGJK@Z 100178c0 f i ISDaeCOSolver.obj
 0001:00016970       ?GetUnknown@CComDynamicUnkArray@ATL@@SGPAUIUnknown@@K@Z 10017970 f i ISDaeCOSolver.obj
 0001:000169a0       ?Remove@CComDynamicUnkArray@ATL@@QAEHK@Z 100179a0 f i ISDaeCOSolver.obj
 0001:00016a50       ?EnumConnections@?$IConnectionPointImpl@VCOnModelExec@@$1?DIID__IOnModelExecEvents@@3U_GUID@@BVCComDynamicUnkArray@ATL@@@ATL@@UAGJPAPAUIEnumConnections@@@Z 10017a50 f i ISDaeCOSolver.obj
 0001:00016ca0       ?GetCookie@CComDynamicUnkArray@ATL@@SGKPAPAUIUnknown@@@Z 10017ca0 f i ISDaeCOSolver.obj
 0001:00016cd0       ?Advise@?$IConnectionPointImpl@VCOnModelExec@@$1?IID_IOnModelExecEvents@@3U_GUID@@BVCComDynamicUnkArray@ATL@@@ATL@@UAGJPAUIUnknown@@PAK@Z 10017cd0 f i ISDaeCOSolver.obj
 0001:00016e00       ?Unadvise@?$IConnectionPointImpl@VCOnModelExec@@$1?IID_IOnModelExecEvents@@3U_GUID@@BVCComDynamicUnkArray@ATL@@@ATL@@UAGJK@Z 10017e00 f i ISDaeCOSolver.obj
 0001:00016eb0       ?EnumConnections@?$IConnectionPointImpl@VCOnModelExec@@$1?IID_IOnModelExecEvents@@3U_GUID@@BVCComDynamicUnkArray@ATL@@@ATL@@UAGJPAPAUIEnumConnections@@@Z 10017eb0 f i ISDaeCOSolver.obj
 0001:00017100       ??1?$CComEnumImpl@UIEnumConnectionPoints@@$1?IID_IEnumConnectionPoints@@3U_GUID@@BPAUIConnectionPoint@@V?$_CopyInterface@UIConnectionPoint@@@ATL@@@ATL@@QAE@XZ 10018100 f i ISDaeCOSolver.obj
 0001:000171c0       ??1?$CComPtr@UIUnknown@@@ATL@@QAE@XZ 100181c0 f i ISDaeCOSolver.obj
 0001:00017210       ?Next@?$CComEnumImpl@UIEnumConnectionPoints@@$1?IID_IEnumConnectionPoints@@3U_GUID@@BPAUIConnectionPoint@@V?$_CopyInterface@UIConnectionPoint@@@ATL@@@ATL@@UAGJKPAPAUIConnectionPoint@@PAK@Z 10018210 f i ISDaeCOSolver.obj
 0001:00017360       ?Skip@?$CComEnumImpl@UIEnumConnectionPoints@@$1?IID_IEnumConnectionPoints@@3U_GUID@@BPAUIConnectionPoint@@V?$_CopyInterface@UIConnectionPoint@@@ATL@@@ATL@@UAGJK@Z 10018360 f i ISDaeCOSolver.obj
 0001:000173e0       ?Clone@?$CComEnumImpl@UIEnumConnectionPoints@@$1?IID_IEnumConnectionPoints@@3U_GUID@@BPAUIConnectionPoint@@V?$_CopyInterface@UIConnectionPoint@@@ATL@@@ATL@@UAGJPAPAUIEnumConnectionPoints@@@Z 100183e0 f i ISDaeCOSolver.obj
 0001:00017550       ??B?$CComPtr@UIUnknown@@@ATL@@QBEPAUIUnknown@@XZ 10018550 f i ISDaeCOSolver.obj
 0001:00017580       ?Init@?$CComEnumImpl@UIEnumConnectionPoints@@$1?IID_IEnumConnectionPoints@@3U_GUID@@BPAUIConnectionPoint@@V?$_CopyInterface@UIConnectionPoint@@@ATL@@@ATL@@QAEJPAPAUIConnectionPoint@@0PAUIUnknown@@W4CComEnumFlags@2@@Z 10018580 f i ISDaeCOSolver.obj
 0001:00017750       ??_G?$CComObject@V?$CComEnum@UIEnumConnections@@$1?IID_IEnumConnections@@3U_GUID@@BUtagCONNECTDATA@@V?$_Copy@UtagCONNECTDATA@@@ATL@@VCComSingleThreadModel@6@@ATL@@@ATL@@QAEPAXI@Z 10018750 f i ISDaeCOSolver.obj
 0001:000177b0       ??0?$CComPtr@UIUnknown@@@ATL@@QAE@PAUIUnknown@@@Z 100187b0 f i ISDaeCOSolver.obj
 0001:00017810       ??4?$CComPtr@UIUnknown@@@ATL@@QAEPAUIUnknown@@PAU2@@Z 10018810 f i ISDaeCOSolver.obj
 0001:00017850       ??0?$CComObject@V?$CComEnum@UIEnumConnections@@$1?IID_IEnumConnections@@3U_GUID@@BUtagCONNECTDATA@@V?$_Copy@UtagCONNECTDATA@@@ATL@@VCComSingleThreadModel@6@@ATL@@@ATL@@QAE@PAX@Z 10018850 f i ISDaeCOSolver.obj
 0001:000178d0       ??1?$CComObject@V?$CComEnum@UIEnumConnections@@$1?IID_IEnumConnections@@3U_GUID@@BUtagCONNECTDATA@@V?$_Copy@UtagCONNECTDATA@@@ATL@@VCComSingleThreadModel@6@@ATL@@@ATL@@QAE@XZ 100188d0 f i ISDaeCOSolver.obj
 0001:00017960       ?AddRef@?$CComObject@V?$CComEnum@UIEnumConnections@@$1?IID_IEnumConnections@@3U_GUID@@BUtagCONNECTDATA@@V?$_Copy@UtagCONNECTDATA@@@ATL@@VCComSingleThreadModel@6@@ATL@@@ATL@@UAGKXZ 10018960 f i ISDaeCOSolver.obj
[...]
FIXUPS: 2d776 31 18 7c 1e 21 21 21 21 26 21 26 48 11 f f f f 21 2d 29 21
FIXUPS: 2cf72 22 3d 22 3d 22 3d 22 3d 31 3f 34 29 1e 3f 3d 29 12 3d 25
FIXUPS: 2d32f 25 3d 25 3d 31 48 57 3d 36 48 2d fffff060 13b 18 1a 53 15a
FIXUPS: 2c93d 1a 69 ac 1f 17 7b 1c 80 1c 79 f 5f 3d 31 2f 1e 4a 59 34 21
FIXUPS: 2ce95 21 26 48 11 ffffebcc 60bb3 b fff9f47d 15 64 16 84 27 67 14
FIXUPS: 2bd0f 1e 1e 1e 1e 3b 30c d1 15e 13b 25 25 25 25 51 2d 25 25 27
FIXUPS: 8c6d5 c fff9e9a5 39 88 29 614f8 e c fff9ed31 24 a 1b 4f b6 29 6116b
FIXUPS: 8c6a1 fff9eed9 3e 9b f 55 2f 3e 54 1b bc b6 4b 1e 1b 146 15 ffffeb42
FIXUPS: 2a691 11 52 2a 30 2e b4 24 68 17 71 1d 56 12 1d4 31 34 34 e8 6b
FIXUPS: 2adb0 a 24 72 6e 39 68 27 a 24 70 ffffeb67 29 26 56 8e 47 10b ce
FIXUPS: 2a0e2 f a9 84 10 81 1b 1b 1b bf 37 5b 39 39 38 27 15 1f 1f 1f 26
FIXUPS: 8c645 c fff9dfb7 ffffec07 157 1b 25 25 25 2b 2e 28 25 25 25 25
FIXUPS: 2952a 4e 2d 4e 2d 2b 2e 1f 11d 1b 54 12b 1b 6d 129 62b25 b c fff9d520
FIXUPS: 283a9 19 1f 71 6d c2 82 4d 57 63 d5 9d 6a 28 103 5b 8b 100 82 4d
FIXUPS: 28d1d 18 bd d5 ae 16 1a dc 5b 7f 20 1a ffffe8a3 1c 168 2b 21 a1
FIXUPS: 27cef a1 46 66 2b 21 a1 46 a1 46 38 21 21 21 21 21 21 21 21 1e
FIXUPS: 281d5 21 67 2d 41 27 ffffea50 57 15 1a f3 42 14 88 1f 1f 1f 1f
FIXUPS: 27034 25 25 25 25 25 25 25 25 35 3d 32 369 168 19 9a 1c 1c 23e
FIXUPS: 27a19 ffffe0a4 33 1b 23 27 2e 1e 19 c 5f 15 1f 15 f c55 79 67 68
FIXUPS: 26a3b 1a 3d 79 67 68 21 1a 39 34 1b 26 2d 34 ffffe567 154 63 f
FIXUPS: 25506 63 f 53 1b 26 2d 34 25 14 15 f 4a 1b 1b 54 17 f 193 1b 26
FIXUPS: 259c5 34 1e 14 15 f 53 fffff11d 63 f b5 63 f 55 1b 19 27 1b 2b
FIXUPS: 24e7b 34 1e 28 15 15 f 40 f 4e 19 1b 1b 57 17 15 f 9e 11 11f fffff0f6
FIXUPS: 243ae 1e 4c f 46 4c f 55 1b 19 19 57 17 15 f 3c d 41 1b 41 45 17
FIXUPS: 24755 ce d d9 17 d3 d d3 17 fffff334 2b 2a 1b 25 2b 32 2c 1b 25
FIXUPS: 23fa7 32 2c 1b 26 2d 34 33 19 19 9c 15 15 1c 29 683ee c fff97cab
FIXUPS: 242c9 45 f 46 fffff569 18 1d 42 1b 2b 2a 1b 25 2b 32 2c 1b 25 2b
FIXUPS: 23b19 2c 1b 26 2d 34 33 19 19 9c 15 15 1c 29 6888e c fff97812 ffffec87
FIXUPS: 22aa2 1f 1f 1d 44 142 13 59 1de 27 1b b0 18 1f 61 11b 5a 18 1d
FIXUPS: 23241 142 13 59 1de 27 1b b0 18 1f 61 11b ffffe8ad 2a 10 58 1b
FIXUPS: 221f1 27 1b 23 27 2e 1e 51 2b 15 10 45 6a 18 1a 7b cc 22 ee 1b
FIXUPS: 22766 18 1f 5a 18e 5e 53 ffffef6a 19 6b 17 93 1b 23 27 2e 1e 60
FIXUPS: 21bee 5b 1b 2c 19 6b 17 173 1b 23 27 2e 1e 60 f 58 1b 26 2d 34
FIXUPS: 220d6 ffffea5a 23 266 25 20 6b7a9 b fff948d6 9e 3e 48 102 88 118
FIXUPS: 21268 36 9c 102 88 115 1a 1f 36 10 da 39 22 170 6acc8 c fff95388
FIXUPS: 21974 ffffe808 f ea 1c 2d 2d 1d 65 25 15 1f 104 2e 2e 2e 2e 2e
FIXUPS: 205d3 266 25 20 6bd09 b fff9435b 25 15 1f 104 2e 2e 2e 2e 6ba2e
FIXUPS: 8c53c fff92975 27 27 21 21 60 24 24 6d 21 1c4 ed 257 d8 51 2d 85
FIXUPS: 1fb35 2f 6c9e1 c fff93657 2d 85 3db 2f 6c501 c fff93b69 f ffffe5b4
FIXUPS: 1e6da 1b 28 1c 1e 17 6a 48 7a 48 25 26 6dbd8 c fff92483 1e3 10
FIXUPS: 1ebaf 3e 1d 2d 29 2d 4f 2d a 21 88 15 24 6d730 fff90ed1 145 36
FIXUPS: 1d667 12d 44b 146 71 3d 44 8 1a 86 31 31 31 22 24 24 24 1e3 62
FIXUPS: 1e23e 23 33 34 b7 128 27 7a 64 70 ffffe968 13 3a 13 13 3a 13 13
FIXUPS: 1d091 13 13 3a 13 13 3a 13 13 3a 13 13 53 16 13 13 13 51 16 13
FIXUPS: 1d306 13 99 a fffff2a7 4a 53 56 43 37 37 37 47 53 53 53 95 51 89
FIXUPS: 1cb3e 37 37 37 37 4d 8e 3c 37 5e 37 37 37 4d 5c 2f 2e 6f55f e e
FIXUPS: 8c4f8 fff8fb59 13 13 43 d 4c 7a 39 70 39 70 39 31 31 31 31 31 2b
FIXUPS: 1c460 28 28 28 28 28 28 3b 4d 47 fffff31b 30 68 9 28 60 62 6a 53
FIXUPS: 1bbd5 53 23 30 38 30 38 30 38 30 aa 51 89 51 34 11 59 7045f b b
FIXUPS: 8c4a6 e e ffffffa2 c fff8ecf2 18 71 27 67 1d 2d 27 8b 28 19 1b
FIXUPS: 1b44f 27 67 1d 2a 27 49 28 19 1b 6d 1f 57 a9 30 79 1f 5d fffff0ae
FIXUPS: 1a976 bd 27 67 1d 2a 27 9d 1f 66 9d 30 76 1f 66 8d 30 6b 9 28 58
FIXUPS: 1afe6 6d 1c 55 11 48 71318 b b b fffaa135 31 35 56434 c fff8d8c5
FIXUPS: 1a311 33 1b 43 1b 2f 1b bd 1b 4a 1b 145 2a 133 1d 71be2 b b b b
FIXUPS: 8c41c c fff8e452 27 67 1d 1b516 73 13 a4 2b 8a 44 97 13 82 13 5c
FIXUPS: 36236 31 1d 3d 50 37 13 5a 1e c 33 d 59 14 68 24 1d 35 8 e ffffebfc
FIXUPS: 3533b 134 2b 2b 2b f0 30 2b 2b 2b f0 1c9 2b 2b 2b f0 30 2b 2b 2b
FIXUPS: 35c5c 5a 25 25 25 25 25 25 25 1d 48 ffffe8dc 2b 2b 2b f0 1c9 2b
FIXUPS: 34a8a 2b f0 30 2b 2b 2b f0 145 25 25 25 25 25 25 25 1d 50 1a 1a
FIXUPS: 3504d 6d 21 74 f ffffe66d 1a 89 30 1dd 93 2a 12f 45 18 18 1d3 d2
FIXUPS: 33fa0 1f 1a 52 1a 1a 1e 82 21 74 f 1e 1ee 15a 50 2b 2b 2b f0 ffffe9a9
FIXUPS: 330b8 2d 25 27 598d4 b c fffa6766 4a 24 33 34 33 37 36 37 36 37
FIXUPS: 333d6 10b 4d 1b 24 6f 2b 1f 1a 4e 1b d9 2a fffff13d 24 33 34 33
FIXUPS: 329de 36 37 36 37 3b 28 43 26 21 1d 1c 15 49 6b 37 89 2a 17 37
FIXUPS: 32e57 112 49 17 1f 45 27 fffff2ec 4c c 8 11 c 13 2c 1b 1d 5a5b0
FIXUPS: 8c9ef fffa5ab0 21 11 13 a5 29 38 3e 20 15 21 29 38 15 19 53 1f
FIXUPS: 32839 30 2d 5a0fe 9 9 b fffa5527 2b 1a 1e 28 36 5a 2f 16 1a 5a972
FIXUPS: 8c9cf fffa56d1 25 59 41 15 8 11 c 8 2d 102 c 8 11 c 13 5a620 9
FIXUPS: 8c946 b fffa5265 13 13 34 36 41 8 9 2e c f 1a 5ac69 9 9 b fffa53c5
FIXUPS: 31d59 13 34 36 41 8 9 2e c f 1a 5aa49 9 9 b fffa4fa0 13 13 34 36
FIXUPS: 31962 8 9 38 c f 1a 5af24 9 9 b fffa5105 13 13 34 36 41 8 9 2e
FIXUPS: 31b42 f 1a fffff8f7 2d c4 c 8 11 c 13 2c 53 c 8 11 c 13 2c 1b 1a
FIXUPS: 8c8b4 b fffa4e42 13 13 34 36 41 8 9 3a c f 1a fffff849 36 41 8
FIXUPS: 31123 3f c f 1a 5b6cd 9 9 b fffa4967 2b 1a 1e 28 36 5a 2f 16 1a
FIXUPS: 8c894 b fffa4b0e 1e 5a 10 8 11 c fffff8dd 2c 53 c 8 11 c 13 2c
FIXUPS: 30e41 1a 5b9b9 b fffa4682 13 13 34 36 41 8 9 41 c f 1a 5b83b 9
FIXUPS: 8c846 b fffa47f0 13 13 fffff8b6 1a 5be8d 9 9 b fffa41a7 2b 1a 1e
FIXUPS: 30a13 36 5a 2f 16 1a 5bcf2 b fffa434e 1e 5a 10 8 11 c 8 2d c4 c
FIXUPS: 30d07 11 c fffff83d 1b 25 1c 27 17 46 13 13 34 36 41 8 9 41 c f
FIXUPS: 30799 5bffb 9 9 b fffa4030 13 13 34 36 41 8 9 3f c fffff839 8 2d
FIXUPS: 30240 c 8 11 c 13 2c 53 c 8 11 c 13 2c 1b 1a 5c3cc b fffa3c83 8
FIXUPS: 3041f 50 13 3c 16 d 31 10 d fffff817 54 8 9 3e 1c f 1a 5c906 9
FIXUPS: 8c748 fffa3726 13 15 42 2b 1a 1e 28 36 5a 2f 16 1a 5c702 b fffa393e
FIXUPS: 300bb 57 10 8 11 fffff559 23 6e 23 6e 23 6e 23 3e 47 41 1a 5cdca
FIXUPS: 8c71f fffa3279 20 1e 17 51 31 f 5b a3 2a 59 29 48 31 1c 10 44 13
FIXUPS: 395b6 13 10 a4 44 94 13 9c 24 1d 35 8 e b 31 35 531b4 c fffa2886
FIXUPS: 2f34f b 13 fa 2a 10 30 10 30 10 74 6e 23 910b 23 19 19 116 13 13
FIXUPS: 388d2 59 c 10f d8 1a 1f3 37 174 e2 61 b5 1d 6d 145 8b 62 64 6c
FIXUPS: 39477 65 1d 2c 20 17 ffffeb69 17 18 13 13 50 16 13 13 10 9e 30
FIXUPS: 382c3 19 19 23 19 19 23 19 19 1c4 13 13 13 a5 2a 3f 19 19 23 19
FIXUPS: 8ca96 c fffab1af 29 20 23 23 20 20 26 26 24 2c 23 23 23 23 23 23
FIXUPS: 37eb1 23 d 4f 1f 3e e 10 65 1d 1d 1a 4a fffff51c 19 2b 6c 29 16
FIXUPS: 376f0 19 19 2b 6c 29 16 37 19 19 9b 78 19 19 9b 78 19 19 5e 21
FIXUPS: 37b83 19 59 b 1c 54e6c fffaa532 18 13 52 bc 1d 1d 1d 1e 49 9f 27
FIXUPS: 3729d 26 39 20 23 49 85 26 26 39 20 1b 16 16 16 16 16 16 16 4a
FIXUPS: 368ee 19 32 19 32 19 32 19 32 19 32 19 32 19 32 19 32 19 8f 185
FIXUPS: 36dab 69 35 3c 29 33 19 19 33 26 1d 1c 35d1 26 66 6d 11 4c b 1d
FIXUPS: 3a6ff 19 13 15 13 27 11a 22 a1 ffffbcd0 8 b 13 107 2d 10 30 10
FIXUPS: 36842 18 28 17 561cb b fffad6c8 26 16 d 2d 16 d 2d f d 14 d 42
FIXUPS: 3a28e 12 27 23 19 10 f 23 f 19 27 57 29 57 23 f b 19 33 fffff86a
FIXUPS: 39d6b 14 2a 6d 9 13 14 2a 36 f d 14 2a 36 9 f d 14 2a 3d f d 14
FIXUPS: 3a030 2d 12 2e 13 36 13 14 fbe f ffffe911 20 41 12 12 12 27 23
FIXUPS: 39adf 10 c 23 2b 36 31 1c 32 1c 17 10 14 32 17 9 17 10 16 2d 35
FIXUPS: 39d4f d08 2b 16 17 30 29 23 f 4e 2c 3d 14 45 53 2b 19 5e 27 1c
FIXUPS: 3adae 1f 1f 1e 59 11 a0 57 f 4a 57 f 4a 2964 14c 8 15 8 185 c3
FIXUPS: 3ddbc 25 1b 21 3d 26 3d bc f a1 13 41 14 1f 14 52 14 1f 14 146
FIXUPS: 3e3c2 61 ffffc57d 1f 45 2566 34 23 1a 23 142 4f995 c fffb06fc 1d
FIXUPS: 3d227 4d 24 17 17 23 113 13 13 13 13 13 1d 4f67d c fffb09f6 c9
FIXUPS: 3d635 8a 175 1a e7 ffffeeef 15 18 18 18 18 18 18 18 18 47 1a 56
FIXUPS: 3c9cd 3d 58 8 12a 8c 78 46 6e 31 28 2c 16 33 16 1b 33 3a 94 ffffe8f2
FIXUPS: 3b85f 21 21 21 21 21 21 21 21 3e 146 45 24 75 a0 25 3a 26 389 20
FIXUPS: 3c0b4 164 59 229 3a 42 24 fd 74 9b 80 ffffeb1b 10 51 16 33 16 57
FIXUPS: 3b420 2c 16 33 16 3c 3e 23 48 1f 68 1a 20 23 1d 22 b b 1d 37 16
FIXUPS: 3b749 16 16 38 95a9 f f 15 1c 64 f f 15 17 19 47cf2 b fffb8370
FIXUPS: 44f16 2e 39 1f 14 55 1e 21 d 5d 98 2c ffff6032 8 b ba 30 10 95eb
FIXUPS: 448b2 17 23 1d 74 1a 20 39 f f 15 1f f 1c 16 16 45 25 54 f f 74
FIXUPS: 44bf8 f 15 26 61 f f 15 1c fffff435 21 f0 b 13 81 4f 19 55 be 9c
FIXUPS: 44512 56 b8 1a 20 2a 34 f f 17 23 1d 80 1a 20 39 f f 15 1f f 482c0
FIXUPS: 434b6 44 17 45 12 1c5 68 a0 1a b1 46 36 14 85 4a 3a 4a c6 94 3d
FIXUPS: 43d96 4f 80 15 6f 1e 49 49 c5 10 4f ffffe51d 68 5f 46 56 65 89
FIXUPS: 42847 8f 9a 86 8d 85 bf 82 8d 81 b0 2f f9 2f 36 35 2a 1a 133 e2
FIXUPS: 43283 3c 25 117 4973a fffb4c5c 8 d 6f 24 28 28 28 28 1e 1e 29 113
FIXUPS: 41aaa 40 a 121 b8 54 7d f3 76 12a e1 1bb 5a 24 44 2a 26 94 115
FIXUPS: 8cb21 fffb3866 56 2f 46 43 1e 2d 22 351 82 32 1f 1f 1f 1c 7d 36
FIXUPS: 40a78 8 29 8 8 23 17a 34f 419 116 12 a1 d ec ffffd288 41 31 31
FIXUPS: 3e9dc 31 31 31 6d 39 6d 39 31 20 8a9 8 18 8 8 1a 8 90 4a 4a 1c
FIXUPS: 3f72d 40 33 112 c5 959 4c845 fffbb983 3d 26 1e 4a 3d 26 1e 4a 3d
FIXUPS: 48691 1e 4a 3a 26 25 ffff5ce1 17 13 f 53 18d 29 13 13 9e 39 6d
FIXUPS: 3e844 31 31 31 9596 2f 21 21 1e 1e 21 21 4a 31 4a 5a 26 20 4a 5a
FIXUPS: 4818b 20 4a 3d 26 21 21 1e 4a 3d 26 1e 4a 3d 26 1e fffff4fe 47
FIXUPS: 479bf 20 47 2c 20 2a 26 21 21 1e 2a 26 1e 2a 26 1e 2a 26 1e 2a
FIXUPS: 47cbc 1e 2a 26 1e 2a 26 d 5a 3d ffffe5bf 13 1ea 86 38 37 1a4 1b2
FIXUPS: 46a56 50 31 22 17 54 333 6be 10 37 1b 27 125 34 20 d5 1e 1e 21
FIXUPS: 478aa 21 21 21 21 ffffe110 20 3c 29 37 5e 30 20 3c 29 37 4f b4
FIXUPS: 45d6f 28 28 28 28 32 1e 1e 1b 25 1f bf 79 115 55 67 2c 34 4f 30c0
FIXUPS: 49375 21 21 21 21 46 4c f ffffbfa5 18 16 2f 53 18 16 2f 28 19 1e
FIXUPS: 455d3 28 28 28 28 28 28 1a a9 108 fb 85 4717e fffbc208 5a 30 28
FIXUPS: 48e6e 5a 30 28 28 1a 57 3d 31 2f 21 21 21 21 21 21 21 21 3e 59
FIXUPS: 49241 16 5e 1e 1e 21 21 29ba 1a 11 1d 72 9 21 11 15 28 43 18 6b
FIXUPS: 4bef2 48 11 24 36 19 35 12 9 10 ffffcb7f 76 6a 27 3d 27 3f 43e2e
FIXUPS: 8cb80 fffbea31 8c 27 4a 2d 6b 5d 21 91 27 52 2d 80 66 37 3a 5a
FIXUPS: 4bae9 c 34 4117c c fffbeeda 36 49 16 13 13 13 3a d 44 fffff31c
FIXUPS: 4b033 1b 10 35 d 3d d 99 1b 10 35 12 9 10 35 d 3d d a9 1b 10 35
FIXUPS: 4b3b5 9 10 35 d 3d d dc 5a fffff24e 25 6b 41 173 19f 67 25 25 25
FIXUPS: 4acbc 25 25 25 25 25 25 25 1a 9f 6e 26 9 26 11 1c 24 9 26 11 15
FIXUPS: 4aff0 fffff5f1 f c c c c f 20 425b5 9 9 9 9 c c c c c c c c b fffbd9ee
FIXUPS: 4a68e 8c 1f 18 18 18 18 15 18 fffffb74 f 26 7 23 7 1f f 18 22 f
FIXUPS: 4a42e 20 7 15 7 1b 7 f 12 7 27 11 17 b b 11 b b 12 6a f fffffa1a
FIXUPS: 49ffb 31 7 2c 7 f f 7 1d 1a 1a 11 1f 11 24 39 17 2e 15 32 f 20
FIXUPS: 4a244 23 1d f 1b b 21 15 22 fffff9ca 11 f 13 f 17 42ea0 9 9 b fffbd18f
FIXUPS: 49d91 e e e 11 11 11 11 31 1a 20 1d 20 29 30 56 11 11 29 f 10 fffffa6d
FIXUPS: 49a8b 18 c c f 20 430aa 9 9 9 9 b fffbcf79 31 7 14 b 17 b 11 f
FIXUPS: 49c0d 7 18 18 f b 1a 2a 14 1a fffff8c0 2b c 3a 7 2c 7 50 7 23 28
FIXUPS: 496fe 28 25 1f 36 1d 36 1d 36 1c 48 f 20 78 7 15 7 43 53 7 15 4386e
FIXUPS: 8d29f fffc12d0 1f f 1a 3ecfd b fffc1350 1f f 1a 3ec7d b fffc13d0
FIXUPS: 4e6ce f 1a 3ebfd b fffc1450 1f f 1a 3eb7d b fffbc1d1 11 e e 2d
FIXUPS: 49572 43c84 fffc0ff9 12 16 5c 15 1a 3ef62 17 b fffc10c9 1f f 1a
FIXUPS: 8d234 b fffc1150 1f f 1a 3ee7d b fffc11d0 1f f 1a 3edfd b fffc1250
FIXUPS: 4e4ee f 1a fffff978 3f2b5 17 b fffc0d79 12 16 52 14 1a 3f1ed 17
FIXUPS: 8d196 fffc0e39 12 16 1b 4f 15 1a 3f114 17 b fffc0f19 12 16 1b 4f
FIXUPS: 4e186 1a 3f034 17 fffc093c 45 15 1a 3f519 17 b fffc0b19 12 1e 43
FIXUPS: 4dc76 1a 3f454 17 b fffc0bd9 12 16 15 43 14 1a 3f387 17 b fffc0ca9
FIXUPS: 4ddf1 16 17 43 14 fffff97f 3f800 17 b fffc0833 16 51 14 1a 3f746
FIXUPS: 8d03b b fffc08e9 12 16 43 14 1a 3f68c 17 b fffc0999 12 16 45 15
FIXUPS: 4daab 3f5d9 17 b fffc0a59 12 fffff938 27 1a 18 54 14 1d 3fa4b 9
FIXUPS: 8cf86 fffc05e6 16 48 14 1a 3f99c 17 b fffc0690 16 42 15 1a 3f8f7
FIXUPS: 8cfdb b fffc0745 12 16 24 4c 14 fffff8b1 2c 16 54 15 1a 3fd95 9
FIXUPS: 8cef6 fffc02b3 12 16 18 43 14 1a 3fcaa 17 b fffc0393 12 27 1a 43
FIXUPS: 4d364 1a 3fbb6 17 b fffc0487 2e 2c fffff891 1a 40132 17 b fffbff04
FIXUPS: 4cd68 2c 16 58 15 1a 40021 9 b fffc0023 23 43 14 1a 3ff57 17 b
FIXUPS: 4cf79 16 45 14 1a 3fea2 17 b fffc0194 3fcfa 17 b fffbfbe3 16 48
FIXUPS: 4c9cc 1a 4039e 17 b fffbfc94 2e 2c 16 4c 15 1a 4029d 9 b fffbfda3
FIXUPS: 4cb8f 45 14 1a 401e2 17 b fffbfe53 16 45 fffff871 54 16 48 15 1a
FIXUPS: 8ccc4 17 b fffbf973 16 48 15 1a 4060e 17 b fffbfa24 2e 2c 16 4c
FIXUPS: 4c80b 1a 4050d 9 b fffbfb33 16 42 15 1a 3378 7d 1d 1e 63 23 44
FIXUPS: 4fe1d 1a 83 f a3 bb 26 2f ad 1f 68 27 1b ffffbf32 1a 64 28 6a 4b
FIXUPS: 4c2a4 7a 51 25 25 102 32fc 23 1a 23 2e 17 19 2c 2c 3a 13 36 2c
FIXUPS: 4f996 3d99e b fffc26a7 f 17 3d948 b fffc26f9 16 33 16 33 16 2b
FIXUPS: 4fb61 ab 1a 2c fffff3f3 64 38 13 13 53 16 13 13 13 3c d9 37 d0
FIXUPS: 4f3f1 13 13 b2 68 5a 26 4e 13 52 34 16 29 16 33 16 44 23 a9c 8
FIXUPS: 5024c 12 14 10 21 3d0d4 c b fffc2f43 10 30 10 2e 14 30 f 2d 14
FIXUPS: 50413 f ffffea7f 13 13 53 16 13 13 13 3c 6d 1b25 40 b 87 66 26
FIXUPS: 50d12 1c 2e 43 57 1d d 35 58 1a 42 2a 36 2a 36 23 8 48 49 49 1a
FIXUPS: 51106 57 45 79 80 7eb 2c ffffe9a3 12 13c d 31 13 13 53 16 13 13
FIXUPS: 506a9 6a 57 54 4a 95 3d 27 1f 24 19 87 16 2c 17 55 18 40 34 c7a6
FIXUPS: 5d2e5 1d 32 8 b b 2e 35 30360 c fffc3ca0 26 14 62 26 14 10 40 37
FIXUPS: 5152b 4c 37 d 81 31 7f 31 1b1 98 2c 5c b398 d 4d e 26 1d 17 3086f
FIXUPS: 8d6c2 fffcf7ca d 57 e 26 1d 17 3077f b fffcf8d2 24 1d 32 8 b b
FIXUPS: 5d073 35 3064d c fffcfa9d 98 2c fffff62a 10 64 b e 3a 19 10 64
FIXUPS: 5c9eb e 3a 19 10 64 17 e 87 1c 10 68 b e 2e 19 10 60 b e 36 19
FIXUPS: 5cd48 fffff78e 13 f 1a 31162 b fffceee0 2f 1a 1f 1f 17 b 30 9 54
FIXUPS: 5c6a4 13 f 1a 30fb4 b fffcf0a1 b e 3e 19 10 60 b e 3a fffff7ff
FIXUPS: 5c09a 28 28 28 28 28 28 28 28 28 28 28 1d b 30 9 70 15 16 f 1a
FIXUPS: 8d654 b fffced70 2f 1a 17 b 30 9 54 fffff7ca 1b 37 4c 2f 1e 14
FIXUPS: 5bd9c c b b 2c 9 54 d 16 f 1a 31791 13 b fffce89d 38 1a 25 1f 1f
FIXUPS: 5bfb3 22 25 28 28 fffff972 c b b 2c 9 54 d 16 f 1a 31b11 13 b fffce51d
FIXUPS: 5bb2e 1e 14 c c b b 2c 9 54 d 16 f 1a 31991 13 b fffcdf0c 1e 14
FIXUPS: 5b55c 10 b b 2c 9 54 d 16 f 1a 31f3d 13 b fffce10f d 40 21 3f 27
FIXUPS: 5b7cc d 38 2e 33 dd 2f 1e 14 fffff29e 1e 1e 1e 25 18 18 16 16f
FIXUPS: 5aef6 35 18 18d 18 1c 18 11d 70 71 18 18 18 18 18 13 37 11 13 46
FIXUPS: 5b461 13 7b ffffef01 2e 2c 1e 5d 1a 15 20 20 3f 11 20 20 20 39
FIXUPS: 5a6b0 20 20 2d 34 11 18f 1a 22b 28 1e 1e 1e 1e 1e 1e 1e ffffe9c5
FIXUPS: 596f7 46 8b e8 20 20 56 a1 5f 66 1e 1e 1f4 1e 2b 21 21 20 23 16d
FIXUPS: 59f77 54 2a5 25 25 25 2b 2e 2e 2e 2e ffffea11 17 17 17 191 13 13
FIXUPS: 58fe2 13 13 13 13 13 13 7d 7d 13 13 13 13 13 13 13 13 13 13 13
FIXUPS: 5922f 168 111 11d 18 fffff272 1f d 59 1f 1f 14 8b 1f 1f d 58 1f
FIXUPS: 58a87 31 d 174 20 17 1a 1a 1d 1d 1a 1a 1a 1a 1a 17 17 17 17 fffff5a4
FIXUPS: 58385 2b 2e 2e 2e 2e 2e 2e 2e 2e 2e 2e 3c f 12 20 34f4e c c d e
FIXUPS: 8d586 fffcb11b d 46 1e 1e 1e 10 b3 1f fffff3dd 24 97 42 78 3c 39
FIXUPS: 57e12 f 24 106 c3 37 14 53 24 2e 28 25 25 25 25 25 25 25 25 25
FIXUPS: 58298 25 25 25 25 ffffea59 29 23 a0 fb fa 3c 21 119 3c 21 31c 1b
FIXUPS: 5758d 8e 24 24 224 2e 2e 23 23 23 2d 129 1e 21 3c 48 c 4c 35 ffffea73
FIXUPS: 566c9 15 f f 15 2b 22 13 13 13 13 1c 36d6b b fffc9483 12 f 57 5b
FIXUPS: 56ac3 1b 30 6d 19 27 69 3d 2b 48 2d 58 fffff2f9 37 f 1f a6 14 1a
FIXUPS: 561fe 15 15 f f 15 a0 14 1a 57 f f 15 24 c2 14 1a 73 15 15 f f
FIXUPS: 56597 a0 14 36ed1 fffc85f7 53 3b 17 26 17 25 67 1a 8b 14 1a 73
FIXUPS: 55ddc 15 f f 15 31 f 1f 8b 14 1a 73 15 15 f f 15 37 fffff5a5 14
FIXUPS: 55616 57 f f 15 24 b6 14 1a 73 15 15 f f 15 9a 14 1a 64 15 f f
FIXUPS: 559ec 1f 13 13 13 13 1c 37a9e fffc7b7a f f 15 5a 14 1a 73 15 15
FIXUPS: 551f2 f 15 7f 14 1a 57 f f 15 2b 1c 1f 9d 14 1a 73 15 15 f f 15
FIXUPS: 54b45 14 1a 73 15 15 f f 15 9a 14 1a 64 15 f f 15 60 14 1a 57 f
FIXUPS: 54eba 15 1c 1f 94 14 1a 80 15 15 fffff515 1b 6f 16 1b 6f 16 1b
FIXUPS: 54755 26 21 16 24 38cff b b c fffc734b 18 1a 1a 23 68 56 10 94
FIXUPS: 54a3a 17 20 17 24 1a fffff4eb 21 26 21 47 2a 23 21 16 a4 14 1a
FIXUPS: 541d4 31 3d 31 f 2b 2a 3f 2b 30 26 1e 2a 3f 2b 30 26 4d 4f 3f fffff227
FIXUPS: 537c5 29 21 41 48 24 36 23 62 43 112 33 9e 39917 b fffc6753 24
FIXUPS: 53c46 155 9b 14 14 1e 31 1e f 1e 2a 21 26 1e fffff09b 35 f 53 a4
FIXUPS: 5316e 3b 14 1d 8 1c 33 d 172 76 17 26 42 11 46 1e 2a 51 31 28 15
FIXUPS: 53622 66 28 2d 26 35 fffff463 70 19 3a851 c fffc57ed 24 d 46 1b
FIXUPS: 52d39 2e 41 19 3a6d4 c fffc596e 24 28 32 1c 23 5f 18 b 14 b 3e
FIXUPS: 52fb9 13 10 37 fffff391 25 1a 4d 1f 6f 62 4a 10 16 b 15f 31 27
FIXUPS: 52767 1f 2a 5b 11 d 112 2a 23 45 d b6 1b 76 19 3a91b c fffc571f
FIXUPS: 51d8e 33 10 30 10 30 b 10 75 b 10 c0 1b 77 74 3b323 c fffc4d4d
FIXUPS: 52152 27 17 3b283 28 b fffc4d7b d 4f 43 28 40 72 39 b37d 48 43
FIXUPS: 5d798 1f 2ff7e c fffc43b5 b b b b 12 3d 21 3b815 c b fffc4803 13
FIXUPS: 51be7 3a 10 30 10 30 19 37 d 33 19 37 c422 21 21 21 21 21 21 21
FIXUPS: 5e2ab 21 21 21 d fffff0c9 8 b 25 13 32 10 30 10 7f 1f 68 18 18
FIXUPS: 5d618 1b 47 21 e 1d49 30 1c 5 13 4c 30 1c 5 13 ffffe963 3d 31 2f
FIXUPS: 5df27 21 21 21 21 21 21 21 21 21 21 21 21 14 5e 1e 1e 21 d21 22
FIXUPS: 5eee7 4f 3e 19 17 52 30 1c 5 1a 57 31 1c 5 4f 5f 31 1c 5 16 5b
FIXUPS: 5f2ac 1c 5 17 54 31 1c 5 17 fffff4c5 2a 13 37 13 32 1f 5e 8e 13
FIXUPS: 5ea70 19 81 53 1b 55 31 99 51 31 1c 5 15 22 22 22 22 22 22 22 22
FIXUPS: 5ee81 1662 fffff050 19 3f 4a f 1f 29 36 30 15 6b c 15 2d 17 48
FIXUPS: 5f7cf 38 19 ffffeb96 1bd 75 58 58 58 23 65 25 12 3b 13 149b 1a
FIXUPS: 5fd16 2f 19 1a 1a 6e 35 1a 1a 1a 97 49 20 109 8b ee 31 1b 5 16
FIXUPS: 602b5 31 1b 5 13 5f 31 1c 5 8e 1eda c2 3ec a2 62 107 108 d7 fc
FIXUPS: 5f878 31 1c 5 b0 6a 31 1c 5 3e 30 1c 5 37 31 1b 5 3d 16 82 14 2f
FIXUPS: 5fc7e 1189 30 1c 5 170 41 35 35 35 35 3e 26d a5 28 20 151 b9 b4
FIXUPS: 617d9 41 a9 186 243 14 be a8 ab 37 2f 94 167 c2 ffffe37f 31 1c
FIXUPS: 605a5 ee 58 12 3c 15 28 10 35 19 19 19 12 21 3c 6e 31 1c 5 1e 1c
FIXUPS: 609a1 174 12f 4f 55 31 1c 5 2df4 31 1c 5 1b 69 20 1a 60 31 1c 5
FIXUPS: 63d0b 40 1b 1f 24 1d 1f 148 33 22 2a 1f 27 39 2c 25 23 23 16 15
FIXUPS: 633be b1 16 19 28 2e 1f f2 1f 21 1f 44 27 14 1c 15 1c 1a 5e 31
FIXUPS: 637f5 5 1b 50 2f 47 b1 33 a3 3e 1e 1a 3281 ffffd412 31 1b 5 1ea
FIXUPS: 6441b 31 1b 5 1cd ffffe7d6 31 1c 5 25 51 16f 1f 29 14 20 19 a0
FIXUPS: 631d5 19 27 45 65 26 1a a9 2222 30 1c 5 146 31 1c 5 13 6a 30 1c
FIXUPS: 65881 68 d16 98 71 30 1c 5 15 c2 88 31 1c 5 270 77 30 1c 5 19 ffffdb25
FIXUPS: 6479d 70 17 23 27c 31 1c 5 15 134 62 31 1b 5 15 11b 5f 31 1b 5
FIXUPS: 65009 77 30 1c 5 239 5e 31 1c 5 1ad 201d 21 21 21 21 21 21 21 21
FIXUPS: 676ad 21 21 21 24 d fffff6b1 22 d 3e d 43 13 13 46 1b 4e 51 50
FIXUPS: 646ba 31 1c 5 37c6 21 26 21 26 d fffff25c 3d 31 2f 21 21 21 21
FIXUPS: 6730b 21 21 21 21 21 21 21 21 21 21 24 14 58 1e 1e 21 21 2b3 3e
FIXUPS: 6786e 46 1a 44 10 d 70 19 79 19 58 6d 19 79 19 58 57 3d 31 2f 1e
FIXUPS: 67d63 34 26 21 26 14 5d 1e 1e 18b7 13 2d 69 2f 24 c4 12 10 ffffe6c5
FIXUPS: 68025 1b 1a 45 d 43 13 13 3a d 43 13 13 48 1c 50 5c 51 fffff49b
FIXUPS: 677ce 33 8 142e 1b4 47 14 12 12 16 111 2e 44 24 dc 17 6f 18 18
FIXUPS: 6939e 12 12 10 3d 4e 85 12 10 65 18 18 161 12 12 10 11e2 ffffda59
FIXUPS: 68392 42 10 9d 13 1f 26 23 64 68 5d 4d 14 1f 28 26 25062 b c fffdaff5
FIXUPS: 68774 13 6a 13 13 196 1ec 3a 15 18 1886 31 2f 3e 31 25 1e 25 1e
FIXUPS: 6a600 1e 25 1e 25 1e 25 14 58 1e 1e 1e 25 1e 25 1e 25 1e 25 1e
FIXUPS: 6a8c0 1e 25 fffff683 29 16 29 16 29 16 29 16 29 16 bc 4b 16 29
FIXUPS: 6a21d 29 16 29 16 29 16 29 16 29 16 29 16 29 16 17 5c b2f 21 d
FIXUPS: 69a42 10 33 d 117 1c 1c 1c 1c 1c 1c 1c 1c 1a 17 17 17 17 17 17
FIXUPS: 69d44 17 158 16 29 16 29 16 29 aa1 1f 44 1a 5b 3d 31 32 21 21 21
FIXUPS: 6ac0a 3f 31 45 3d 26 21 21 21 14 6c 1e 21 21 21 21 21 1e 2a 26
FIXUPS: 6af57
