 ISDaeCOSolver

 Timestamp is 3b873086 (Sat Aug 25 00:58:46 2001)

 Preferred load address is 10000000

 Start         Length     Name                   Class
 0001:00000000 0005aa92H .text                   CODE
 0001:0005aaa0 000018c0H .text$x                 CODE
 0002:00000000 00002635H .rdata                  DATA
 0002:00002638 00001c70H .xdata$x                DATA
 0002:000042b0 00002b89H .edata                  DATA
 0003:00000000 00000004H .CRT$XCA                DATA
 0003:00000004 00000004H .CRT$XCZ                DATA
 0003:00000008 00000004H .CRT$XIA                DATA
 0003:0000000c 00000004H .CRT$XIZ                DATA
 0003:00000010 00000760H .data                   DATA
 0003:00000770 00000530H .bss                    DATA
 0004:00000000 000000b4H .idata$2                DATA
 0004:000000b4 00000014H .idata$3                DATA
 0004:000000c8 000001c8H .idata$4                DATA
 0004:00000290 000001c8H .idata$5                DATA
 0004:00000458 00000572H .idata$6                DATA
 0005:00000000 000002a4H .rsrc$01                DATA
 0005:000002b0 00007168H .rsrc$02                DATA

  Address         Publics by Value              Rva+Base     Lib:Object

 0001:00000000       ??_Estringdispid@CComTypeInfoHolder@ATL@@QAEPAXI@Z 10001000 f i BandedInfo.obj
 0001:000000a0       ??1stringdispid@CComTypeInfoHolder@ATL@@QAE@XZ 100010a0 f i BandedInfo.obj
 0001:000000e0       ??1CComBSTR@ATL@@QAE@XZ    100010e0 f i BandedInfo.obj
 0001:00000130       ?isBanded@@YA_NJJPAPANAAJ1@Z 10001130 f   BandedInfo.obj
 0001:00000260       ?isBandedCompact@@YA_NAAVMatInfo@@PAJJ1@Z 10001260 f   BandedInfo.obj
 0001:000003d0       ?GetCPPPtr@CIsDaeEsoBase@@UAGJPAK@Z 100013d0 f i ConsistentInitialization.obj
 0001:00000400       ?get_Type@CIsDaeEsoBase@@UAGJPAW4EsoType@@@Z 10001400 f i ConsistentInitialization.obj
 0001:00000450       ?iEvalStateCondition@CIsDaeEsoBase@@UAEJPA_NNJJPAF@Z 10001450 f i ConsistentInitialization.obj
 0001:00000480       ?get_ContainerIndex@CIsDaeEsoBase@@UAGJPAJ@Z 10001480 f i ConsistentInitialization.obj
 0001:000004c0       ?put_ContainerIndex@CIsDaeEsoBase@@UAGJJ@Z 100014c0 f i ConsistentInitialization.obj
 0001:000004f0       ??0CIsDaeEsoBase@@QAE@ABV0@@Z 100014f0 f i ConsistentInitialization.obj
 0001:00000a50       ??4CIsDaeEsoBase@@QAEAAV0@ABV0@@Z 10001a50 f i ConsistentInitialization.obj
 0001:00000fb0       ??_GCIsDaeEsoBase@@UAEPAXI@Z 10001fb0 f i ConsistentInitialization.obj
 0001:00001010       ??_ECIsDaeEsoBase@@UAEPAXI@Z 10002010 f i ConsistentInitialization.obj
 0001:000010b0       ?ConsistentInitialization@@YAJAAPAJ0PAVCIsDaeEsoBase@@AAPAV?$CComObject@VCIsCINlaEso@@@ATL@@1JPAJJ3J@Z 100020b0 f   ConsistentInitialization.obj
 0001:00002ab0       ?AtlTrace@ATL@@YAXPBDZZ    10003ab0 f i ConsistentInitialization.obj
 0001:00002b70       ?SetNlaSolver@CIsCINlaEso@@QAEXPAUIIsNlaSolver@@@Z 10003b70 f i ConsistentInitialization.obj
 0001:00002bb0       ?replaceEquations@@YAXPAJPAVFlatModel@@0J0J@Z 10003bb0 f   ConsistentInitialization.obj
 0001:00002cd0       ?addTransitionEquations@@YAXPAVFlatModel@@JPAJJAAJAAPAJ@Z 10003cd0 f   ConsistentInitialization.obj
 0001:00002e00       ?replaceTransitionEquations@@YAXPAVFlatModel@@PAJJ1J@Z 10003e00 f   ConsistentInitialization.obj
 0001:00002ee0       ?ResizeCompactStructure@@YAXJJJJAAPAJ00@Z 10003ee0 f   ConsistentInitialization.obj
 0001:00003040       ?DiffOrder@@YAXPAJJAAPAJ@Z 10004040 f   ConsistentInitialization.obj
 0001:00003100       ?printMat@@YAXJJPAJPAPAJ@Z 10004100 f   ConsistentInitialization.obj
 0001:00003220       ?printMat2@@YAXJJPAJ0@Z    10004220 f   ConsistentInitialization.obj
 0001:000032d0       ?printMat3@@YAXJJPAJ0PAN@Z 100042d0 f   ConsistentInitialization.obj
 0001:00003380       ?printMat@@YAXJJPAJ0@Z     10004380 f   ConsistentInitialization.obj
 0001:00003770       ?printMat@@YAXJJPAPAN@Z    10004770 f   ConsistentInitialization.obj
 0001:00003810       ?printMat@@YAXJJPAPA_N@Z   10004810 f   ConsistentInitialization.obj
 0001:000038d0       ?printMatWithOrder@@YAXJJPAJ000@Z 100048d0 f   ConsistentInitialization.obj
 0001:00003e40       ?printMatToConsole@@YAXJPAJ0@Z 10004e40 f   ConsistentInitialization.obj
 0001:00004110       ?printEqnBlocks@@YAXJJPAJ0@Z 10005110 f   ConsistentInitialization.obj
 0001:000042e0       ?printNote@@YAXPAD@Z       100052e0 f   ConsistentInitialization.obj
 0001:00004390       ?printVec@@YAXPADPAJJ@Z    10005390 f   ConsistentInitialization.obj
 0001:00004510       ?printVec@@YAXPADPA_NJ@Z   10005510 f   ConsistentInitialization.obj
 0001:000045a0       ?printVec@@YAXPADPAJ1J@Z   100055a0 f   ConsistentInitialization.obj
 0001:00004620       ?printVec@@YAXPADPANJ@Z    10005620 f   ConsistentInitialization.obj
 0001:000047b0       ?printOriginalOrder@@YAXJJJPAJ0000@Z 100057b0 f   ConsistentInitialization.obj
 0001:00004900       ??4?$CComPtr@UIIsNlaSolver@@@ATL@@QAEPAUIIsNlaSolver@@PAU2@@Z 10005900 f i ConsistentInitialization.obj
 0001:00004940       ?AtlComPtrAssign@ATL@@YGPAUIUnknown@@PAPAU2@PAU2@@Z 10005940 f i ConsistentInitialization.obj
 0001:000049c0       ?CreateInstance@?$CComObject@VCIsCINlaEso@@@ATL@@SGJPAPAV12@@Z 100059c0 f i ConsistentInitialization.obj
 0001:00004b20       ?FinalConstruct@CComObjectRootBase@ATL@@QAEJXZ 10005b20 f i ConsistentInitialization.obj
 0001:00004b50       ?SetVoid@CComObjectRootBase@ATL@@QAEXPAX@Z 10005b50 f i ConsistentInitialization.obj
 0001:00004b80       ?InternalFinalConstructAddRef@CIsCINlaEso@@QAEXXZ 10005b80 f i ConsistentInitialization.obj
 0001:00004bc0       ?InternalAddRef@?$CComObjectRootEx@VCComSingleThreadModel@ATL@@@ATL@@QAEKXZ 10005bc0 f i ConsistentInitialization.obj
 0001:00004c30       ?Increment@CComSingleThreadModel@ATL@@SGKPAJ@Z 10005c30 f i ConsistentInitialization.obj
 0001:00004c70       ?InternalFinalConstructRelease@CIsCINlaEso@@QAEXXZ 10005c70 f i ConsistentInitialization.obj
 0001:00004cb0       ?InternalRelease@?$CComObjectRootEx@VCComSingleThreadModel@ATL@@@ATL@@QAEKXZ 10005cb0 f i ConsistentInitialization.obj
 0001:00004cf0       ?Decrement@CComSingleThreadModel@ATL@@SGKPAJ@Z 10005cf0 f i ConsistentInitialization.obj
 0001:00004d30       ?size_ptr_array@@YAJJJAAJAAPAPAVModelEqnMap@@J@Z 10005d30 f i ConsistentInitialization.obj
 0001:00004e50       ?size_ptr_array@@YAJJJAAJAAPAPAVModelVarMap@@J@Z 10005e50 f i ConsistentInitialization.obj
 0001:00004f70       ?CreateInstance@?$CComObject@VCIsNlaSolver@@@ATL@@SGJPAPAV12@@Z 10005f70 f i ConsistentInitialization.obj
 0001:000050c0       ?InternalFinalConstructAddRef@CIsNlaSolver@@QAEXXZ 100060c0 f i ConsistentInitialization.obj
 0001:00005100       ?InternalFinalConstructRelease@CIsNlaSolver@@QAEXXZ 10006100 f i ConsistentInitialization.obj
 0001:00005140       ??0?$CComObject@VCIsCINlaEso@@@ATL@@QAE@PAX@Z 10006140 f i ConsistentInitialization.obj
 0001:000051d0       ?Lock@CComModule@ATL@@QAEJXZ 100061d0 f i ConsistentInitialization.obj
 0001:00005210       ?Increment@CComMultiThreadModel@ATL@@SGKPAJ@Z 10006210 f i ConsistentInitialization.obj
 0001:00005250       ?GetTypeInfoCount@?$IDispatchImpl@UIIsNlaEso@@$1?IID_IIsNlaEso@@3U_GUID@@B$1?LIBID_ISDAECOSOLVERLib@@3U3@B$00$0A@VCComTypeInfoHolder@ATL@@@ATL@@UAGJPAI@Z 10006250 f i ConsistentInitialization.obj
 0001:00005280       ?GetTypeInfo@?$IDispatchImpl@UIIsNlaEso@@$1?IID_IIsNlaEso@@3U_GUID@@B$1?LIBID_ISDAECOSOLVERLib@@3U3@B$00$0A@VCComTypeInfoHolder@ATL@@@ATL@@UAGJIKPAPAUITypeInfo@@@Z 10006280 f i ConsistentInitialization.obj
 0001:000052d0       ?GetTypeInfo@CComTypeInfoHolder@ATL@@QAEJIKPAPAUITypeInfo@@@Z 100062d0 f i ConsistentInitialization.obj
 0001:00005330       ?GetTI@CComTypeInfoHolder@ATL@@QAEJKPAPAUITypeInfo@@@Z 10006330 f i ConsistentInitialization.obj
 0001:000053c0       ?GetTI@CComTypeInfoHolder@ATL@@QAEJK@Z 100063c0 f i ConsistentInitialization.obj
 0001:00005620       ?InlineIsEqualGUID@ATL@@YAHABU_GUID@@0@Z 10006620 f i ConsistentInitialization.obj
 0001:00005690       ?AddTermFunc@CComModule@ATL@@QAEJP6GXK@ZK@Z 10006690 f i ConsistentInitialization.obj
 0001:000056e0       ?AtlModuleAddTermFunc@ATL@@YGJPAU_ATL_MODULE@1@P6GXK@ZK@Z 100066e0 f i ConsistentInitialization.obj
 0001:000057a0       ?Cleanup@CComTypeInfoHolder@ATL@@SGXK@Z 100067a0 f i ConsistentInitialization.obj
 0001:00005840       ?LoadNameCache@CComTypeInfoHolder@ATL@@QAEJPAUITypeInfo@@@Z 10006840 f i ConsistentInitialization.obj
 0001:00005a90       ??0CComBSTR@ATL@@QAE@XZ    10006a90 f i ConsistentInitialization.obj
 0001:00005ac0       ??BCComBSTR@ATL@@QBEPAGXZ  10006ac0 f i ConsistentInitialization.obj
 0001:00005af0       ??ICComBSTR@ATL@@QAEPAPAGXZ 10006af0 f i ConsistentInitialization.obj
 0001:00005b20       ?Attach@CComBSTR@ATL@@QAEXPAG@Z 10006b20 f i ConsistentInitialization.obj
 0001:00005ba0       ?Detach@CComBSTR@ATL@@QAEPAGXZ 10006ba0 f i ConsistentInitialization.obj
 0001:00005be0       ??0stringdispid@CComTypeInfoHolder@ATL@@QAE@XZ 10006be0 f i ConsistentInitialization.obj
 0001:00005c20       ??0?$CComPtr@UITypeInfo@@@ATL@@QAE@XZ 10006c20 f i ConsistentInitialization.obj
 0001:00005c50       ??0?$CComPtr@UITypeInfo@@@ATL@@QAE@ABV01@@Z 10006c50 f i ConsistentInitialization.obj
 0001:00005cb0       ??1?$CComPtr@UITypeInfo@@@ATL@@QAE@XZ 10006cb0 f i ConsistentInitialization.obj
 0001:00005d00       ??B?$CComPtr@UITypeInfo@@@ATL@@QBEPAUITypeInfo@@XZ 10006d00 f i ConsistentInitialization.obj
 0001:00005d30       ??I?$CComPtr@UITypeInfo@@@ATL@@QAEPAPAUITypeInfo@@XZ 10006d30 f i ConsistentInitialization.obj
 0001:00005da0       ??C?$CComPtr@UITypeInfo@@@ATL@@QBEPAV?$_NoAddRefReleaseOnCComPtr@UITypeInfo@@@1@XZ 10006da0 f i ConsistentInitialization.obj
 0001:00005e10       ??4?$CComPtr@UITypeInfo@@@ATL@@QAEPAUITypeInfo@@PAU2@@Z 10006e10 f i ConsistentInitialization.obj
 0001:00005e50       ?Detach@?$CComPtr@UITypeInfo@@@ATL@@QAEPAUITypeInfo@@XZ 10006e50 f i ConsistentInitialization.obj
 0001:00005e90       ??0?$CComPtr@UITypeInfo2@@@ATL@@QAE@XZ 10006e90 f i ConsistentInitialization.obj
 0001:00005ec0       ??1?$CComPtr@UITypeInfo2@@@ATL@@QAE@XZ 10006ec0 f i ConsistentInitialization.obj
 0001:00005f10       ??B?$CComPtr@UITypeInfo2@@@ATL@@QBEPAUITypeInfo2@@XZ 10006f10 f i ConsistentInitialization.obj
 0001:00005f40       ??I?$CComPtr@UITypeInfo2@@@ATL@@QAEPAPAUITypeInfo2@@XZ 10006f40 f i ConsistentInitialization.obj
 0001:00005fb0       ?GetIDsOfNames@?$IDispatchImpl@UIIsNlaEso@@$1?IID_IIsNlaEso@@3U_GUID@@B$1?LIBID_ISDAECOSOLVERLib@@3U3@B$00$0A@VCComTypeInfoHolder@ATL@@@ATL@@UAGJABU_GUID@@PAPAGIKPAJ@Z 10006fb0 f i ConsistentInitialization.obj
 0001:00006000       ?GetIDsOfNames@CComTypeInfoHolder@ATL@@QAEJABU_GUID@@PAPAGIKPAJ@Z 10007000 f i ConsistentInitialization.obj
 0001:00006150       ?ocslen@@YAIPBG@Z          10007150 f i ConsistentInitialization.obj
 0001:00006190       ?EnsureTI@CComTypeInfoHolder@ATL@@QAEJK@Z 10007190 f i ConsistentInitialization.obj
 0001:000061f0       ?Invoke@?$IDispatchImpl@UIIsNlaEso@@$1?IID_IIsNlaEso@@3U_GUID@@B$1?LIBID_ISDAECOSOLVERLib@@3U3@B$00$0A@VCComTypeInfoHolder@ATL@@@ATL@@UAGJJABU_GUID@@KGPAUtagDISPPARAMS@@PAUtagVARIANT@@PAUtagEXCEPINFO@@PAI@Z 100071f0 f i ConsistentInitialization.obj
 0001:00006250       ?Invoke@CComTypeInfoHolder@ATL@@QAEJPAUIDispatch@@JABU_GUID@@KGPAUtagDISPPARAMS@@PAUtagVARIANT@@PAUtagEXCEPINFO@@PAI@Z 10007250 f i ConsistentInitialization.obj
 0001:000062e0       ?AddRef@?$CComObject@VCIsCINlaEso@@@ATL@@UAGKXZ 100072e0 f i ConsistentInitialization.obj
 0001:00006320       ?Release@?$CComObject@VCIsCINlaEso@@@ATL@@UAGKXZ 10007320 f i ConsistentInitialization.obj
 0001:000063a0       ?QueryInterface@?$CComObject@VCIsCINlaEso@@@ATL@@UAGJABU_GUID@@PAPAX@Z 100073a0 f i ConsistentInitialization.obj
 0001:000063e0       ?_InternalQueryInterface@CIsCINlaEso@@QAEJABU_GUID@@PAPAX@Z 100073e0 f i ConsistentInitialization.obj
 0001:00006430       ?InternalQueryInterface@CComObjectRootBase@ATL@@SGJPAXPBU_ATL_INTMAP_ENTRY@2@ABU_GUID@@PAPAX@Z 10007430 f i ConsistentInitialization.obj
 0001:000064f0       ?AtlInternalQueryInterface@ATL@@YGJPAXPBU_ATL_INTMAP_ENTRY@1@ABU_GUID@@PAPAX@Z 100074f0 f i ConsistentInitialization.obj
 0001:000066e0       ?InlineIsEqualUnknown@ATL@@YAHABU_GUID@@@Z 100076e0 f i ConsistentInitialization.obj
 0001:00006740       ?_GetEntries@CIsCINlaEso@@SGPBU_ATL_INTMAP_ENTRY@ATL@@XZ 10007740 f i ConsistentInitialization.obj
 0001:00006770       ??_E?$CComObject@VCIsCINlaEso@@@ATL@@UAEPAXI@Z 10007770 f i ConsistentInitialization.obj
 0001:00006770       ??_G?$CComObject@VCIsCINlaEso@@@ATL@@UAEPAXI@Z 10007770 f i ConsistentInitialization.obj
 0001:000067d0       ??1?$CComObject@VCIsCINlaEso@@@ATL@@UAE@XZ 100077d0 f i ConsistentInitialization.obj
 0001:00006870       ?Unlock@CComModule@ATL@@QAEJXZ 10007870 f i ConsistentInitialization.obj
 0001:000068b0       ?Decrement@CComMultiThreadModel@ATL@@SGKPAJ@Z 100078b0 f i ConsistentInitialization.obj
 0001:000068f0       ?FinalRelease@CComObjectRootBase@ATL@@QAEXXZ 100078f0 f i ConsistentInitialization.obj
 0001:00006920       ?QueryInterface@IUnknown@@QAGJPAPAUITypeInfo2@@@Z 10007920 f i ConsistentInitialization.obj
 0001:00006970       ??0?$CComObject@VCIsNlaSolver@@@ATL@@QAE@PAX@Z 10007970 f i ConsistentInitialization.obj
 0001:00006a00       ?SetEso@CIsNlaSolver@@UAGJPAUIIsNlaEso@@@Z 10007a00 f i ConsistentInitialization.obj
 0001:00006a30       ?GetTypeInfoCount@?$IDispatchImpl@UIIsNlaSolver@@$1?IID_IIsNlaSolver@@3U_GUID@@B$1?LIBID_ISDAECOSOLVERLib@@3U3@B$00$0A@VCComTypeInfoHolder@ATL@@@ATL@@UAGJPAI@Z 10007a30 f i ConsistentInitialization.obj
 0001:00006a60       ?GetTypeInfo@?$IDispatchImpl@UIIsNlaSolver@@$1?IID_IIsNlaSolver@@3U_GUID@@B$1?LIBID_ISDAECOSOLVERLib@@3U3@B$00$0A@VCComTypeInfoHolder@ATL@@@ATL@@UAGJIKPAPAUITypeInfo@@@Z 10007a60 f i ConsistentInitialization.obj
 0001:00006ab0       ?GetIDsOfNames@?$IDispatchImpl@UIIsNlaSolver@@$1?IID_IIsNlaSolver@@3U_GUID@@B$1?LIBID_ISDAECOSOLVERLib@@3U3@B$00$0A@VCComTypeInfoHolder@ATL@@@ATL@@UAGJABU_GUID@@PAPAGIKPAJ@Z 10007ab0 f i ConsistentInitialization.obj
 0001:00006b00       ?Invoke@?$IDispatchImpl@UIIsNlaSolver@@$1?IID_IIsNlaSolver@@3U_GUID@@B$1?LIBID_ISDAECOSOLVERLib@@3U3@B$00$0A@VCComTypeInfoHolder@ATL@@@ATL@@UAGJJABU_GUID@@KGPAUtagDISPPARAMS@@PAUtagVARIANT@@PAUtagEXCEPINFO@@PAI@Z 10007b00 f i ConsistentInitialization.obj
 0001:00006b60       ?AddRef@?$CComObject@VCIsNlaSolver@@@ATL@@UAGKXZ 10007b60 f i ConsistentInitialization.obj
 0001:00006ba0       ?Release@?$CComObject@VCIsNlaSolver@@@ATL@@UAGKXZ 10007ba0 f i ConsistentInitialization.obj
 0001:00006c20       ?QueryInterface@?$CComObject@VCIsNlaSolver@@@ATL@@UAGJABU_GUID@@PAPAX@Z 10007c20 f i ConsistentInitialization.obj
 0001:00006c60       ?_InternalQueryInterface@CIsNlaSolver@@QAEJABU_GUID@@PAPAX@Z 10007c60 f i ConsistentInitialization.obj
 0001:00006cb0       ?_GetEntries@CIsNlaSolver@@SGPBU_ATL_INTMAP_ENTRY@ATL@@XZ 10007cb0 f i ConsistentInitialization.obj
 0001:00006ce0       ??_E?$CComObject@VCIsNlaSolver@@@ATL@@UAEPAXI@Z 10007ce0 f i ConsistentInitialization.obj
 0001:00006ce0       ??_G?$CComObject@VCIsNlaSolver@@@ATL@@UAEPAXI@Z 10007ce0 f i ConsistentInitialization.obj
 0001:00006d40       ??1?$CComObject@VCIsNlaSolver@@@ATL@@UAE@XZ 10007d40 f i ConsistentInitialization.obj
 0001:00006de0       ?QueryInterface@?$CComObject@VCIsNlaSolver@@@ATL@@W3AGJABU_GUID@@PAPAX@Z 10007de0 f i ConsistentInitialization.obj
 0001:00006df0       ?AddRef@?$CComObject@VCIsNlaSolver@@@ATL@@W3AGKXZ 10007df0 f i ConsistentInitialization.obj
 0001:00006e00       ?Release@?$CComObject@VCIsNlaSolver@@@ATL@@W3AGKXZ 10007e00 f i ConsistentInitialization.obj
 0001:00006e10       ?QueryInterface@?$CComObject@VCIsCINlaEso@@@ATL@@W3AGJABU_GUID@@PAPAX@Z 10007e10 f i ConsistentInitialization.obj
 0001:00006e20       ?AddRef@?$CComObject@VCIsCINlaEso@@@ATL@@W3AGKXZ 10007e20 f i ConsistentInitialization.obj
 0001:00006e30       ?Release@?$CComObject@VCIsCINlaEso@@@ATL@@W3AGKXZ 10007e30 f i ConsistentInitialization.obj
 0001:00006e40       ??0ConverganceInfo@@QAE@XZ 10007e40 f   ConvergenceInfo.obj
 0001:00006f60       ??1ConverganceInfo@@QAE@XZ 10007f60 f   ConvergenceInfo.obj
 0001:00006f90       ??0IndexInfo@@QAE@XZ       10007f90 f   IndexInfo.obj
 0001:00006fd0       ??1IndexInfo@@QAE@XZ       10007fd0 f   IndexInfo.obj
 0001:00007010       ?Destroy@IndexInfo@@QAEXXZ 10008010 f   IndexInfo.obj
 0001:00007070       ?Init@IndexInfo@@QAEXJ@Z   10008070 f   IndexInfo.obj
 0001:00007110       ??0CIsCINlaEso@@QAE@XZ     10008110 f   IsCINlaEso.obj
 0001:00007280       ??0?$CComObjectRootEx@VCComSingleThreadModel@ATL@@@ATL@@QAE@XZ 10008280 f i IsCINlaEso.obj
 0001:000072c0       ??0CComObjectRootBase@ATL@@QAE@XZ 100082c0 f i IsCINlaEso.obj
 0001:000072f0       ??0ISupportErrorInfo@@QAE@XZ 100082f0 f i IsCINlaEso.obj
 0001:00007330       ??0?$IDispatchImpl@UIIsNlaEso@@$1?IID_IIsNlaEso@@3U_GUID@@B$1?LIBID_ISDAECOSOLVERLib@@3U3@B$00$0A@VCComTypeInfoHolder@ATL@@@ATL@@QAE@XZ 10008330 f i IsCINlaEso.obj
 0001:00007370       ??0IUnknown@@QAE@XZ        10008370 f i IsCINlaEso.obj
 0001:000073a0       ??0IIsNlaEso@@QAE@XZ       100083a0 f i IsCINlaEso.obj
 0001:000073e0       ??0IDispatch@@QAE@XZ       100083e0 f i IsCINlaEso.obj
 0001:00007420       ??1CIsCINlaEso@@UAE@XZ     10008420 f   IsCINlaEso.obj
 0001:000077f0       ??_GMatInfo@@QAEPAXI@Z     100087f0 f i IsCINlaEso.obj
 0001:00007850       ?InterfaceSupportsErrorInfo@CIsCINlaEso@@UAGJABU_GUID@@@Z 10008850 f   IsCINlaEso.obj
 0001:000078c0       ?GetNumEqns@CIsCINlaEso@@UAGJPAJ@Z 100088c0 f   IsCINlaEso.obj
 0001:000078f0       ?GetNumVars@CIsCINlaEso@@UAGJPAJ@Z 100088f0 f   IsCINlaEso.obj
 0001:00007920       ?GetAllVariables@CIsCINlaEso@@UAGJPAPAUtagSAFEARRAY@@@Z 10008920 f   IsCINlaEso.obj
 0001:000079d0       ?SetAllVariables@CIsCINlaEso@@UAGJPAPAUtagSAFEARRAY@@@Z 100089d0 f   IsCINlaEso.obj
 0001:00007a80       ?SetVariable@CIsCINlaEso@@UAGJJN@Z 10008a80 f   IsCINlaEso.obj
 0001:00007af0       ?GetJacobianStruct@CIsCINlaEso@@UAGJPAJPAPAUtagSAFEARRAY@@11@Z 10008af0 f   IsCINlaEso.obj
 0001:00007d30       ?GetJacobianValues@CIsCINlaEso@@UAGJPAPAUtagSAFEARRAY@@0@Z 10008d30 f   IsCINlaEso.obj
 0001:000082b0       ?GetAllJacobianValues@CIsCINlaEso@@UAGJPAPAUtagSAFEARRAY@@0@Z 100092b0 f   IsCINlaEso.obj
 0001:00008430       ?GetResiduals@CIsCINlaEso@@UAGJPAPAUtagSAFEARRAY@@0@Z 10009430 f   IsCINlaEso.obj
 0001:00008590       ?OneVarSolver@CIsCINlaEso@@IAEJXZ 10009590 f   IsCINlaEso.obj
 0001:00008800       ?ReadEsoVariables@CIsCINlaEso@@IAEXXZ 10009800 f   IsCINlaEso.obj
 0001:00008900       ?WriteEsoVariables@CIsCINlaEso@@IAEXXZ 10009900 f   IsCINlaEso.obj
 0001:00008ac0       ?WriteBlockVariables@CIsCINlaEso@@IAEXXZ 10009ac0 f   IsCINlaEso.obj
 0001:00008c90       ?WriteBlockVariable@CIsCINlaEso@@IAEXJ@Z 10009c90 f   IsCINlaEso.obj
 0001:00008e30       ?GetResidual@CIsCINlaEso@@UAGJJPAPAUtagSAFEARRAY@@PAN@Z 10009e30 f   IsCINlaEso.obj
 0001:00008f20       ?evalEqn@CIsCINlaEso@@IAE_NJAANJN@Z 10009f20 f   IsCINlaEso.obj
 0001:00009160       ?evalDiffEqn@CIsCINlaEso@@IAE_NJAAN@Z 1000a160 f   IsCINlaEso.obj
 0001:00009610       ?compute_dg_dt@CIsCINlaEso@@IAEXNPAN0AANJJ@Z 1000a610 f   IsCINlaEso.obj
 0001:000097a0       ?compute_deltaG@CIsCINlaEso@@IAEXNNNAAN@Z 1000a7a0 f   IsCINlaEso.obj
 0001:000098c0       ?compute_dfi_dj@CIsCINlaEso@@IAE_NJJNAAN@Z 1000a8c0 f   IsCINlaEso.obj
 0001:000099a0       ?SetCIData@CIsCINlaEso@@QAEXJJJJPAJ000PAVCIsDaeEsoBase@@1J@Z 1000a9a0 f   IsCINlaEso.obj
 0001:00009ce0       ?SetTriangularizationData@CIsCINlaEso@@QAEXPAJ00000J00@Z 1000ace0 f   IsCINlaEso.obj
 0001:0000a070       ?Solve@CIsCINlaEso@@UAGJXZ 1000b070 f   IsCINlaEso.obj
 0001:0000a570       ?initialize_dg_dt@CIsCINlaEso@@IAEXXZ 1000b570 f   IsCINlaEso.obj
 0001:0000a6c0       ?initializeJacobian@CIsCINlaEso@@IAEXXZ 1000b6c0 f   IsCINlaEso.obj
 0001:0000ab10       ??0?$CComPtr@UIIsNlaSolver@@@ATL@@QAE@XZ 1000bb10 f i IsCINlaEso.obj
 0001:0000ab40       ??1?$CComPtr@UIIsNlaSolver@@@ATL@@QAE@XZ 1000bb40 f i IsCINlaEso.obj
 0001:0000ab90       ??C?$CComPtr@UIIsNlaSolver@@@ATL@@QBEPAV?$_NoAddRefReleaseOnCComPtr@UIIsNlaSolver@@@1@XZ 1000bb90 f i IsCINlaEso.obj
 0001:0000ac00       ?ObjectMain@CComObjectRootBase@ATL@@SGX_N@Z 1000bc00 f i ISDaeCOSolver.obj
 0001:0000ac30       ?UpdateRegistry@CIsDaeSolver@@SGJH@Z 1000bc30 f i ISDaeCOSolver.obj
 0001:0000ac70       ?UpdateRegistryFromResourceD@CComModule@ATL@@QAGJIHPAU_ATL_REGMAP_ENTRY@2@@Z 1000bc70 f i ISDaeCOSolver.obj
 0001:0000acc0       ?AtlModuleUpdateRegistryFromResourceD@ATL@@YGJPAU_ATL_MODULE@1@PBGHPAU_ATL_REGMAP_ENTRY@1@PAUIRegistrar@@@Z 1000bcc0 f i ISDaeCOSolver.obj
 0001:0000b130       ?T2OLE@@YAPAGPAG@Z         1000c130 f i ISDaeCOSolver.obj
 0001:0000b160       ?ReplaceSingleQuote@CComModule@ATL@@SAXPAGPBG@Z 1000c160 f i ISDaeCOSolver.obj
 0001:0000b1e0       ?UpdateRegistry@CIsMatrix@@SGJH@Z 1000c1e0 f i ISDaeCOSolver.obj
 0001:0000b220       ?UpdateRegistry@CIsNlaSolver@@SGJH@Z 1000c220 f i ISDaeCOSolver.obj
 0001:0000b260       ?UpdateRegistry@CIsCINlaEso@@SGJH@Z 1000c260 f i ISDaeCOSolver.obj
 0001:0000b2a0       ?UpdateRegistry@CIsDaeEsoIImpl@@SGJH@Z 1000c2a0 f i ISDaeCOSolver.obj
 0001:0000b2e0       ?UpdateRegistry@CIsDaeEsoCImpl@@SGJH@Z 1000c2e0 f i ISDaeCOSolver.obj
 0001:0000b320       ?UpdateRegistry@COnModelExec@@SGJH@Z 1000c320 f i ISDaeCOSolver.obj
 0001:0000b360       ?UpdateRegistry@COnTest@@SGJH@Z 1000c360 f i ISDaeCOSolver.obj
 0001:0000b3a0       _DllMain@12                1000c3a0 f   ISDaeCOSolver.obj
 0001:0000b420       ?Init@CComModule@ATL@@QAEJPAU_ATL_OBJMAP_ENTRY@2@PAUHINSTANCE__@@PBU_GUID@@@Z 1000c420 f i ISDaeCOSolver.obj
 0001:0000b4b0       ?Term@CComModule@ATL@@QAEXXZ 1000c4b0 f i ISDaeCOSolver.obj
 0001:0000b4f0       ?AtlModuleInit@ATL@@YGJPAU_ATL_MODULE@1@PAU_ATL_OBJMAP_ENTRY@1@PAUHINSTANCE__@@@Z 1000c4f0 f i ISDaeCOSolver.obj
 0001:0000b6a0       ?_NextObjectMapEntry@ATL@@YAPAU_ATL_OBJMAP_ENTRY@1@PAU_ATL_MODULE@1@PAU21@@Z 1000c6a0 f i ISDaeCOSolver.obj
 0001:0000b6e0       ?AtlModuleTerm@ATL@@YGJPAU_ATL_MODULE@1@@Z 1000c6e0 f i ISDaeCOSolver.obj
 0001:0000b900       _DllCanUnloadNow@0         1000c900 f   ISDaeCOSolver.obj
 0001:0000b940       ?GetLockCount@CComModule@ATL@@QAEJXZ 1000c940 f i ISDaeCOSolver.obj
 0001:0000b970       _DllGetClassObject@12      1000c970 f   ISDaeCOSolver.obj
 0001:0000b9c0       ?GetClassObject@CComModule@ATL@@QAEJABU_GUID@@0PAPAX@Z 1000c9c0 f i ISDaeCOSolver.obj
 0001:0000ba10       ?AtlModuleGetClassObject@ATL@@YGJPAU_ATL_MODULE@1@ABU_GUID@@1PAPAX@Z 1000ca10 f i ISDaeCOSolver.obj
 0001:0000bbe0       _DllRegisterServer@0       1000cbe0 f   ISDaeCOSolver.obj
 0001:0000bc20       ?RegisterServer@CComModule@ATL@@QAEJHPBU_GUID@@@Z 1000cc20 f i ISDaeCOSolver.obj
 0001:0000bc70       ?AtlModuleRegisterServer@ATL@@YGJPAU_ATL_MODULE@1@HPBU_GUID@@@Z 1000cc70 f i ISDaeCOSolver.obj
 0001:0000be40       ?IsEqualGUID@@YAHABU_GUID@@0@Z 1000ce40 f i ISDaeCOSolver.obj
 0001:0000be80       ?AtlRegisterClassCategoriesHelper@ATL@@YGJABU_GUID@@PBU_ATL_CATMAP_ENTRY@1@H@Z 1000ce80 f i ISDaeCOSolver.obj
 0001:0000c120       ?AtlModuleRegisterTypeLib@ATL@@YGJPAU_ATL_MODULE@1@PBG@Z 1000d120 f i ISDaeCOSolver.obj
 0001:0000c240       ?ocscpy@@YAPAGPAGPBG@Z     1000d240 f i ISDaeCOSolver.obj
 0001:0000c350       ?CharNextO@@YAPAGPBG@Z     1000d350 f i ISDaeCOSolver.obj
 0001:0000c390       ?AtlModuleLoadTypeLib@ATL@@YGJPAU_ATL_MODULE@1@PBGPAPAGPAPAUITypeLib@@@Z 1000d390 f i ISDaeCOSolver.obj
 0001:0000c5e0       ?OLE2CT@@YAPBGPBG@Z        1000d5e0 f i ISDaeCOSolver.obj
 0001:0000c610       ?OLE2BSTR@@YAPAGPBG@Z      1000d610 f i ISDaeCOSolver.obj
 0001:0000c650       _DllUnregisterServer@0     1000d650 f   ISDaeCOSolver.obj
 0001:0000c690       ?UnregisterServer@CComModule@ATL@@QAEJHPBU_GUID@@@Z 1000d690 f i ISDaeCOSolver.obj
 0001:0000c6e0       ?AtlModuleUnregisterServerEx@ATL@@YGJPAU_ATL_MODULE@1@HPBU_GUID@@@Z 1000d6e0 f i ISDaeCOSolver.obj
 0001:0000c890       ?AtlModuleUnRegisterTypeLib@ATL@@YGJPAU_ATL_MODULE@1@PBG@Z 1000d890 f i ISDaeCOSolver.obj
 0001:0000ca20       ?dlamch@@YAND@Z            1000da20 f   ISDaeCOSolver.obj
 0001:0000cd20       ?dlamc1@@YAXAAH0AA_N1@Z    1000dd20 f   ISDaeCOSolver.obj
 0001:0000d090       ?dlamc2@@YAXAAH0AA_NAAN0202@Z 1000e090 f   ISDaeCOSolver.obj
 0001:0000d8c0       ?dlamc3@@YANNN@Z           1000e8c0 f   ISDaeCOSolver.obj
 0001:0000d8f0       ?dlamc4@@YAXAAHAAN0@Z      1000e8f0 f   ISDaeCOSolver.obj
 0001:0000daf0       ?dlamc5@@YAXAAH00AA_N0AAN@Z 1000eaf0 f   ISDaeCOSolver.obj
 0001:0000dd10       ??0?$CComPtr@UICatRegister@@@ATL@@QAE@XZ 1000ed10 f i ISDaeCOSolver.obj
 0001:0000dd40       ??1?$CComPtr@UICatRegister@@@ATL@@QAE@XZ 1000ed40 f i ISDaeCOSolver.obj
 0001:0000dd90       ??I?$CComPtr@UICatRegister@@@ATL@@QAEPAPAUICatRegister@@XZ 1000ed90 f i ISDaeCOSolver.obj
 0001:0000de00       ??C?$CComPtr@UICatRegister@@@ATL@@QBEPAV?$_NoAddRefReleaseOnCComPtr@UICatRegister@@@1@XZ 1000ee00 f i ISDaeCOSolver.obj
 0001:0000de70       ??0?$CComPtr@UIRegistrar@@@ATL@@QAE@XZ 1000ee70 f i ISDaeCOSolver.obj
 0001:0000dea0       ??1?$CComPtr@UIRegistrar@@@ATL@@QAE@XZ 1000eea0 f i ISDaeCOSolver.obj
 0001:0000def0       ??I?$CComPtr@UIRegistrar@@@ATL@@QAEPAPAUIRegistrar@@XZ 1000eef0 f i ISDaeCOSolver.obj
 0001:0000df60       ??C?$CComPtr@UIRegistrar@@@ATL@@QBEPAV?$_NoAddRefReleaseOnCComPtr@UIRegistrar@@@1@XZ 1000ef60 f i ISDaeCOSolver.obj
 0001:0000dfd0       ??4?$CComPtr@UIRegistrar@@@ATL@@QAEPAUIRegistrar@@PAU2@@Z 1000efd0 f i ISDaeCOSolver.obj
 0001:0000e010       ??0?$CComPtr@UITypeLib@@@ATL@@QAE@XZ 1000f010 f i ISDaeCOSolver.obj
 0001:0000e040       ??1?$CComPtr@UITypeLib@@@ATL@@QAE@XZ 1000f040 f i ISDaeCOSolver.obj
 0001:0000e090       ??B?$CComPtr@UITypeLib@@@ATL@@QBEPAUITypeLib@@XZ 1000f090 f i ISDaeCOSolver.obj
 0001:0000e0c0       ??I?$CComPtr@UITypeLib@@@ATL@@QAEPAPAUITypeLib@@XZ 1000f0c0 f i ISDaeCOSolver.obj
 0001:0000e130       ??C?$CComPtr@UITypeLib@@@ATL@@QBEPAV?$_NoAddRefReleaseOnCComPtr@UITypeLib@@@1@XZ 1000f130 f i ISDaeCOSolver.obj
 0001:0000e1a0       ?GetObjectDescription@?$CComCoClass@VCIsDaeSolver@@$1?CLSID_IsDaeSolver@@3U_GUID@@B@ATL@@SGPBGXZ 1000f1a0 f i ISDaeCOSolver.obj
 0001:0000e1d0       ?GetCategoryMap@?$CComCoClass@VCIsDaeSolver@@$1?CLSID_IsDaeSolver@@3U_GUID@@B@ATL@@SAPBU_ATL_CATMAP_ENTRY@2@XZ 1000f1d0 f i ISDaeCOSolver.obj
 0001:0000e200       ?GetObjectDescription@?$CComCoClass@VCIsMatrix@@$1?CLSID_IsMatrix@@3U_GUID@@B@ATL@@SGPBGXZ 1000f200 f i ISDaeCOSolver.obj
 0001:0000e230       ?GetCategoryMap@?$CComCoClass@VCIsMatrix@@$1?CLSID_IsMatrix@@3U_GUID@@B@ATL@@SAPBU_ATL_CATMAP_ENTRY@2@XZ 1000f230 f i ISDaeCOSolver.obj
 0001:0000e260       ?GetObjectDescription@?$CComCoClass@VCIsNlaSolver@@$1?CLSID_IsNlaSolver@@3U_GUID@@B@ATL@@SGPBGXZ 1000f260 f i ISDaeCOSolver.obj
 0001:0000e290       ?GetCategoryMap@?$CComCoClass@VCIsNlaSolver@@$1?CLSID_IsNlaSolver@@3U_GUID@@B@ATL@@SAPBU_ATL_CATMAP_ENTRY@2@XZ 1000f290 f i ISDaeCOSolver.obj
 0001:0000e2c0       ?GetObjectDescription@?$CComCoClass@VCIsCINlaEso@@$1?CLSID_IsCINlaEso@@3U_GUID@@B@ATL@@SGPBGXZ 1000f2c0 f i ISDaeCOSolver.obj
 0001:0000e2f0       ?GetCategoryMap@?$CComCoClass@VCIsCINlaEso@@$1?CLSID_IsCINlaEso@@3U_GUID@@B@ATL@@SAPBU_ATL_CATMAP_ENTRY@2@XZ 1000f2f0 f i ISDaeCOSolver.obj
 0001:0000e320       ?GetObjectDescription@?$CComCoClass@VCIsDaeEsoIImpl@@$1?CLSID_IsDaeEsoIImpl@@3U_GUID@@B@ATL@@SGPBGXZ 1000f320 f i ISDaeCOSolver.obj
 0001:0000e350       ?GetCategoryMap@?$CComCoClass@VCIsDaeEsoIImpl@@$1?CLSID_IsDaeEsoIImpl@@3U_GUID@@B@ATL@@SAPBU_ATL_CATMAP_ENTRY@2@XZ 1000f350 f i ISDaeCOSolver.obj
 0001:0000e380       ?GetObjectDescription@?$CComCoClass@VCIsDaeEsoCImpl@@$1?CLSID_IsDaeEsoCImpl@@3U_GUID@@B@ATL@@SGPBGXZ 1000f380 f i ISDaeCOSolver.obj
 0001:0000e3b0       ?GetCategoryMap@?$CComCoClass@VCIsDaeEsoCImpl@@$1?CLSID_IsDaeEsoCImpl@@3U_GUID@@B@ATL@@SAPBU_ATL_CATMAP_ENTRY@2@XZ 1000f3b0 f i ISDaeCOSolver.obj
 0001:0000e3e0       ?GetObjectDescription@?$CComCoClass@VCOnModelExec@@$1?CLSID_OnModelExec@@3U_GUID@@B@ATL@@SGPBGXZ 1000f3e0 f i ISDaeCOSolver.obj
 0001:0000e410       ?GetCategoryMap@?$CComCoClass@VCOnModelExec@@$1?CLSID_OnModelExec@@3U_GUID@@B@ATL@@SAPBU_ATL_CATMAP_ENTRY@2@XZ 1000f410 f i ISDaeCOSolver.obj
 0001:0000e440       ?GetObjectDescription@?$CComCoClass@VCOnTest@@$1?CLSID_OnTest@@3U_GUID@@B@ATL@@SGPBGXZ 1000f440 f i ISDaeCOSolver.obj
 0001:0000e470       ?GetCategoryMap@?$CComCoClass@VCOnTest@@$1?CLSID_OnTest@@3U_GUID@@B@ATL@@SAPBU_ATL_CATMAP_ENTRY@2@XZ 1000f470 f i ISDaeCOSolver.obj
 0001:0000e4a0       ?CreateInstance@?$CComCreator@V?$CComObjectCached@VCComClassFactory@ATL@@@ATL@@@ATL@@SGJPAXABU_GUID@@PAPAX@Z 1000f4a0 f i ISDaeCOSolver.obj
 0001:0000e610       ?InternalFinalConstructAddRef@CComObjectRootBase@ATL@@QAEXXZ 1000f610 f i ISDaeCOSolver.obj
 0001:0000e640       ?InternalFinalConstructRelease@CComObjectRootBase@ATL@@QAEXXZ 1000f640 f i ISDaeCOSolver.obj
 0001:0000e6b0       ?SetVoid@CComClassFactory@ATL@@QAEXPAX@Z 1000f6b0 f i ISDaeCOSolver.obj
 0001:0000e6e0       ?CreateInstance@?$CComCreator2@V?$CComCreator@V?$CComObject@VCIsDaeSolver@@@ATL@@@ATL@@V?$CComCreator@V?$CComAggObject@VCIsDaeSolver@@@ATL@@@2@@ATL@@SGJPAXABU_GUID@@PAPAX@Z 1000f6e0 f i ISDaeCOSolver.obj
 0001:0000e780       ?CreateInstance@?$CComCreator2@V?$CComCreator@V?$CComObject@VCIsMatrix@@@ATL@@@ATL@@V?$CComCreator@V?$CComAggObject@VCIsMatrix@@@ATL@@@2@@ATL@@SGJPAXABU_GUID@@PAPAX@Z 1000f780 f i ISDaeCOSolver.obj
 0001:0000e820       ?CreateInstance@?$CComCreator2@V?$CComCreator@V?$CComObject@VCIsNlaSolver@@@ATL@@@ATL@@V?$CComCreator@V?$CComAggObject@VCIsNlaSolver@@@ATL@@@2@@ATL@@SGJPAXABU_GUID@@PAPAX@Z 1000f820 f i ISDaeCOSolver.obj
 0001:0000e8c0       ?CreateInstance@?$CComCreator2@V?$CComCreator@V?$CComObject@VCIsCINlaEso@@@ATL@@@ATL@@V?$CComCreator@V?$CComAggObject@VCIsCINlaEso@@@ATL@@@2@@ATL@@SGJPAXABU_GUID@@PAPAX@Z 1000f8c0 f i ISDaeCOSolver.obj
 0001:0000e960       ?CreateInstance@?$CComCreator2@V?$CComCreator@V?$CComObject@VCIsDaeEsoIImpl@@@ATL@@@ATL@@V?$CComCreator@V?$CComAggObject@VCIsDaeEsoIImpl@@@ATL@@@2@@ATL@@SGJPAXABU_GUID@@PAPAX@Z 1000f960 f i ISDaeCOSolver.obj
 0001:0000ea00       ?CreateInstance@?$CComCreator2@V?$CComCreator@V?$CComObject@VCIsDaeEsoCImpl@@@ATL@@@ATL@@V?$CComCreator@V?$CComAggObject@VCIsDaeEsoCImpl@@@ATL@@@2@@ATL@@SGJPAXABU_GUID@@PAPAX@Z 1000fa00 f i ISDaeCOSolver.obj
 0001:0000eaa0       ?CreateInstance@?$CComCreator2@V?$CComCreator@V?$CComObject@VCOnModelExec@@@ATL@@@ATL@@V?$CComCreator@V?$CComAggObject@VCOnModelExec@@@ATL@@@2@@ATL@@SGJPAXABU_GUID@@PAPAX@Z 1000faa0 f i ISDaeCOSolver.obj
 0001:0000eb40       ?CreateInstance@?$CComCreator2@V?$CComCreator@V?$CComObject@VCOnTest@@@ATL@@@ATL@@V?$CComFailCreator@$0?HPPLPOPA@@2@@ATL@@SGJPAXABU_GUID@@PAPAX@Z 1000fb40 f i ISDaeCOSolver.obj
 0001:0000ebe0       ??_G?$CComObjectCached@VCComClassFactory@ATL@@@ATL@@QAEPAXI@Z 1000fbe0 f i ISDaeCOSolver.obj
 0001:0000ec40       ??0?$CComObjectCached@VCComClassFactory@ATL@@@ATL@@QAE@PAX@Z 1000fc40 f i ISDaeCOSolver.obj
 0001:0000ecc0       ??0CComAutoCriticalSection@ATL@@QAE@XZ 1000fcc0 f i ISDaeCOSolver.obj
 0001:0000ed10       ?CreateInstance@CComClassFactory@ATL@@UAGJPAUIUnknown@@ABU_GUID@@PAPAX@Z 1000fd10 f i ISDaeCOSolver.obj
 0001:0000ede0       ?AtlTrace2@ATL@@YAXKIPBGZZ 1000fde0 f i ISDaeCOSolver.obj
 0001:0000eec0       ?LockServer@CComClassFactory@ATL@@UAGJH@Z 1000fec0 f i ISDaeCOSolver.obj
 0001:0000ef10       ??1?$CComObjectCached@VCComClassFactory@ATL@@@ATL@@QAE@XZ 1000ff10 f i ISDaeCOSolver.obj
 0001:0000efa0       ??1CComAutoCriticalSection@ATL@@QAE@XZ 1000ffa0 f i ISDaeCOSolver.obj
 0001:0000eff0       ?AddRef@?$CComObjectCached@VCComClassFactory@ATL@@@ATL@@UAGKXZ 1000fff0 f i ISDaeCOSolver.obj
 0001:0000f060       ?Lock@CComAutoCriticalSection@ATL@@QAEXXZ 10010060 f i ISDaeCOSolver.obj
 0001:0000f0b0       ?Unlock@CComAutoCriticalSection@ATL@@QAEXXZ 100100b0 f i ISDaeCOSolver.obj
 0001:0000f100       ?Release@?$CComObjectCached@VCComClassFactory@ATL@@@ATL@@UAGKXZ 10010100 f i ISDaeCOSolver.obj
 0001:0000f1a0       ?QueryInterface@?$CComObjectCached@VCComClassFactory@ATL@@@ATL@@UAGJABU_GUID@@PAPAX@Z 100101a0 f i ISDaeCOSolver.obj
 0001:0000f1e0       ?_InternalQueryInterface@CComClassFactory@ATL@@QAEJABU_GUID@@PAPAX@Z 100101e0 f i ISDaeCOSolver.obj
 0001:0000f230       ?_GetEntries@CComClassFactory@ATL@@SGPBU_ATL_INTMAP_ENTRY@2@XZ 10010230 f i ISDaeCOSolver.obj
 0001:0000f260       ?CreateInstance@?$CComCreator@V?$CComObject@VCIsDaeSolver@@@ATL@@@ATL@@SGJPAXABU_GUID@@PAPAX@Z 10010260 f i ISDaeCOSolver.obj
 0001:0000f3d0       ?InternalFinalConstructAddRef@CIsDaeSolver@@QAEXXZ 100103d0 f i ISDaeCOSolver.obj
 0001:0000f410       ?InternalFinalConstructRelease@CIsDaeSolver@@QAEXXZ 10010410 f i ISDaeCOSolver.obj
 0001:0000f450       ?CreateInstance@?$CComCreator@V?$CComAggObject@VCIsDaeSolver@@@ATL@@@ATL@@SGJPAXABU_GUID@@PAPAX@Z 10010450 f i ISDaeCOSolver.obj
 0001:0000f5c0       ?CreateInstance@?$CComCreator@V?$CComObject@VCIsMatrix@@@ATL@@@ATL@@SGJPAXABU_GUID@@PAPAX@Z 100105c0 f i ISDaeCOSolver.obj
 0001:0000f730       ?InternalFinalConstructAddRef@CIsMatrix@@QAEXXZ 10010730 f i ISDaeCOSolver.obj
 0001:0000f770       ?InternalFinalConstructRelease@CIsMatrix@@QAEXXZ 10010770 f i ISDaeCOSolver.obj
 0001:0000f7b0       ?CreateInstance@?$CComCreator@V?$CComAggObject@VCIsMatrix@@@ATL@@@ATL@@SGJPAXABU_GUID@@PAPAX@Z 100107b0 f i ISDaeCOSolver.obj
 0001:0000f920       ?CreateInstance@?$CComCreator@V?$CComObject@VCIsNlaSolver@@@ATL@@@ATL@@SGJPAXABU_GUID@@PAPAX@Z 10010920 f i ISDaeCOSolver.obj
 0001:0000fa90       ?CreateInstance@?$CComCreator@V?$CComAggObject@VCIsNlaSolver@@@ATL@@@ATL@@SGJPAXABU_GUID@@PAPAX@Z 10010a90 f i ISDaeCOSolver.obj
 0001:0000fc00       ?CreateInstance@?$CComCreator@V?$CComObject@VCIsCINlaEso@@@ATL@@@ATL@@SGJPAXABU_GUID@@PAPAX@Z 10010c00 f i ISDaeCOSolver.obj
 0001:0000fd80       ?CreateInstance@?$CComCreator@V?$CComAggObject@VCIsCINlaEso@@@ATL@@@ATL@@SGJPAXABU_GUID@@PAPAX@Z 10010d80 f i ISDaeCOSolver.obj
 0001:0000fef0       ?CreateInstance@?$CComCreator@V?$CComObject@VCIsDaeEsoIImpl@@@ATL@@@ATL@@SGJPAXABU_GUID@@PAPAX@Z 10010ef0 f i ISDaeCOSolver.obj
 0001:00010070       ?InternalFinalConstructAddRef@CIsDaeEsoIImpl@@QAEXXZ 10011070 f i ISDaeCOSolver.obj
 0001:000100b0       ?InternalFinalConstructRelease@CIsDaeEsoIImpl@@QAEXXZ 100110b0 f i ISDaeCOSolver.obj
 0001:000100f0       ?CreateInstance@?$CComCreator@V?$CComAggObject@VCIsDaeEsoIImpl@@@ATL@@@ATL@@SGJPAXABU_GUID@@PAPAX@Z 100110f0 f i ISDaeCOSolver.obj
 0001:00010260       ?CreateInstance@?$CComCreator@V?$CComObject@VCIsDaeEsoCImpl@@@ATL@@@ATL@@SGJPAXABU_GUID@@PAPAX@Z 10011260 f i ISDaeCOSolver.obj
 0001:000103e0       ?InternalFinalConstructAddRef@CIsDaeEsoCImpl@@QAEXXZ 100113e0 f i ISDaeCOSolver.obj
 0001:00010420       ?InternalFinalConstructRelease@CIsDaeEsoCImpl@@QAEXXZ 10011420 f i ISDaeCOSolver.obj
 0001:00010460       ?CreateInstance@?$CComCreator@V?$CComAggObject@VCIsDaeEsoCImpl@@@ATL@@@ATL@@SGJPAXABU_GUID@@PAPAX@Z 10011460 f i ISDaeCOSolver.obj
 0001:000105d0       ?CreateInstance@?$CComCreator@V?$CComObject@VCOnModelExec@@@ATL@@@ATL@@SGJPAXABU_GUID@@PAPAX@Z 100115d0 f i ISDaeCOSolver.obj
 0001:00010750       ?CreateInstance@?$CComCreator@V?$CComAggObject@VCOnModelExec@@@ATL@@@ATL@@SGJPAXABU_GUID@@PAPAX@Z 10011750 f i ISDaeCOSolver.obj
 0001:000108c0       ?CreateInstance@?$CComCreator@V?$CComObject@VCOnTest@@@ATL@@@ATL@@SGJPAXABU_GUID@@PAPAX@Z 100118c0 f i ISDaeCOSolver.obj
 0001:00010a30       ?InternalFinalConstructAddRef@COnTest@@QAEXXZ 10011a30 f i ISDaeCOSolver.obj
 0001:00010a70       ?InternalFinalConstructRelease@COnTest@@QAEXXZ 10011a70 f i ISDaeCOSolver.obj
 0001:00010ab0       ?CreateInstance@?$CComFailCreator@$0?HPPLPOPA@@ATL@@SGJPAXABU_GUID@@PAPAX@Z 10011ab0 f i ISDaeCOSolver.obj
 0001:00010ae0       ??0CComClassFactory@ATL@@QAE@XZ 10011ae0 f i ISDaeCOSolver.obj
 0001:00010b30       ??1CComClassFactory@ATL@@QAE@XZ 10011b30 f i ISDaeCOSolver.obj
 0001:00010b80       ??_G?$CComAggObject@VCIsDaeSolver@@@ATL@@QAEPAXI@Z 10011b80 f i ISDaeCOSolver.obj
 0001:00010be0       ??_G?$CComAggObject@VCIsMatrix@@@ATL@@QAEPAXI@Z 10011be0 f i ISDaeCOSolver.obj
 0001:00010c40       ??_G?$CComAggObject@VCIsNlaSolver@@@ATL@@QAEPAXI@Z 10011c40 f i ISDaeCOSolver.obj
 0001:00010ca0       ??_G?$CComAggObject@VCIsCINlaEso@@@ATL@@QAEPAXI@Z 10011ca0 f i ISDaeCOSolver.obj
 0001:00010d00       ??_G?$CComAggObject@VCIsDaeEsoIImpl@@@ATL@@QAEPAXI@Z 10011d00 f i ISDaeCOSolver.obj
 0001:00010d60       ??_G?$CComAggObject@VCIsDaeEsoCImpl@@@ATL@@QAEPAXI@Z 10011d60 f i ISDaeCOSolver.obj
 0001:00010dc0       ??_G?$CComAggObject@VCOnModelExec@@@ATL@@QAEPAXI@Z 10011dc0 f i ISDaeCOSolver.obj
 0001:00010e20       ??0IClassFactory@@QAE@XZ   10011e20 f i ISDaeCOSolver.obj
 0001:00010e60       ??0?$CComObjectRootEx@VCComMultiThreadModel@ATL@@@ATL@@QAE@XZ 10011e60 f i ISDaeCOSolver.obj
 0001:00010eb0       ??1?$CComObjectRootEx@VCComMultiThreadModel@ATL@@@ATL@@QAE@XZ 10011eb0 f i ISDaeCOSolver.obj
 0001:00010ef0       ?InternalAddRef@?$CComObjectRootEx@VCComMultiThreadModel@ATL@@@ATL@@QAEKXZ 10011ef0 f i ISDaeCOSolver.obj
 0001:00010f60       ?InternalRelease@?$CComObjectRootEx@VCComMultiThreadModel@ATL@@@ATL@@QAEKXZ 10011f60 f i ISDaeCOSolver.obj
 0001:00010fd0       ??0?$CComObject@VCIsDaeSolver@@@ATL@@QAE@PAX@Z 10011fd0 f i ISDaeCOSolver.obj
 0001:00011060       ?GetTypeInfoCount@?$IDispatchImpl@UIIsDaeSolver@@$1?IID_IIsDaeSolver@@3U_GUID@@B$1?LIBID_ISDAECOSOLVERLib@@3U3@B$00$0A@VCComTypeInfoHolder@ATL@@@ATL@@UAGJPAI@Z 10012060 f i ISDaeCOSolver.obj
 0001:00011090       ?GetTypeInfo@?$IDispatchImpl@UIIsDaeSolver@@$1?IID_IIsDaeSolver@@3U_GUID@@B$1?LIBID_ISDAECOSOLVERLib@@3U3@B$00$0A@VCComTypeInfoHolder@ATL@@@ATL@@UAGJIKPAPAUITypeInfo@@@Z 10012090 f i ISDaeCOSolver.obj
 0001:000110e0       ?GetIDsOfNames@?$IDispatchImpl@UIIsDaeSolver@@$1?IID_IIsDaeSolver@@3U_GUID@@B$1?LIBID_ISDAECOSOLVERLib@@3U3@B$00$0A@VCComTypeInfoHolder@ATL@@@ATL@@UAGJABU_GUID@@PAPAGIKPAJ@Z 100120e0 f i ISDaeCOSolver.obj
 0001:00011130       ?Invoke@?$IDispatchImpl@UIIsDaeSolver@@$1?IID_IIsDaeSolver@@3U_GUID@@B$1?LIBID_ISDAECOSOLVERLib@@3U3@B$00$0A@VCComTypeInfoHolder@ATL@@@ATL@@UAGJJABU_GUID@@KGPAUtagDISPPARAMS@@PAUtagVARIANT@@PAUtagEXCEPINFO@@PAI@Z 10012130 f i ISDaeCOSolver.obj
 0001:00011190       ?AddRef@?$CComObject@VCIsDaeSolver@@@ATL@@UAGKXZ 10012190 f i ISDaeCOSolver.obj
 0001:000111d0       ?Release@?$CComObject@VCIsDaeSolver@@@ATL@@UAGKXZ 100121d0 f i ISDaeCOSolver.obj
 0001:00011250       ?QueryInterface@?$CComObject@VCIsDaeSolver@@@ATL@@UAGJABU_GUID@@PAPAX@Z 10012250 f i ISDaeCOSolver.obj
 0001:00011290       ?_InternalQueryInterface@CIsDaeSolver@@QAEJABU_GUID@@PAPAX@Z 10012290 f i ISDaeCOSolver.obj
 0001:000112e0       ?_GetEntries@CIsDaeSolver@@SGPBU_ATL_INTMAP_ENTRY@ATL@@XZ 100122e0 f i ISDaeCOSolver.obj
 0001:00011310       ??0?$CComAggObject@VCIsDaeSolver@@@ATL@@QAE@PAX@Z 10012310 f i ISDaeCOSolver.obj
 0001:000113b0       ?FinalConstruct@?$CComAggObject@VCIsDaeSolver@@@ATL@@QAEJXZ 100123b0 f i ISDaeCOSolver.obj
 0001:00011400       ??1?$CComAggObject@VCIsDaeSolver@@@ATL@@QAE@XZ 10012400 f i ISDaeCOSolver.obj
 0001:00011490       ?AddRef@?$CComAggObject@VCIsDaeSolver@@@ATL@@UAGKXZ 10012490 f i ISDaeCOSolver.obj
 0001:000114d0       ?Release@?$CComAggObject@VCIsDaeSolver@@@ATL@@UAGKXZ 100124d0 f i ISDaeCOSolver.obj
 0001:00011540       ?QueryInterface@?$CComAggObject@VCIsDaeSolver@@@ATL@@UAGJABU_GUID@@PAPAX@Z 10012540 f i ISDaeCOSolver.obj
 0001:000115d0       ??0?$CComObject@VCIsMatrix@@@ATL@@QAE@PAX@Z 100125d0 f i ISDaeCOSolver.obj
 0001:00011660       ??0CIsMatrix@@QAE@XZ       10012660 f i ISDaeCOSolver.obj
 0001:000116f0       ??1CIsMatrix@@UAE@XZ       100126f0 f i ISDaeCOSolver.obj
 0001:00011730       ??0?$IDispatchImpl@UIIsMatrix@@$1?IID_IIsMatrix@@3U_GUID@@B$1?LIBID_ISDAECOSOLVERLib@@3U3@B$00$0A@VCComTypeInfoHolder@ATL@@@ATL@@QAE@XZ 10012730 f i ISDaeCOSolver.obj
 0001:00011770       ??0IIsMatrix@@QAE@XZ       10012770 f i ISDaeCOSolver.obj
 0001:000117b0       ?GetTypeInfoCount@?$IDispatchImpl@UIIsMatrix@@$1?IID_IIsMatrix@@3U_GUID@@B$1?LIBID_ISDAECOSOLVERLib@@3U3@B$00$0A@VCComTypeInfoHolder@ATL@@@ATL@@UAGJPAI@Z 100127b0 f i ISDaeCOSolver.obj
 0001:000117e0       ?GetTypeInfo@?$IDispatchImpl@UIIsMatrix@@$1?IID_IIsMatrix@@3U_GUID@@B$1?LIBID_ISDAECOSOLVERLib@@3U3@B$00$0A@VCComTypeInfoHolder@ATL@@@ATL@@UAGJIKPAPAUITypeInfo@@@Z 100127e0 f i ISDaeCOSolver.obj
 0001:00011830       ?GetIDsOfNames@?$IDispatchImpl@UIIsMatrix@@$1?IID_IIsMatrix@@3U_GUID@@B$1?LIBID_ISDAECOSOLVERLib@@3U3@B$00$0A@VCComTypeInfoHolder@ATL@@@ATL@@UAGJABU_GUID@@PAPAGIKPAJ@Z 10012830 f i ISDaeCOSolver.obj
 0001:00011880       ?Invoke@?$IDispatchImpl@UIIsMatrix@@$1?IID_IIsMatrix@@3U_GUID@@B$1?LIBID_ISDAECOSOLVERLib@@3U3@B$00$0A@VCComTypeInfoHolder@ATL@@@ATL@@UAGJJABU_GUID@@KGPAUtagDISPPARAMS@@PAUtagVARIANT@@PAUtagEXCEPINFO@@PAI@Z 10012880 f i ISDaeCOSolver.obj
 0001:000118e0       ?AddRef@?$CComObject@VCIsMatrix@@@ATL@@UAGKXZ 100128e0 f i ISDaeCOSolver.obj
 0001:00011920       ?Release@?$CComObject@VCIsMatrix@@@ATL@@UAGKXZ 10012920 f i ISDaeCOSolver.obj
 0001:000119a0       ?QueryInterface@?$CComObject@VCIsMatrix@@@ATL@@UAGJABU_GUID@@PAPAX@Z 100129a0 f i ISDaeCOSolver.obj
 0001:000119e0       ?_InternalQueryInterface@CIsMatrix@@QAEJABU_GUID@@PAPAX@Z 100129e0 f i ISDaeCOSolver.obj
 0001:00011a30       ?_GetEntries@CIsMatrix@@SGPBU_ATL_INTMAP_ENTRY@ATL@@XZ 10012a30 f i ISDaeCOSolver.obj
 0001:00011a60       ??0?$CComAggObject@VCIsMatrix@@@ATL@@QAE@PAX@Z 10012a60 f i ISDaeCOSolver.obj
 0001:00011b00       ?FinalConstruct@?$CComAggObject@VCIsMatrix@@@ATL@@QAEJXZ 10012b00 f i ISDaeCOSolver.obj
 0001:00011b50       ??1?$CComAggObject@VCIsMatrix@@@ATL@@QAE@XZ 10012b50 f i ISDaeCOSolver.obj
 0001:00011be0       ?AddRef@?$CComAggObject@VCIsMatrix@@@ATL@@UAGKXZ 10012be0 f i ISDaeCOSolver.obj
 0001:00011c20       ?Release@?$CComAggObject@VCIsMatrix@@@ATL@@UAGKXZ 10012c20 f i ISDaeCOSolver.obj
 0001:00011c90       ?QueryInterface@?$CComAggObject@VCIsMatrix@@@ATL@@UAGJABU_GUID@@PAPAX@Z 10012c90 f i ISDaeCOSolver.obj
 0001:00011d20       ??0?$CComAggObject@VCIsNlaSolver@@@ATL@@QAE@PAX@Z 10012d20 f i ISDaeCOSolver.obj
 0001:00011dc0       ?FinalConstruct@?$CComAggObject@VCIsNlaSolver@@@ATL@@QAEJXZ 10012dc0 f i ISDaeCOSolver.obj
 0001:00011e10       ??1?$CComAggObject@VCIsNlaSolver@@@ATL@@QAE@XZ 10012e10 f i ISDaeCOSolver.obj
 0001:00011ea0       ?AddRef@?$CComAggObject@VCIsNlaSolver@@@ATL@@UAGKXZ 10012ea0 f i ISDaeCOSolver.obj
 0001:00011ee0       ?Release@?$CComAggObject@VCIsNlaSolver@@@ATL@@UAGKXZ 10012ee0 f i ISDaeCOSolver.obj
 0001:00011f50       ?QueryInterface@?$CComAggObject@VCIsNlaSolver@@@ATL@@UAGJABU_GUID@@PAPAX@Z 10012f50 f i ISDaeCOSolver.obj
 0001:00011fe0       ??0?$CComAggObject@VCIsCINlaEso@@@ATL@@QAE@PAX@Z 10012fe0 f i ISDaeCOSolver.obj
 0001:00012080       ?FinalConstruct@?$CComAggObject@VCIsCINlaEso@@@ATL@@QAEJXZ 10013080 f i ISDaeCOSolver.obj
 0001:000120d0       ??1?$CComAggObject@VCIsCINlaEso@@@ATL@@QAE@XZ 100130d0 f i ISDaeCOSolver.obj
 0001:00012160       ?AddRef@?$CComAggObject@VCIsCINlaEso@@@ATL@@UAGKXZ 10013160 f i ISDaeCOSolver.obj
 0001:000121a0       ?Release@?$CComAggObject@VCIsCINlaEso@@@ATL@@UAGKXZ 100131a0 f i ISDaeCOSolver.obj
 0001:00012210       ?QueryInterface@?$CComAggObject@VCIsCINlaEso@@@ATL@@UAGJABU_GUID@@PAPAX@Z 10013210 f i ISDaeCOSolver.obj
 0001:000122a0       ??0?$CComObject@VCIsDaeEsoIImpl@@@ATL@@QAE@PAX@Z 100132a0 f i ISDaeCOSolver.obj
 0001:00012330       ?PostRealParameter@CIsDaeEsoIImpl@@UAGJJN@Z 10013330 f i ISDaeCOSolver.obj
 0001:00012380       ?PostIntegerParameter@CIsDaeEsoIImpl@@UAGJJJ@Z 10013380 f i ISDaeCOSolver.obj
 0001:000123c0       ?SetModelExec@CIsDaeEsoIImpl@@UAGJPAUIOnModelExec@@@Z 100133c0 f i ISDaeCOSolver.obj
 0001:00012400       ?GetReportInfo@CIsDaeEsoIImpl@@UAGJPAJ0000000000@Z 10013400 f i ISDaeCOSolver.obj
 0001:00012470       ?InitTime@CIsDaeEsoIImpl@@UAGJNF@Z 10013470 f i ISDaeCOSolver.obj
 0001:000124c0       ?SetTime@CIsDaeEsoIImpl@@UAGJN@Z 100134c0 f i ISDaeCOSolver.obj
 0001:00012500       ?SetLastTime@CIsDaeEsoIImpl@@UAGJN@Z 10013500 f i ISDaeCOSolver.obj
 0001:00012540       ?get_Type@CIsDaeEsoIImpl@@UAGJPAW4EsoType@@@Z 10013540 f i ISDaeCOSolver.obj
 0001:00012580       ?SetRelTolerance@CIsDaeEsoIImpl@@UAGJPAPAUtagSAFEARRAY@@@Z 10013580 f i ISDaeCOSolver.obj
 0001:000125c0       ?GetRelTolerance@CIsDaeEsoIImpl@@UAGJPAPAUtagSAFEARRAY@@@Z 100135c0 f i ISDaeCOSolver.obj
 0001:00012600       ?SetAbsTolerance@CIsDaeEsoIImpl@@UAGJPAPAUtagSAFEARRAY@@@Z 10013600 f i ISDaeCOSolver.obj
 0001:00012640       ?GetAbsTolerance@CIsDaeEsoIImpl@@UAGJPAPAUtagSAFEARRAY@@@Z 10013640 f i ISDaeCOSolver.obj
 0001:00012680       ?GetAllResiduals@CIsDaeEsoIImpl@@UAGJPAPAUtagSAFEARRAY@@PAF@Z 10013680 f i ISDaeCOSolver.obj
 0001:000126c0       ?GetResiduals@CIsDaeEsoIImpl@@UAGJPAPAUtagSAFEARRAY@@0PAF@Z 100136c0 f i ISDaeCOSolver.obj
 0001:00012710       ?GetJacobianStruct@CIsDaeEsoIImpl@@UAGJPAJPAPAUtagSAFEARRAY@@11@Z 10013710 f i ISDaeCOSolver.obj
 0001:00012760       ?GetJacobianValues@CIsDaeEsoIImpl@@UAGJPAPAUtagSAFEARRAY@@0@Z 10013760 f i ISDaeCOSolver.obj
 0001:000127a0       ?GetAllJacobianValues@CIsDaeEsoIImpl@@UAGJPAPAUIIsMatrix@@@Z 100137a0 f i ISDaeCOSolver.obj
 0001:000127e0       ?GetDiffJacobianStruct@CIsDaeEsoIImpl@@UAGJPAJPAPAUtagSAFEARRAY@@11@Z 100137e0 f i ISDaeCOSolver.obj
 0001:00012830       ?GetDiffJacobianValues@CIsDaeEsoIImpl@@UAGJPAPAUtagSAFEARRAY@@0@Z 10013830 f i ISDaeCOSolver.obj
 0001:00012870       ?GetAllDiffJacobianValues@CIsDaeEsoIImpl@@UAGJPAPAUIIsMatrix@@@Z 10013870 f i ISDaeCOSolver.obj
 0001:000128b0       ?GetNumRealPars@CIsDaeEsoIImpl@@UAGJPAJ@Z 100138b0 f i ISDaeCOSolver.obj
 0001:000128f0       ?GetRealPar@CIsDaeEsoIImpl@@UAGJJPAN@Z 100138f0 f i ISDaeCOSolver.obj
 0001:00012930       ?SetRealPar@CIsDaeEsoIImpl@@UAGJJN@Z 10013930 f i ISDaeCOSolver.obj
 0001:00012980       ?GetNumIntPars@CIsDaeEsoIImpl@@UAGJPAJ@Z 10013980 f i ISDaeCOSolver.obj
 0001:000129c0       ?GetIntPar@CIsDaeEsoIImpl@@UAGJJPAJ@Z 100139c0 f i ISDaeCOSolver.obj
 0001:00012a00       ?SetIntPar@CIsDaeEsoIImpl@@UAGJJJ@Z 10013a00 f i ISDaeCOSolver.obj
 0001:00012a40       ?GetVariables@CIsDaeEsoIImpl@@UAGJPAPAUtagSAFEARRAY@@N0@Z 10013a40 f i ISDaeCOSolver.obj
 0001:00012a90       ?GetVariable@CIsDaeEsoIImpl@@UAGJJNPAN@Z 10013a90 f i ISDaeCOSolver.obj
 0001:00012ae0       ?SetVariables@CIsDaeEsoIImpl@@UAGJPAPAUtagSAFEARRAY@@0@Z 10013ae0 f i ISDaeCOSolver.obj
 0001:00012b20       ?SetVariable@CIsDaeEsoIImpl@@UAGJJN@Z 10013b20 f i ISDaeCOSolver.obj
 0001:00012b60       ?SetLastVariable@CIsDaeEsoIImpl@@UAGJJN@Z 10013b60 f i ISDaeCOSolver.obj
 0001:00012ba0       ?GetAllVariables@CIsDaeEsoIImpl@@UAGJNPAPAUtagSAFEARRAY@@@Z 10013ba0 f i ISDaeCOSolver.obj
 0001:00012bf0       ?SetAllVariables@CIsDaeEsoIImpl@@UAGJPAPAUtagSAFEARRAY@@@Z 10013bf0 f i ISDaeCOSolver.obj
 0001:00012c30       ?GetDerivatives@CIsDaeEsoIImpl@@UAGJPAPAUtagSAFEARRAY@@N0@Z 10013c30 f i ISDaeCOSolver.obj
 0001:00012c80       ?GetDerivative@CIsDaeEsoIImpl@@UAGJJNPAN@Z 10013c80 f i ISDaeCOSolver.obj
 0001:00012cd0       ?SetDerivatives@CIsDaeEsoIImpl@@UAGJPAPAUtagSAFEARRAY@@0@Z 10013cd0 f i ISDaeCOSolver.obj
 0001:00012d10       ?SetDerivative@CIsDaeEsoIImpl@@UAGJJN@Z 10013d10 f i ISDaeCOSolver.obj
 0001:00012d50       ?SetLastDerivative@CIsDaeEsoIImpl@@UAGJJN@Z 10013d50 f i ISDaeCOSolver.obj
 0001:00012d90       ?GetAllDerivatives@CIsDaeEsoIImpl@@UAGJNPAPAUtagSAFEARRAY@@@Z 10013d90 f i ISDaeCOSolver.obj
 0001:00012de0       ?SetAllDerivatives@CIsDaeEsoIImpl@@UAGJPAPAUtagSAFEARRAY@@@Z 10013de0 f i ISDaeCOSolver.obj
 0001:00012e20       ?GetNumVars@CIsDaeEsoIImpl@@UAGJPAJ@Z 10013e20 f i ISDaeCOSolver.obj
 0001:00012e60       ?GetNumEqns@CIsDaeEsoIImpl@@UAGJPAJ@Z 10013e60 f i ISDaeCOSolver.obj
 0001:00012ea0       ?GetNumLocalVars@CIsDaeEsoIImpl@@UAGJPAJ@Z 10013ea0 f i ISDaeCOSolver.obj
 0001:00012ee0       ?GetNumLocalEqns@CIsDaeEsoIImpl@@UAGJPAJ@Z 10013ee0 f i ISDaeCOSolver.obj
 0001:00012f20       ?GetVariablesIndex@CIsDaeEsoIImpl@@UAGJPAPAUtagSAFEARRAY@@@Z 10013f20 f i ISDaeCOSolver.obj
 0001:00012f60       ?GetLastTime@CIsDaeEsoIImpl@@UAGJPAN@Z 10013f60 f i ISDaeCOSolver.obj
 0001:00012fa0       ?GetTime@CIsDaeEsoIImpl@@UAGJPAN@Z 10013fa0 f i ISDaeCOSolver.obj
 0001:00012fe0       ?GetCPPPtr@CIsDaeEsoIImpl@@UAGJPAK@Z 10013fe0 f i ISDaeCOSolver.obj
 0001:00013020       ?get_ContainerIndex@CIsDaeEsoIImpl@@UAGJPAJ@Z 10014020 f i ISDaeCOSolver.obj
 0001:00013060       ?put_ContainerIndex@CIsDaeEsoIImpl@@UAGJJ@Z 10014060 f i ISDaeCOSolver.obj
 0001:000130a0       ?get_VariableMap@CIsDaeEsoIImpl@@UAGJPAPAUtagSAFEARRAY@@@Z 100140a0 f i ISDaeCOSolver.obj
 0001:000130e0       ?put_VariableMap@CIsDaeEsoIImpl@@UAGJPAPAUtagSAFEARRAY@@@Z 100140e0 f i ISDaeCOSolver.obj
 0001:00013120       ?EvalStateCondition@CIsDaeEsoIImpl@@UAGJNJJPAF@Z 10014120 f i ISDaeCOSolver.obj
 0001:00013170       ?AddEso@CIsDaeEsoIImpl@@UAGJPAUIIsDaeEso@@@Z 10014170 f i ISDaeCOSolver.obj
 0001:000131b0       ?GetEso@CIsDaeEsoIImpl@@UAGJJPAPAUIIsDaeEso@@@Z 100141b0 f i ISDaeCOSolver.obj
 0001:000131f0       ?RemoveEso@CIsDaeEsoIImpl@@UAGJJ@Z 100141f0 f i ISDaeCOSolver.obj
 0001:00013230       ?GetNumEso@CIsDaeEsoIImpl@@UAGJPAJ@Z 10014230 f i ISDaeCOSolver.obj
 0001:00013270       ?GetTypeInfoCount@?$IDispatchImpl@UIIsDaeEsoIImpl@@$1?IID_IIsDaeEsoIImpl@@3U_GUID@@B$1?LIBID_ISDAECOSOLVERLib@@3U3@B$00$0A@VCComTypeInfoHolder@ATL@@@ATL@@UAGJPAI@Z 10014270 f i ISDaeCOSolver.obj
 0001:000132a0       ?GetTypeInfo@?$IDispatchImpl@UIIsDaeEsoIImpl@@$1?IID_IIsDaeEsoIImpl@@3U_GUID@@B$1?LIBID_ISDAECOSOLVERLib@@3U3@B$00$0A@VCComTypeInfoHolder@ATL@@@ATL@@UAGJIKPAPAUITypeInfo@@@Z 100142a0 f i ISDaeCOSolver.obj
 0001:000132f0       ?GetIDsOfNames@?$IDispatchImpl@UIIsDaeEsoIImpl@@$1?IID_IIsDaeEsoIImpl@@3U_GUID@@B$1?LIBID_ISDAECOSOLVERLib@@3U3@B$00$0A@VCComTypeInfoHolder@ATL@@@ATL@@UAGJABU_GUID@@PAPAGIKPAJ@Z 100142f0 f i ISDaeCOSolver.obj
 0001:00013340       ?Invoke@?$IDispatchImpl@UIIsDaeEsoIImpl@@$1?IID_IIsDaeEsoIImpl@@3U_GUID@@B$1?LIBID_ISDAECOSOLVERLib@@3U3@B$00$0A@VCComTypeInfoHolder@ATL@@@ATL@@UAGJJABU_GUID@@KGPAUtagDISPPARAMS@@PAUtagVARIANT@@PAUtagEXCEPINFO@@PAI@Z 10014340 f i ISDaeCOSolver.obj
 0001:000133a0       ?AddRef@?$CComObject@VCIsDaeEsoIImpl@@@ATL@@UAGKXZ 100143a0 f i ISDaeCOSolver.obj
 0001:000133e0       ?Release@?$CComObject@VCIsDaeEsoIImpl@@@ATL@@UAGKXZ 100143e0 f i ISDaeCOSolver.obj
 0001:00013460       ?QueryInterface@?$CComObject@VCIsDaeEsoIImpl@@@ATL@@UAGJABU_GUID@@PAPAX@Z 10014460 f i ISDaeCOSolver.obj
 0001:000134a0       ?_InternalQueryInterface@CIsDaeEsoIImpl@@QAEJABU_GUID@@PAPAX@Z 100144a0 f i ISDaeCOSolver.obj
 0001:000134f0       ?_GetEntries@CIsDaeEsoIImpl@@SGPBU_ATL_INTMAP_ENTRY@ATL@@XZ 100144f0 f i ISDaeCOSolver.obj
 0001:00013520       ??0?$CComAggObject@VCIsDaeEsoIImpl@@@ATL@@QAE@PAX@Z 10014520 f i ISDaeCOSolver.obj
 0001:000135c0       ?FinalConstruct@?$CComAggObject@VCIsDaeEsoIImpl@@@ATL@@QAEJXZ 100145c0 f i ISDaeCOSolver.obj
 0001:00013610       ??1?$CComAggObject@VCIsDaeEsoIImpl@@@ATL@@QAE@XZ 10014610 f i ISDaeCOSolver.obj
 0001:000136a0       ?AddRef@?$CComAggObject@VCIsDaeEsoIImpl@@@ATL@@UAGKXZ 100146a0 f i ISDaeCOSolver.obj
 0001:000136e0       ?Release@?$CComAggObject@VCIsDaeEsoIImpl@@@ATL@@UAGKXZ 100146e0 f i ISDaeCOSolver.obj
 0001:00013750       ?QueryInterface@?$CComAggObject@VCIsDaeEsoIImpl@@@ATL@@UAGJABU_GUID@@PAPAX@Z 10014750 f i ISDaeCOSolver.obj
 0001:000137e0       ??0?$CComObject@VCIsDaeEsoCImpl@@@ATL@@QAE@PAX@Z 100147e0 f i ISDaeCOSolver.obj
 0001:00013870       ?PostRealParameter@CIsDaeEsoCImpl@@UAGJJN@Z 10014870 f i ISDaeCOSolver.obj
 0001:000138c0       ?PostIntegerParameter@CIsDaeEsoCImpl@@UAGJJJ@Z 100148c0 f i ISDaeCOSolver.obj
 0001:00013900       ?SetModelExec@CIsDaeEsoCImpl@@UAGJPAUIOnModelExec@@@Z 10014900 f i ISDaeCOSolver.obj
 0001:00013940       ?GetReportInfo@CIsDaeEsoCImpl@@UAGJPAJ0000000000@Z 10014940 f i ISDaeCOSolver.obj
 0001:000139b0       ?InitTime@CIsDaeEsoCImpl@@UAGJNF@Z 100149b0 f i ISDaeCOSolver.obj
 0001:00013a00       ?SetTime@CIsDaeEsoCImpl@@UAGJN@Z 10014a00 f i ISDaeCOSolver.obj
 0001:00013a40       ?SetLastTime@CIsDaeEsoCImpl@@UAGJN@Z 10014a40 f i ISDaeCOSolver.obj
 0001:00013a80       ?get_Type@CIsDaeEsoCImpl@@UAGJPAW4EsoType@@@Z 10014a80 f i ISDaeCOSolver.obj
 0001:00013ac0       ?SetRelTolerance@CIsDaeEsoCImpl@@UAGJPAPAUtagSAFEARRAY@@@Z 10014ac0 f i ISDaeCOSolver.obj
 0001:00013b00       ?GetRelTolerance@CIsDaeEsoCImpl@@UAGJPAPAUtagSAFEARRAY@@@Z 10014b00 f i ISDaeCOSolver.obj
 0001:00013b40       ?SetAbsTolerance@CIsDaeEsoCImpl@@UAGJPAPAUtagSAFEARRAY@@@Z 10014b40 f i ISDaeCOSolver.obj
 0001:00013b80       ?GetAbsTolerance@CIsDaeEsoCImpl@@UAGJPAPAUtagSAFEARRAY@@@Z 10014b80 f i ISDaeCOSolver.obj
 0001:00013bc0       ?GetAllResiduals@CIsDaeEsoCImpl@@UAGJPAPAUtagSAFEARRAY@@PAF@Z 10014bc0 f i ISDaeCOSolver.obj
 0001:00013c00       ?GetResiduals@CIsDaeEsoCImpl@@UAGJPAPAUtagSAFEARRAY@@0PAF@Z 10014c00 f i ISDaeCOSolver.obj
 0001:00013c50       ?GetJacobianStruct@CIsDaeEsoCImpl@@UAGJPAJPAPAUtagSAFEARRAY@@11@Z 10014c50 f i ISDaeCOSolver.obj
 0001:00013ca0       ?GetJacobianValues@CIsDaeEsoCImpl@@UAGJPAPAUtagSAFEARRAY@@0@Z 10014ca0 f i ISDaeCOSolver.obj
 0001:00013ce0       ?GetAllJacobianValues@CIsDaeEsoCImpl@@UAGJPAPAUIIsMatrix@@@Z 10014ce0 f i ISDaeCOSolver.obj
 0001:00013d20       ?GetDiffJacobianStruct@CIsDaeEsoCImpl@@UAGJPAJPAPAUtagSAFEARRAY@@11@Z 10014d20 f i ISDaeCOSolver.obj
 0001:00013d70       ?GetDiffJacobianValues@CIsDaeEsoCImpl@@UAGJPAPAUtagSAFEARRAY@@0@Z 10014d70 f i ISDaeCOSolver.obj
 0001:00013db0       ?GetAllDiffJacobianValues@CIsDaeEsoCImpl@@UAGJPAPAUIIsMatrix@@@Z 10014db0 f i ISDaeCOSolver.obj
 0001:00013df0       ?GetNumRealPars@CIsDaeEsoCImpl@@UAGJPAJ@Z 10014df0 f i ISDaeCOSolver.obj
 0001:00013e30       ?GetRealPar@CIsDaeEsoCImpl@@UAGJJPAN@Z 10014e30 f i ISDaeCOSolver.obj
 0001:00013e70       ?SetRealPar@CIsDaeEsoCImpl@@UAGJJN@Z 10014e70 f i ISDaeCOSolver.obj
 0001:00013ec0       ?GetNumIntPars@CIsDaeEsoCImpl@@UAGJPAJ@Z 10014ec0 f i ISDaeCOSolver.obj
 0001:00013f00       ?GetIntPar@CIsDaeEsoCImpl@@UAGJJPAJ@Z 10014f00 f i ISDaeCOSolver.obj
 0001:00013f40       ?SetIntPar@CIsDaeEsoCImpl@@UAGJJJ@Z 10014f40 f i ISDaeCOSolver.obj
 0001:00013f80       ?GetVariables@CIsDaeEsoCImpl@@UAGJPAPAUtagSAFEARRAY@@N0@Z 10014f80 f i ISDaeCOSolver.obj
 0001:00013fd0       ?GetVariable@CIsDaeEsoCImpl@@UAGJJNPAN@Z 10014fd0 f i ISDaeCOSolver.obj
 0001:00014020       ?SetVariables@CIsDaeEsoCImpl@@UAGJPAPAUtagSAFEARRAY@@0@Z 10015020 f i ISDaeCOSolver.obj
 0001:00014060       ?SetVariable@CIsDaeEsoCImpl@@UAGJJN@Z 10015060 f i ISDaeCOSolver.obj
 0001:000140a0       ?SetLastVariable@CIsDaeEsoCImpl@@UAGJJN@Z 100150a0 f i ISDaeCOSolver.obj
 0001:000140e0       ?GetAllVariables@CIsDaeEsoCImpl@@UAGJNPAPAUtagSAFEARRAY@@@Z 100150e0 f i ISDaeCOSolver.obj
 0001:00014130       ?SetAllVariables@CIsDaeEsoCImpl@@UAGJPAPAUtagSAFEARRAY@@@Z 10015130 f i ISDaeCOSolver.obj
 0001:00014170       ?GetDerivatives@CIsDaeEsoCImpl@@UAGJPAPAUtagSAFEARRAY@@N0@Z 10015170 f i ISDaeCOSolver.obj
 0001:000141c0       ?GetDerivative@CIsDaeEsoCImpl@@UAGJJNPAN@Z 100151c0 f i ISDaeCOSolver.obj
 0001:00014210       ?SetDerivatives@CIsDaeEsoCImpl@@UAGJPAPAUtagSAFEARRAY@@0@Z 10015210 f i ISDaeCOSolver.obj
 0001:00014250       ?SetDerivative@CIsDaeEsoCImpl@@UAGJJN@Z 10015250 f i ISDaeCOSolver.obj
 0001:00014290       ?SetLastDerivative@CIsDaeEsoCImpl@@UAGJJN@Z 10015290 f i ISDaeCOSolver.obj
 0001:000142d0       ?GetAllDerivatives@CIsDaeEsoCImpl@@UAGJNPAPAUtagSAFEARRAY@@@Z 100152d0 f i ISDaeCOSolver.obj
 0001:00014320       ?SetAllDerivatives@CIsDaeEsoCImpl@@UAGJPAPAUtagSAFEARRAY@@@Z 10015320 f i ISDaeCOSolver.obj
 0001:00014360       ?GetNumVars@CIsDaeEsoCImpl@@UAGJPAJ@Z 10015360 f i ISDaeCOSolver.obj
 0001:000143a0       ?GetNumEqns@CIsDaeEsoCImpl@@UAGJPAJ@Z 100153a0 f i ISDaeCOSolver.obj
 0001:000143e0       ?GetNumLocalVars@CIsDaeEsoCImpl@@UAGJPAJ@Z 100153e0 f i ISDaeCOSolver.obj
 0001:00014420       ?GetNumLocalEqns@CIsDaeEsoCImpl@@UAGJPAJ@Z 10015420 f i ISDaeCOSolver.obj
 0001:00014460       ?GetVariablesIndex@CIsDaeEsoCImpl@@UAGJPAPAUtagSAFEARRAY@@@Z 10015460 f i ISDaeCOSolver.obj
 0001:000144a0       ?GetLastTime@CIsDaeEsoCImpl@@UAGJPAN@Z 100154a0 f i ISDaeCOSolver.obj
 0001:000144e0       ?GetTime@CIsDaeEsoCImpl@@UAGJPAN@Z 100154e0 f i ISDaeCOSolver.obj
 0001:00014520       ?GetCPPPtr@CIsDaeEsoCImpl@@UAGJPAK@Z 10015520 f i ISDaeCOSolver.obj
 0001:00014560       ?get_ContainerIndex@CIsDaeEsoCImpl@@UAGJPAJ@Z 10015560 f i ISDaeCOSolver.obj
 0001:000145a0       ?put_ContainerIndex@CIsDaeEsoCImpl@@UAGJJ@Z 100155a0 f i ISDaeCOSolver.obj
 0001:000145e0       ?get_VariableMap@CIsDaeEsoCImpl@@UAGJPAPAUtagSAFEARRAY@@@Z 100155e0 f i ISDaeCOSolver.obj
 0001:00014620       ?put_VariableMap@CIsDaeEsoCImpl@@UAGJPAPAUtagSAFEARRAY@@@Z 10015620 f i ISDaeCOSolver.obj
 0001:00014660       ?EvalStateCondition@CIsDaeEsoCImpl@@UAGJNJJPAF@Z 10015660 f i ISDaeCOSolver.obj
 0001:000146b0       ?AddEso@CIsDaeEsoCImpl@@UAGJPAUIIsDaeEso@@@Z 100156b0 f i ISDaeCOSolver.obj
 0001:000146f0       ?GetEso@CIsDaeEsoCImpl@@UAGJJPAPAUIIsDaeEso@@@Z 100156f0 f i ISDaeCOSolver.obj
 0001:00014730       ?RemoveEso@CIsDaeEsoCImpl@@UAGJJ@Z 10015730 f i ISDaeCOSolver.obj
 0001:00014770       ?GetNumEso@CIsDaeEsoCImpl@@UAGJPAJ@Z 10015770 f i ISDaeCOSolver.obj
 0001:000147b0       ?GetTypeInfoCount@?$IDispatchImpl@UIIsDaeEsoCImpl@@$1?IID_IIsDaeEsoCImpl@@3U_GUID@@B$1?LIBID_ISDAECOSOLVERLib@@3U3@B$00$0A@VCComTypeInfoHolder@ATL@@@ATL@@UAGJPAI@Z 100157b0 f i ISDaeCOSolver.obj
 0001:000147e0       ?GetTypeInfo@?$IDispatchImpl@UIIsDaeEsoCImpl@@$1?IID_IIsDaeEsoCImpl@@3U_GUID@@B$1?LIBID_ISDAECOSOLVERLib@@3U3@B$00$0A@VCComTypeInfoHolder@ATL@@@ATL@@UAGJIKPAPAUITypeInfo@@@Z 100157e0 f i ISDaeCOSolver.obj
 0001:00014830       ?GetIDsOfNames@?$IDispatchImpl@UIIsDaeEsoCImpl@@$1?IID_IIsDaeEsoCImpl@@3U_GUID@@B$1?LIBID_ISDAECOSOLVERLib@@3U3@B$00$0A@VCComTypeInfoHolder@ATL@@@ATL@@UAGJABU_GUID@@PAPAGIKPAJ@Z 10015830 f i ISDaeCOSolver.obj
 0001:00014880       ?Invoke@?$IDispatchImpl@UIIsDaeEsoCImpl@@$1?IID_IIsDaeEsoCImpl@@3U_GUID@@B$1?LIBID_ISDAECOSOLVERLib@@3U3@B$00$0A@VCComTypeInfoHolder@ATL@@@ATL@@UAGJJABU_GUID@@KGPAUtagDISPPARAMS@@PAUtagVARIANT@@PAUtagEXCEPINFO@@PAI@Z 10015880 f i ISDaeCOSolver.obj
 0001:000148e0       ?AddRef@?$CComObject@VCIsDaeEsoCImpl@@@ATL@@UAGKXZ 100158e0 f i ISDaeCOSolver.obj
 0001:00014920       ?Release@?$CComObject@VCIsDaeEsoCImpl@@@ATL@@UAGKXZ 10015920 f i ISDaeCOSolver.obj
 0001:000149a0       ?QueryInterface@?$CComObject@VCIsDaeEsoCImpl@@@ATL@@UAGJABU_GUID@@PAPAX@Z 100159a0 f i ISDaeCOSolver.obj
 0001:000149e0       ?_InternalQueryInterface@CIsDaeEsoCImpl@@QAEJABU_GUID@@PAPAX@Z 100159e0 f i ISDaeCOSolver.obj
 0001:00014a30       ?_GetEntries@CIsDaeEsoCImpl@@SGPBU_ATL_INTMAP_ENTRY@ATL@@XZ 10015a30 f i ISDaeCOSolver.obj
 0001:00014a60       ??0?$CComAggObject@VCIsDaeEsoCImpl@@@ATL@@QAE@PAX@Z 10015a60 f i ISDaeCOSolver.obj
 0001:00014b00       ?FinalConstruct@?$CComAggObject@VCIsDaeEsoCImpl@@@ATL@@QAEJXZ 10015b00 f i ISDaeCOSolver.obj
 0001:00014b50       ??1?$CComAggObject@VCIsDaeEsoCImpl@@@ATL@@QAE@XZ 10015b50 f i ISDaeCOSolver.obj
 0001:00014be0       ?AddRef@?$CComAggObject@VCIsDaeEsoCImpl@@@ATL@@UAGKXZ 10015be0 f i ISDaeCOSolver.obj
 0001:00014c20       ?Release@?$CComAggObject@VCIsDaeEsoCImpl@@@ATL@@UAGKXZ 10015c20 f i ISDaeCOSolver.obj
 0001:00014c90       ?QueryInterface@?$CComAggObject@VCIsDaeEsoCImpl@@@ATL@@UAGJABU_GUID@@PAPAX@Z 10015c90 f i ISDaeCOSolver.obj
 0001:00014d20       ??0?$CComObject@VCOnModelExec@@@ATL@@QAE@PAX@Z 10015d20 f i ISDaeCOSolver.obj
 0001:00014dc0       ?GetTypeInfoCount@?$IDispatchImpl@UIOnModelExec@@$1?IID_IOnModelExec@@3U_GUID@@B$1?LIBID_ISDAECOSOLVERLib@@3U3@B$00$0A@VCComTypeInfoHolder@ATL@@@ATL@@UAGJPAI@Z 10015dc0 f i ISDaeCOSolver.obj
 0001:00014df0       ?GetTypeInfo@?$IDispatchImpl@UIOnModelExec@@$1?IID_IOnModelExec@@3U_GUID@@B$1?LIBID_ISDAECOSOLVERLib@@3U3@B$00$0A@VCComTypeInfoHolder@ATL@@@ATL@@UAGJIKPAPAUITypeInfo@@@Z 10015df0 f i ISDaeCOSolver.obj
 0001:00014e40       ?GetIDsOfNames@?$IDispatchImpl@UIOnModelExec@@$1?IID_IOnModelExec@@3U_GUID@@B$1?LIBID_ISDAECOSOLVERLib@@3U3@B$00$0A@VCComTypeInfoHolder@ATL@@@ATL@@UAGJABU_GUID@@PAPAGIKPAJ@Z 10015e40 f i ISDaeCOSolver.obj
 0001:00014e90       ?Invoke@?$IDispatchImpl@UIOnModelExec@@$1?IID_IOnModelExec@@3U_GUID@@B$1?LIBID_ISDAECOSOLVERLib@@3U3@B$00$0A@VCComTypeInfoHolder@ATL@@@ATL@@UAGJJABU_GUID@@KGPAUtagDISPPARAMS@@PAUtagVARIANT@@PAUtagEXCEPINFO@@PAI@Z 10015e90 f i ISDaeCOSolver.obj
 0001:00014ef0       ?EnumConnectionPoints@?$IConnectionPointContainerImpl@VCOnModelExec@@@ATL@@UAGJPAPAUIEnumConnectionPoints@@@Z 10015ef0 f i ISDaeCOSolver.obj
 0001:000150b0       ?GetConnMap@COnModelExec@@SAPBU_ATL_CONNMAP_ENTRY@ATL@@PAH@Z 100160b0 f i ISDaeCOSolver.obj
 0001:00015160       ?FindConnectionPoint@?$IConnectionPointContainerImpl@VCOnModelExec@@@ATL@@UAGJABU_GUID@@PAPAUIConnectionPoint@@@Z 10016160 f i ISDaeCOSolver.obj
 0001:00015230       ?_LocCPQueryInterface@?$IConnectionPointImpl@VCOnModelExec@@$1?DIID__IOnModelExecEvents@@3U_GUID@@BVCComDynamicUnkArray@ATL@@@ATL@@UAGJABU_GUID@@PAPAX@Z 10016230 f i ISDaeCOSolver.obj
 0001:000152c0       ?GetConnectionInterface@?$IConnectionPointImpl@VCOnModelExec@@$1?DIID__IOnModelExecEvents@@3U_GUID@@BVCComDynamicUnkArray@ATL@@@ATL@@UAGJPAU_GUID@@@Z 100162c0 f i ISDaeCOSolver.obj
 0001:00015320       ?GetConnectionPointContainer@?$IConnectionPointImpl@VCOnModelExec@@$1?DIID__IOnModelExecEvents@@3U_GUID@@BVCComDynamicUnkArray@ATL@@@ATL@@UAGJPAPAUIConnectionPointContainer@@@Z 10016320 f i ISDaeCOSolver.obj
 0001:00015390       ??_G?$CComEnum@UIEnumConnectionPoints@@$1?IID_IEnumConnectionPoints@@3U_GUID@@BPAUIConnectionPoint@@V?$_CopyInterface@UIConnectionPoint@@@ATL@@VCComSingleThreadModel@6@@ATL@@QAEPAXI@Z 10016390 f i ISDaeCOSolver.obj
 0001:000153f0       ??1?$CComEnum@UIEnumConnectionPoints@@$1?IID_IEnumConnectionPoints@@3U_GUID@@BPAUIConnectionPoint@@V?$_CopyInterface@UIConnectionPoint@@@ATL@@VCComSingleThreadModel@6@@ATL@@QAE@XZ 100163f0 f i ISDaeCOSolver.obj
 0001:00015430       ??0?$CComObject@V?$CComEnum@UIEnumConnectionPoints@@$1?IID_IEnumConnectionPoints@@3U_GUID@@BPAUIConnectionPoint@@V?$_CopyInterface@UIConnectionPoint@@@ATL@@VCComSingleThreadModel@6@@ATL@@@ATL@@QAE@PAX@Z 10016430 f i ISDaeCOSolver.obj
 0001:000154b0       ?AddRef@?$CComObject@V?$CComEnum@UIEnumConnectionPoints@@$1?IID_IEnumConnectionPoints@@3U_GUID@@BPAUIConnectionPoint@@V?$_CopyInterface@UIConnectionPoint@@@ATL@@VCComSingleThreadModel@6@@ATL@@@ATL@@UAGKXZ 100164b0 f i ISDaeCOSolver.obj
 0001:000154f0       ?Release@?$CComObject@V?$CComEnum@UIEnumConnectionPoints@@$1?IID_IEnumConnectionPoints@@3U_GUID@@BPAUIConnectionPoint@@V?$_CopyInterface@UIConnectionPoint@@@ATL@@VCComSingleThreadModel@6@@ATL@@@ATL@@UAGKXZ 100164f0 f i ISDaeCOSolver.obj
 0001:00015560       ?QueryInterface@?$CComObject@V?$CComEnum@UIEnumConnectionPoints@@$1?IID_IEnumConnectionPoints@@3U_GUID@@BPAUIConnectionPoint@@V?$_CopyInterface@UIConnectionPoint@@@ATL@@VCComSingleThreadModel@6@@ATL@@@ATL@@UAGJABU_GUID@@PAPAX@Z 10016560 f i ISDaeCOSolver.obj
 0001:000155a0       ?Reset@?$CComEnumImpl@UIEnumConnectionPoints@@$1?IID_IEnumConnectionPoints@@3U_GUID@@BPAUIConnectionPoint@@V?$_CopyInterface@UIConnectionPoint@@@ATL@@@ATL@@UAGJXZ 100165a0 f i ISDaeCOSolver.obj
 0001:000155d0       ??0?$CComEnum@UIEnumConnectionPoints@@$1?IID_IEnumConnectionPoints@@3U_GUID@@BPAUIConnectionPoint@@V?$_CopyInterface@UIConnectionPoint@@@ATL@@VCComSingleThreadModel@6@@ATL@@QAE@XZ 100165d0 f i ISDaeCOSolver.obj
 0001:00015650       ??_G?$CComObject@V?$CComEnum@UIEnumConnectionPoints@@$1?IID_IEnumConnectionPoints@@3U_GUID@@BPAUIConnectionPoint@@V?$_CopyInterface@UIConnectionPoint@@@ATL@@VCComSingleThreadModel@6@@ATL@@@ATL@@QAEPAXI@Z 10016650 f i ISDaeCOSolver.obj
 0001:000156b0       ??1?$CComObject@V?$CComEnum@UIEnumConnectionPoints@@$1?IID_IEnumConnectionPoints@@3U_GUID@@BPAUIConnectionPoint@@V?$_CopyInterface@UIConnectionPoint@@@ATL@@VCComSingleThreadModel@6@@ATL@@@ATL@@QAE@XZ 100166b0 f i ISDaeCOSolver.obj
 0001:00015740       ?_InternalQueryInterface@?$CComEnum@UIEnumConnectionPoints@@$1?IID_IEnumConnectionPoints@@3U_GUID@@BPAUIConnectionPoint@@V?$_CopyInterface@UIConnectionPoint@@@ATL@@VCComSingleThreadModel@6@@ATL@@QAEJABU_GUID@@PAPAX@Z 10016740 f i ISDaeCOSolver.obj
 0001:00015790       ??0?$CComEnumImpl@UIEnumConnectionPoints@@$1?IID_IEnumConnectionPoints@@3U_GUID@@BPAUIConnectionPoint@@V?$_CopyInterface@UIConnectionPoint@@@ATL@@@ATL@@QAE@XZ 10016790 f i ISDaeCOSolver.obj
 0001:00015800       ??0?$CComPtr@UIUnknown@@@ATL@@QAE@XZ 10016800 f i ISDaeCOSolver.obj
 0001:00015830       ?AddRef@?$CComObject@VCOnModelExec@@@ATL@@UAGKXZ 10016830 f i ISDaeCOSolver.obj
 0001:00015870       ?Release@?$CComObject@VCOnModelExec@@@ATL@@UAGKXZ 10016870 f i ISDaeCOSolver.obj
 0001:000158f0       ?QueryInterface@?$CComObject@VCOnModelExec@@@ATL@@UAGJABU_GUID@@PAPAX@Z 100168f0 f i ISDaeCOSolver.obj
 0001:00015930       ?_InternalQueryInterface@COnModelExec@@QAEJABU_GUID@@PAPAX@Z 10016930 f i ISDaeCOSolver.obj
 0001:00015980       ?_GetEntries@COnModelExec@@SGPBU_ATL_INTMAP_ENTRY@ATL@@XZ 10016980 f i ISDaeCOSolver.obj
 0001:000159b0       ??0?$CComAggObject@VCOnModelExec@@@ATL@@QAE@PAX@Z 100169b0 f i ISDaeCOSolver.obj
 0001:00015a50       ?FinalConstruct@?$CComAggObject@VCOnModelExec@@@ATL@@QAEJXZ 10016a50 f i ISDaeCOSolver.obj
 0001:00015aa0       ??1?$CComAggObject@VCOnModelExec@@@ATL@@QAE@XZ 10016aa0 f i ISDaeCOSolver.obj
 0001:00015b30       ?AddRef@?$CComAggObject@VCOnModelExec@@@ATL@@UAGKXZ 10016b30 f i ISDaeCOSolver.obj
 0001:00015b70       ?Release@?$CComAggObject@VCOnModelExec@@@ATL@@UAGKXZ 10016b70 f i ISDaeCOSolver.obj
 0001:00015be0       ?QueryInterface@?$CComAggObject@VCOnModelExec@@@ATL@@UAGJABU_GUID@@PAPAX@Z 10016be0 f i ISDaeCOSolver.obj
 0001:00015c70       ??0?$CComObject@VCOnTest@@@ATL@@QAE@PAX@Z 10016c70 f i ISDaeCOSolver.obj
 0001:00015d00       ?GetTypeInfoCount@?$IDispatchImpl@UIOnTest@@$1?IID_IOnTest@@3U_GUID@@B$1?LIBID_ISDAECOSOLVERLib@@3U3@B$00$0A@VCComTypeInfoHolder@ATL@@@ATL@@UAGJPAI@Z 10016d00 f i ISDaeCOSolver.obj
 0001:00015d30       ?GetTypeInfo@?$IDispatchImpl@UIOnTest@@$1?IID_IOnTest@@3U_GUID@@B$1?LIBID_ISDAECOSOLVERLib@@3U3@B$00$0A@VCComTypeInfoHolder@ATL@@@ATL@@UAGJIKPAPAUITypeInfo@@@Z 10016d30 f i ISDaeCOSolver.obj
 0001:00015d80       ?GetIDsOfNames@?$IDispatchImpl@UIOnTest@@$1?IID_IOnTest@@3U_GUID@@B$1?LIBID_ISDAECOSOLVERLib@@3U3@B$00$0A@VCComTypeInfoHolder@ATL@@@ATL@@UAGJABU_GUID@@PAPAGIKPAJ@Z 10016d80 f i ISDaeCOSolver.obj
 0001:00015dd0       ?Invoke@?$IDispatchImpl@UIOnTest@@$1?IID_IOnTest@@3U_GUID@@B$1?LIBID_ISDAECOSOLVERLib@@3U3@B$00$0A@VCComTypeInfoHolder@ATL@@@ATL@@UAGJJABU_GUID@@KGPAUtagDISPPARAMS@@PAUtagVARIANT@@PAUtagEXCEPINFO@@PAI@Z 10016dd0 f i ISDaeCOSolver.obj
 0001:00015e30       ?AddRef@?$CComObject@VCOnTest@@@ATL@@UAGKXZ 10016e30 f i ISDaeCOSolver.obj
 0001:00015e70       ?Release@?$CComObject@VCOnTest@@@ATL@@UAGKXZ 10016e70 f i ISDaeCOSolver.obj
 0001:00015ef0       ?QueryInterface@?$CComObject@VCOnTest@@@ATL@@UAGJABU_GUID@@PAPAX@Z 10016ef0 f i ISDaeCOSolver.obj
 0001:00015f30       ?_InternalQueryInterface@COnTest@@QAEJABU_GUID@@PAPAX@Z 10016f30 f i ISDaeCOSolver.obj
 0001:00015f80       ?_GetEntries@COnTest@@SGPBU_ATL_INTMAP_ENTRY@ATL@@XZ 10016f80 f i ISDaeCOSolver.obj
 0001:00015fb0       ??0IEnumConnectionPoints@@QAE@XZ 10016fb0 f i ISDaeCOSolver.obj
 0001:00015ff0       ??_E?$CComObject@VCIsDaeSolver@@@ATL@@UAEPAXI@Z 10016ff0 f i ISDaeCOSolver.obj
 0001:00015ff0       ??_G?$CComObject@VCIsDaeSolver@@@ATL@@UAEPAXI@Z 10016ff0 f i ISDaeCOSolver.obj
 0001:00016050       ??1?$CComObject@VCIsDaeSolver@@@ATL@@UAE@XZ 10017050 f i ISDaeCOSolver.obj
 0001:000160f0       ??1?$CComContainedObject@VCIsDaeSolver@@@ATL@@UAE@XZ 100170f0 f i ISDaeCOSolver.obj
 0001:00016130       ??_E?$CComObject@VCIsMatrix@@@ATL@@UAEPAXI@Z 10017130 f i ISDaeCOSolver.obj
 0001:00016130       ??_G?$CComObject@VCIsMatrix@@@ATL@@UAEPAXI@Z 10017130 f i ISDaeCOSolver.obj
 0001:00016190       ??1?$CComObject@VCIsMatrix@@@ATL@@UAE@XZ 10017190 f i ISDaeCOSolver.obj
 0001:00016230       ??1?$CComContainedObject@VCIsMatrix@@@ATL@@UAE@XZ 10017230 f i ISDaeCOSolver.obj
 0001:00016270       ??1?$CComContainedObject@VCIsNlaSolver@@@ATL@@UAE@XZ 10017270 f i ISDaeCOSolver.obj
 0001:000162b0       ??1?$CComContainedObject@VCIsCINlaEso@@@ATL@@UAE@XZ 100172b0 f i ISDaeCOSolver.obj
 0001:000162f0       ??_G?$CComObject@VCIsDaeEsoIImpl@@@ATL@@UAEPAXI@Z 100172f0 f i ISDaeCOSolver.obj
 0001:000162f0       ??_E?$CComObject@VCIsDaeEsoIImpl@@@ATL@@UAEPAXI@Z 100172f0 f i ISDaeCOSolver.obj
 0001:00016350       ??1?$CComObject@VCIsDaeEsoIImpl@@@ATL@@UAE@XZ 10017350 f i ISDaeCOSolver.obj
 0001:00016400       ??1?$CComContainedObject@VCIsDaeEsoIImpl@@@ATL@@UAE@XZ 10017400 f i ISDaeCOSolver.obj
 0001:00016440       ??_E?$CComObject@VCIsDaeEsoCImpl@@@ATL@@UAEPAXI@Z 10017440 f i ISDaeCOSolver.obj
 0001:00016440       ??_G?$CComObject@VCIsDaeEsoCImpl@@@ATL@@UAEPAXI@Z 10017440 f i ISDaeCOSolver.obj
 0001:000164a0       ??1?$CComObject@VCIsDaeEsoCImpl@@@ATL@@UAE@XZ 100174a0 f i ISDaeCOSolver.obj
 0001:00016550       ??1?$CComContainedObject@VCIsDaeEsoCImpl@@@ATL@@UAE@XZ 10017550 f i ISDaeCOSolver.obj
 0001:00016590       ??_G?$CComObject@VCOnModelExec@@@ATL@@UAEPAXI@Z 10017590 f i ISDaeCOSolver.obj
 0001:00016590       ??_E?$CComObject@VCOnModelExec@@@ATL@@UAEPAXI@Z 10017590 f i ISDaeCOSolver.obj
 0001:000165f0       ??1?$CComObject@VCOnModelExec@@@ATL@@UAE@XZ 100175f0 f i ISDaeCOSolver.obj
 0001:000166a0       ??1?$CComContainedObject@VCOnModelExec@@@ATL@@UAE@XZ 100176a0 f i ISDaeCOSolver.obj
 0001:000166e0       ??_E?$CComObject@VCOnTest@@@ATL@@UAEPAXI@Z 100176e0 f i ISDaeCOSolver.obj
 0001:000166e0       ??_G?$CComObject@VCOnTest@@@ATL@@UAEPAXI@Z 100176e0 f i ISDaeCOSolver.obj
 0001:00016740       ??1?$CComObject@VCOnTest@@@ATL@@UAE@XZ 10017740 f i ISDaeCOSolver.obj
 0001:000167e0       ?_GetEntries@?$CComEnum@UIEnumConnectionPoints@@$1?IID_IEnumConnectionPoints@@3U_GUID@@BPAUIConnectionPoint@@V?$_CopyInterface@UIConnectionPoint@@@ATL@@VCComSingleThreadModel@6@@ATL@@SGPBU_ATL_INTMAP_ENTRY@2@XZ 100177e0 f i ISDaeCOSolver.obj
 0001:00016810       ?FinalRelease@?$CComAggObject@VCIsDaeSolver@@@ATL@@QAEXXZ 10017810 f i ISDaeCOSolver.obj
 0001:00016860       ??0?$CComContainedObject@VCIsDaeSolver@@@ATL@@QAE@PAX@Z 10017860 f i ISDaeCOSolver.obj
 0001:000168c0       ?AddRef@?$CComContainedObject@VCIsDaeSolver@@@ATL@@UAGKXZ 100178c0 f i ISDaeCOSolver.obj
 0001:00016900       ?OuterAddRef@CComObjectRootBase@ATL@@QAEKXZ 10017900 f i ISDaeCOSolver.obj
 0001:00016950       ?Release@?$CComContainedObject@VCIsDaeSolver@@@ATL@@UAGKXZ 10017950 f i ISDaeCOSolver.obj
 0001:00016990       ?OuterRelease@CComObjectRootBase@ATL@@QAEKXZ 10017990 f i ISDaeCOSolver.obj
 0001:000169e0       ?QueryInterface@?$CComContainedObject@VCIsDaeSolver@@@ATL@@UAGJABU_GUID@@PAPAX@Z 100179e0 f i ISDaeCOSolver.obj
 0001:00016a50       ?OuterQueryInterface@CComObjectRootBase@ATL@@QAEJABU_GUID@@PAPAX@Z 10017a50 f i ISDaeCOSolver.obj
 0001:00016aa0       ?_GetRawUnknown@CIsDaeSolver@@QAEPAUIUnknown@@XZ 10017aa0 f i ISDaeCOSolver.obj
 0001:00016b20       ?FinalRelease@?$CComAggObject@VCIsMatrix@@@ATL@@QAEXXZ 10017b20 f i ISDaeCOSolver.obj
 0001:00016b70       ??0?$CComContainedObject@VCIsMatrix@@@ATL@@QAE@PAX@Z 10017b70 f i ISDaeCOSolver.obj
 0001:00016bd0       ?AddRef@?$CComContainedObject@VCIsMatrix@@@ATL@@UAGKXZ 10017bd0 f i ISDaeCOSolver.obj
 0001:00016c10       ?Release@?$CComContainedObject@VCIsMatrix@@@ATL@@UAGKXZ 10017c10 f i ISDaeCOSolver.obj
 0001:00016c50       ?QueryInterface@?$CComContainedObject@VCIsMatrix@@@ATL@@UAGJABU_GUID@@PAPAX@Z 10017c50 f i ISDaeCOSolver.obj
 0001:00016cc0       ?_GetRawUnknown@CIsMatrix@@QAEPAUIUnknown@@XZ 10017cc0 f i ISDaeCOSolver.obj
 0001:00016d40       ?FinalRelease@?$CComAggObject@VCIsNlaSolver@@@ATL@@QAEXXZ 10017d40 f i ISDaeCOSolver.obj
 0001:00016d90       ??0?$CComContainedObject@VCIsNlaSolver@@@ATL@@QAE@PAX@Z 10017d90 f i ISDaeCOSolver.obj
 0001:00016df0       ?AddRef@?$CComContainedObject@VCIsNlaSolver@@@ATL@@UAGKXZ 10017df0 f i ISDaeCOSolver.obj
 0001:00016e30       ?Release@?$CComContainedObject@VCIsNlaSolver@@@ATL@@UAGKXZ 10017e30 f i ISDaeCOSolver.obj
 0001:00016e70       ?QueryInterface@?$CComContainedObject@VCIsNlaSolver@@@ATL@@UAGJABU_GUID@@PAPAX@Z 10017e70 f i ISDaeCOSolver.obj
 0001:00016ee0       ?_GetRawUnknown@CIsNlaSolver@@QAEPAUIUnknown@@XZ 10017ee0 f i ISDaeCOSolver.obj
 0001:00016f60       ?FinalRelease@?$CComAggObject@VCIsCINlaEso@@@ATL@@QAEXXZ 10017f60 f i ISDaeCOSolver.obj
 0001:00016fb0       ??0?$CComContainedObject@VCIsCINlaEso@@@ATL@@QAE@PAX@Z 10017fb0 f i ISDaeCOSolver.obj
 0001:00017010       ?AddRef@?$CComContainedObject@VCIsCINlaEso@@@ATL@@UAGKXZ 10018010 f i ISDaeCOSolver.obj
 0001:00017050       ?Release@?$CComContainedObject@VCIsCINlaEso@@@ATL@@UAGKXZ 10018050 f i ISDaeCOSolver.obj
 0001:00017090       ?QueryInterface@?$CComContainedObject@VCIsCINlaEso@@@ATL@@UAGJABU_GUID@@PAPAX@Z 10018090 f i ISDaeCOSolver.obj
 0001:00017100       ?_GetRawUnknown@CIsCINlaEso@@QAEPAUIUnknown@@XZ 10018100 f i ISDaeCOSolver.obj
 0001:00017180       ?FinalRelease@?$CComAggObject@VCIsDaeEsoIImpl@@@ATL@@QAEXXZ 10018180 f i ISDaeCOSolver.obj
 0001:000171d0       ??0?$CComContainedObject@VCIsDaeEsoIImpl@@@ATL@@QAE@PAX@Z 100181d0 f i ISDaeCOSolver.obj
 0001:00017240       ?AddRef@?$CComContainedObject@VCIsDaeEsoIImpl@@@ATL@@UAGKXZ 10018240 f i ISDaeCOSolver.obj
 0001:00017280       ?Release@?$CComContainedObject@VCIsDaeEsoIImpl@@@ATL@@UAGKXZ 10018280 f i ISDaeCOSolver.obj
 0001:000172c0       ?QueryInterface@?$CComContainedObject@VCIsDaeEsoIImpl@@@ATL@@UAGJABU_GUID@@PAPAX@Z 100182c0 f i ISDaeCOSolver.obj
 0001:00017340       ?_GetRawUnknown@CIsDaeEsoIImpl@@QAEPAUIUnknown@@XZ 10018340 f i ISDaeCOSolver.obj
 0001:000173c0       ?FinalRelease@?$CComAggObject@VCIsDaeEsoCImpl@@@ATL@@QAEXXZ 100183c0 f i ISDaeCOSolver.obj
 0001:00017410       ??0?$CComContainedObject@VCIsDaeEsoCImpl@@@ATL@@QAE@PAX@Z 10018410 f i ISDaeCOSolver.obj
 0001:00017480       ?AddRef@?$CComContainedObject@VCIsDaeEsoCImpl@@@ATL@@UAGKXZ 10018480 f i ISDaeCOSolver.obj
 0001:000174c0       ?Release@?$CComContainedObject@VCIsDaeEsoCImpl@@@ATL@@UAGKXZ 100184c0 f i ISDaeCOSolver.obj
 0001:00017500       ?QueryInterface@?$CComContainedObject@VCIsDaeEsoCImpl@@@ATL@@UAGJABU_GUID@@PAPAX@Z 10018500 f i ISDaeCOSolver.obj
 0001:00017580       ?_GetRawUnknown@CIsDaeEsoCImpl@@QAEPAUIUnknown@@XZ 10018580 f i ISDaeCOSolver.obj
 0001:00017600       ?FinalRelease@?$CComAggObject@VCOnModelExec@@@ATL@@QAEXXZ 10018600 f i ISDaeCOSolver.obj
 0001:00017650       ??0?$CComContainedObject@VCOnModelExec@@@ATL@@QAE@PAX@Z 10018650 f i ISDaeCOSolver.obj
 0001:000176c0       ?AddRef@?$CComContainedObject@VCOnModelExec@@@ATL@@UAGKXZ 100186c0 f i ISDaeCOSolver.obj
 0001:00017700       ?Release@?$CComContainedObject@VCOnModelExec@@@ATL@@UAGKXZ 10018700 f i ISDaeCOSolver.obj
 0001:00017740       ?QueryInterface@?$CComContainedObject@VCOnModelExec@@@ATL@@UAGJABU_GUID@@PAPAX@Z 10018740 f i ISDaeCOSolver.obj
 0001:000177b0       ?_GetRawUnknown@COnModelExec@@QAEPAUIUnknown@@XZ 100187b0 f i ISDaeCOSolver.obj
 0001:00017830       ??_E?$CComContainedObject@VCIsDaeSolver@@@ATL@@UAEPAXI@Z 10018830 f i ISDaeCOSolver.obj
 0001:00017830       ??_G?$CComContainedObject@VCIsDaeSolver@@@ATL@@UAEPAXI@Z 10018830 f i ISDaeCOSolver.obj
 0001:00017890       ??_G?$CComContainedObject@VCIsMatrix@@@ATL@@UAEPAXI@Z 10018890 f i ISDaeCOSolver.obj
 0001:00017890       ??_E?$CComContainedObject@VCIsMatrix@@@ATL@@UAEPAXI@Z 10018890 f i ISDaeCOSolver.obj
 0001:000178f0       ??_G?$CComContainedObject@VCIsNlaSolver@@@ATL@@UAEPAXI@Z 100188f0 f i ISDaeCOSolver.obj
 0001:000178f0       ??_E?$CComContainedObject@VCIsNlaSolver@@@ATL@@UAEPAXI@Z 100188f0 f i ISDaeCOSolver.obj
 0001:00017950       ??_G?$CComContainedObject@VCIsCINlaEso@@@ATL@@UAEPAXI@Z 10018950 f i ISDaeCOSolver.obj
 0001:00017950       ??_E?$CComContainedObject@VCIsCINlaEso@@@ATL@@UAEPAXI@Z 10018950 f i ISDaeCOSolver.obj
 0001:000179b0       ??_E?$CComContainedObject@VCIsDaeEsoIImpl@@@ATL@@UAEPAXI@Z 100189b0 f i ISDaeCOSolver.obj
 0001:000179b0       ??_G?$CComContainedObject@VCIsDaeEsoIImpl@@@ATL@@UAEPAXI@Z 100189b0 f i ISDaeCOSolver.obj
 0001:00017a10       ??_E?$CComContainedObject@VCIsDaeEsoCImpl@@@ATL@@UAEPAXI@Z 10018a10 f i ISDaeCOSolver.obj
 0001:00017a10       ??_G?$CComContainedObject@VCIsDaeEsoCImpl@@@ATL@@UAEPAXI@Z 10018a10 f i ISDaeCOSolver.obj
 0001:00017a70       ??_G?$CComContainedObject@VCOnModelExec@@@ATL@@UAEPAXI@Z 10018a70 f i ISDaeCOSolver.obj
 0001:00017a70       ??_E?$CComContainedObject@VCOnModelExec@@@ATL@@UAEPAXI@Z 10018a70 f i ISDaeCOSolver.obj
 0001:00017ad0       ?Advise@?$IConnectionPointImpl@VCOnModelExec@@$1?DIID__IOnModelExecEvents@@3U_GUID@@BVCComDynamicUnkArray@ATL@@@ATL@@UAGJPAUIUnknown@@PAK@Z 10018ad0 f i ISDaeCOSolver.obj
 0001:00017c00       ?Lock@?$CComObjectRootEx@VCComSingleThreadModel@ATL@@@ATL@@QAEXXZ 10018c00 f i ISDaeCOSolver.obj
 0001:00017c30       ?Unlock@?$CComObjectRootEx@VCComSingleThreadModel@ATL@@@ATL@@QAEXXZ 10018c30 f i ISDaeCOSolver.obj
 0001:00017c60       ?Add@CComDynamicUnkArray@ATL@@QAEKPAUIUnknown@@@Z 10018c60 f i ISDaeCOSolver.obj
 0001:00017de0       ?begin@CComDynamicUnkArray@ATL@@QAEPAPAUIUnknown@@XZ 10018de0 f i ISDaeCOSolver.obj
 0001:00017e20       ?end@CComDynamicUnkArray@ATL@@QAEPAPAUIUnknown@@XZ 10018e20 f i ISDaeCOSolver.obj
 0001:00017e80       ?Unadvise@?$IConnectionPointImpl@VCOnModelExec@@$1?DIID__IOnModelExecEvents@@3U_GUID@@BVCComDynamicUnkArray@ATL@@@ATL@@UAGJK@Z 10018e80 f i ISDaeCOSolver.obj
 0001:00017f30       ?GetUnknown@CComDynamicUnkArray@ATL@@SGPAUIUnknown@@K@Z 10018f30 f i ISDaeCOSolver.obj
 0001:00017f60       ?Remove@CComDynamicUnkArray@ATL@@QAEHK@Z 10018f60 f i ISDaeCOSolver.obj
 0001:00018010       ?EnumConnections@?$IConnectionPointImpl@VCOnModelExec@@$1?DIID__IOnModelExecEvents@@3U_GUID@@BVCComDynamicUnkArray@ATL@@@ATL@@UAGJPAPAUIEnumConnections@@@Z 10019010 f i ISDaeCOSolver.obj
 0001:00018260       ?GetCookie@CComDynamicUnkArray@ATL@@SGKPAPAUIUnknown@@@Z 10019260 f i ISDaeCOSolver.obj
 0001:00018290       ??1?$CComEnumImpl@UIEnumConnectionPoints@@$1?IID_IEnumConnectionPoints@@3U_GUID@@BPAUIConnectionPoint@@V?$_CopyInterface@UIConnectionPoint@@@ATL@@@ATL@@QAE@XZ 10019290 f i ISDaeCOSolver.obj
 0001:00018350       ??1?$CComPtr@UIUnknown@@@ATL@@QAE@XZ 10019350 f i ISDaeCOSolver.obj
 0001:000183a0       ?Next@?$CComEnumImpl@UIEnumConnectionPoints@@$1?IID_IEnumConnectionPoints@@3U_GUID@@BPAUIConnectionPoint@@V?$_CopyInterface@UIConnectionPoint@@@ATL@@@ATL@@UAGJKPAPAUIConnectionPoint@@PAK@Z 100193a0 f i ISDaeCOSolver.obj
 0001:000184f0       ?Skip@?$CComEnumImpl@UIEnumConnectionPoints@@$1?IID_IEnumConnectionPoints@@3U_GUID@@BPAUIConnectionPoint@@V?$_CopyInterface@UIConnectionPoint@@@ATL@@@ATL@@UAGJK@Z 100194f0 f i ISDaeCOSolver.obj
 0001:00018570       ?Clone@?$CComEnumImpl@UIEnumConnectionPoints@@$1?IID_IEnumConnectionPoints@@3U_GUID@@BPAUIConnectionPoint@@V?$_CopyInterface@UIConnectionPoint@@@ATL@@@ATL@@UAGJPAPAUIEnumConnectionPoints@@@Z 10019570 f i ISDaeCOSolver.obj
 0001:000186e0       ??B?$CComPtr@UIUnknown@@@ATL@@QBEPAUIUnknown@@XZ 100196e0 f i ISDaeCOSolver.obj
 0001:00018710       ?Init@?$CComEnumImpl@UIEnumConnectionPoints@@$1?IID_IEnumConnectionPoints@@3U_GUID@@BPAUIConnectionPoint@@V?$_CopyInterface@UIConnectionPoint@@@ATL@@@ATL@@QAEJPAPAUIConnectionPoint@@0PAUIUnknown@@W4CComEnumFlags@2@@Z 10019710 f i ISDaeCOSolver.obj
 0001:000188e0       ??_G?$CComObject@V?$CComEnum@UIEnumConnections@@$1?IID_IEnumConnections@@3U_GUID@@BUtagCONNECTDATA@@V?$_Copy@UtagCONNECTDATA@@@ATL@@VCComSingleThreadModel@6@@ATL@@@ATL@@QAEPAXI@Z 100198e0 f i ISDaeCOSolver.obj
 0001:00018940       ??0?$CComPtr@UIUnknown@@@ATL@@QAE@PAUIUnknown@@@Z 10019940 f i ISDaeCOSolver.obj
 0001:000189a0       ??4?$CComPtr@UIUnknown@@@ATL@@QAEPAUIUnknown@@PAU2@@Z 100199a0 f i ISDaeCOSolver.obj
 0001:000189e0       ??0?$CComObject@V?$CComEnum@UIEnumConnections@@$1?IID_IEnumConnections@@3U_GUID@@BUtagCONNECTDATA@@V?$_Copy@UtagCONNECTDATA@@@ATL@@VCComSingleThreadModel@6@@ATL@@@ATL@@QAE@PAX@Z 100199e0 f i ISDaeCOSolver.obj
[...]
FIXUPS: 17d06 11 15 38 b d 35 2c 32 d 33 d 3b 11 18 13 2b 28 11 15 38 b
FIXUPS: 17f9c 35 2c 32 d 33 d 3b 11 fffff7e5 32 d 46 d 30 d 46 d 38 11
FIXUPS: 17a30 13 46 d 28 28 11 15 38 b d 35 2c 32 d 33 d 3b 11 18 13 fffff85a
FIXUPS: 17517 f 17 44d07 b fffbb322 d 33 13 13 8a a f 17 44bd3 b fffbb452
FIXUPS: 176ce 33 13 13 76 a f 17 44ab7 b fffbb5a5 b d 35 4496e fffbaf22
FIXUPS: 1711e 33 13 13 76 a f 17 44fe7 b fffbb042 d 33 d 33 d 33 16 16
FIXUPS: 173bd a f 17 44e37 b fffbb1f2 d 33 16 16 fffff7d0 49 24 21 454d9
FIXUPS: 5c1cf fffbab8b d 4b d 54 d 2f d 33 31 1c 38 d 35 a d 64 10 30 13
FIXUPS: 17037 76 a f 17 45107 fffba6ab 31 1c 38 d 35 a d 79 b f 1a 21 4574c
FIXUPS: 5c192 fffba8e2 b d 64 a 12 17 45684 b fffba99d d 33 25 1c 34 31
FIXUPS: 16c4a fffff857 45c83 b fffba3a0 d 33 25 1c 34 d 75 12 21 45b0b
FIXUPS: 5c14f fffba522 13 13 6c a f 17 45a31 b fffba5f7 a d 34 b 38 5b
FIXUPS: 1685c fffff616 d 54 d 66 1d 38 16 59 25 2e 25 46083 c fffba08a
FIXUPS: 161cd 11 24 24 2c 10 31 16 c6 d 35 13 13 3a d 48 1a fffff616 b
FIXUPS: 15ab0 1a 21 465bc b fffb9a72 e d 61 a 12 17 464f4 b fffb9b2d d
FIXUPS: 15c3f 25 1c 34 31 15 13 49 38 21 46335 b fffb9d2b d fffff79d d
FIXUPS: 15604 d 33 d 43 d 33 d 37 d 2f d 33 d 69 d 4b d 54 d 32 d 33 34
FIXUPS: 15992 32 d 35 a d fffff783 d 43 d 3b d 34 d 33 d 36 d 3b d 33 d
FIXUPS: 153c4 d 33 d 33 d 33 d 33 d 33 d 33 d 33 d fffff7bf d 3b d 2f d
FIXUPS: 14e14 d 37 d 37 d 3b d 37 d 33 d 3b d 43 d 3b d 34 d 33 d 36 d
FIXUPS: 15154 d fffff787 d 2f d 5b d 44 d 3e d 33 d 2f d 33 d 33 d 33 d
FIXUPS: 14ba4 d 37 d 37 d 47 d 3b d 2f d fffff845 b f 1a 21 47a9c b fffb8592
FIXUPS: 145f2 d 61 a 12 17 479d4 b fffb864d d 33 25 1c 34 31 15 13 49 2e
FIXUPS: 14865 47822 b fffb880a d fffff7db d 33 d 33 d 43 d 33 d 37 d 2f
FIXUPS: 14221 33 d 69 d 4b d 54 d 32 d 33 34 1c 32 d 35 a d fffff783 d
FIXUPS: 13cb0 d 3b d 34 d 33 d 36 d 3b d 33 d 33 d 33 d 33 d 33 d 33 d
FIXUPS: 13fc4 d 33 d 33 d fffff7bf d 3b d 2f d 33 d 37 d 37 d 3b d 37 d
FIXUPS: 13a28 d 3b d 43 d 3b d 34 d 33 d 36 d 3b d fffff787 d 2f d 5b d
FIXUPS: 1349d d 3e d 33 d 2f d 33 d 33 d 33 d 33 d 37 d 37 d 47 d 3b d
FIXUPS: 137c4 d fffff845 b f 1a 21 48f7c b fffb70b2 b d 64 a 12 17 48eb4
FIXUPS: 5c012 fffb716d d 33 25 1c 34 31 15 13 49 2e 21 48d02 b fffb732a
FIXUPS: 13369 fffff8d6 25 1c 34 31 15 13 49 b f 1a 21 491fc b fffb6e32
FIXUPS: 12def d 64 a 12 17 49134 b fffb6eed d 33 25 1c 34 31 15 13 fffff895
FIXUPS: 1286f 54 d 2f d 33 31 1c 38 d 35 a d 79 b f 1a 21 4947c b fffb6bb2
FIXUPS: 12b2f d 64 a 12 17 493b4 b fffb6c6d d fffff844 a 12 17 49aa4 b
FIXUPS: 124af d 33 25 1c 34 31 15 13 49 24 21 498f9 b fffb6735 8 b 42 38
FIXUPS: 1271e 33 10 30 10 69 d fffff7b1 3e 24 21 49e99 b fffb61cb d 4b
FIXUPS: 1211f 54 d 2f d 33 31 1c 38 d 35 a d 79 b f 1a 21 49b6c b fffb64c2
FIXUPS: 123df d fffff7c8 13 3a 13 13 3a 13 13 3a 13 13 3a 13 13 3a 13 13
FIXUPS: 11de1 13 13 3a 10 30 b 10 38 d 55 15 d 4e 15 fffff82e 38 b 8 e
FIXUPS: 11864 25 26 4a5f6 c fffb5a65 21 1f 38 8 b b 22 31 26 4a4a0 c fffb5b83
FIXUPS: 11a61 33 d 60 b 19 44 d 2b 4a2a4 c fffb55b6 d 33 d 62 24 1f 38
FIXUPS: 1153c 8 e 22 25 26 4a8a6 c fffb57b5 24 1f 38 b b e 22 31 26 4a747
FIXUPS: 5be91 fffb5915 24 fffff81b 22 34 26 4ada4 c fffb5286 d 33 d 62
FIXUPS: 1116a 1f 38 b 8 e 22 25 26 4abd6 c fffb5485 24 1f 3b 8 e b 22 34
FIXUPS: 113d1 4a9d4 c fffb4ea5 24 1f 38 8 b b 22 31 26 4b05d c fffb5005
FIXUPS: 10dfa 1f 38 b 8 e 22 25 26 4af06 c fffb5155 24 1f 3b 8 e fffff86c
FIXUPS: 1087e b 8 e 22 25 26 4b459 c fffb4c05 21 1f 38 8 b b 22 31 26 4b300
FIXUPS: 5bd91 fffb4d55 21 1f 38 b 8 e 22 25 26 fffff848 d 65 21 1f 38 b
FIXUPS: 10531 e 22 25 26 4b779 c fffb48e5 21 1f 38 8 b b 22 31 26 4b620
FIXUPS: 5bd51 fffb4a03 d 33 d 65 21 fffff809 b 10 41 d 43 d 36 b 14 22
FIXUPS: 1017e 10 36 d 35 a d 99 21 1f 38 8 b b 22 31 26 4b940 c fffb46e3
FIXUPS: 10401 fffff826 4f 12 2a 4c012 b fffb401d 10 56 31 15 27 13 68 31
FIXUPS: fe8b 16 17 2c c f 64 f f 17 4bd4c c b fffb42d1 d 36 b fffff73e
FIXUPS: f76b 56 21 16 13 56 21 16 13 56 21 16 13 56 21 16 13 56 21 16 13
FIXUPS: fae1 21 16 13 56 21 16 13 36 13 fffff232 1e 76 d 4f 1c 54 1e 32
FIXUPS: f003 77 d 7f 1c 54 1e 362 21 1f 35 b b e 22 25 26 4c6a9 c fffb39d5
FIXUPS: f69f 82 21 ffffeaaa 61 23 23 1b 1b 1b 1b 91 1d 2b 15 15 18 c9 aa
FIXUPS: e800 2d 81 b3 6a 21 52 1f 81 1a3 58 26 7b d 4f 1c ffffebe5 12 f
FIXUPS: da12 4e272 9 b fffb1e00 5a 48 178 f0 1e 36 27 43 e 30 1b 46 1b
FIXUPS: df5b 22 9a 1e 4d 8d 32 44 1b 1e 1b fffff3bd 1b 1e 68 d 2e d 3b
FIXUPS: d6c7 58 4a 3a 24 30 17 1a 25 c 16 f 43 f c 9 e 1b 16 21 21 37 16
FIXUPS: d9c1 fffff7b1 9 e 11 d f 1b 9 e 18 f 20 4ea35 9 b fffb15f3 d 47
FIXUPS: d2ec 50 3b d 63 56 2e f 1a c 23 41 63 c fffff7eb 30 17 1a 27 c
FIXUPS: ce19 13 37 15 3c 23 10 1e 1f 64 16 32 20 16 1e 29 16 2f 20 16 24
FIXUPS: d109 4eb3b b fffb1508 f fffff668 d 1e 16 16 2e 18 62 18 f 2a 13
FIXUPS: c99a d 47 d 54 4a 5d 2a 2b 19 2b 12 30 31 d 3b d 58 4a 3a fffff513
FIXUPS: c253 33 d 33 d 33 d 33 d 33 d 3f 13 12 12 67 16 12 3a d 50 4c 5a
FIXUPS: c5eb 16 67 d 17 93 4a 4a fffff59e 19 a 1e 2f 1a 2e 2b 29 17 23
FIXUPS: beac 1f 25 19 1f 40 23 1f 59 1f 26 1f 2a 1f 21 1f 1b 4fb19 b fffb05d7
FIXUPS: c213 20bb1 27 2f89a c fffd07aa 13b 18 1a 68 ac 1f 17 73 1c 70 1c
FIXUPS: 2d28e f 61 98 2c 5c 98 2c 5c 98 2c fffde654 d 3e d 88 20212 9b
FIXUPS: 2bff2 4f 3e 54 1b 147 1b 146 10 d9 27 67 14 1e 1e 1e 1e 1e 3b 30c
FIXUPS: 2c9cf 15e 13b 25 25 25 25 51 2d 25 ffffe6f5 26 311ab c fffcee97
FIXUPS: 2b526 6b 11 52 2a 30 2e b4 24 68 17 71 1d 56 12 92 24 183 31 34
FIXUPS: 2bb9b e8 86 5c e9 6e 4e ffffeafb 31c40 b c fffce400 2f 29 26 56
FIXUPS: 2abbe 47 10b ce 204 f a9 84 10 81 1b 1b 1b bf 37 5b 39 39 38 27
FIXUPS: 2b437 1f 1f ffffeb4c 5b 7f 20 1a 7a 157 1b 25 25 25 2b 2e 28 25
FIXUPS: 2a3fb 25 25 25 4e 2d 4e 2d 2b 2e 1f 110 1b 54 fd 1b 6d ffffe85a
FIXUPS: 2919d 2d 41 27 b7 19 1f 71 6d c2 82 4d 57 63 d5 9d 6a 28 103 5b
FIXUPS: 29a37 100 82 4d 57 18 bd d5 ae 16 1a ffffe7ff 1c 1c 23e 1f 1f 1c
FIXUPS: 28afc 2b 21 a1 46 a1 46 66 2b 21 a1 46 a1 46 38 21 21 21 21 21
FIXUPS: 29094 21 21 1e 21 ffffeaed 1b 26 2d 34 1e 57 15 1a ec 42 14 88
FIXUPS: 27f31 1f 1f 1f 1f 1f 25 25 25 25 25 25 25 1d 42 32 369 168 19 ffffe3fd
FIXUPS: 26a5b 15 f 53 1b 33 1b 23 27 2e 1e 19 c 5f 15 1f 15 f ba5 79 67
FIXUPS: 2799a 21 1a 3d 79 67 68 21 1a 39 ffffe57f f 9e 11 9f 11 154 63
FIXUPS: 26481 b5 63 f 53 1b 26 2d 34 25 14 15 f 4a 1b 1b 54 17 f 193 1b
FIXUPS: 269c8 2d 34 ffffee7c 164 17 163 17 d5 63 f b5 63 f 55 1b 19 27
FIXUPS: 25ed3 2b 2d 34 1e 28 15 15 f 40 f 4e 19 1b 1b 57 17 fffff225 15
FIXUPS: 2538e 29 3726e c fffc8e2b d 45 f 41 1e 4c f 46 4c f 55 1b 19 19
FIXUPS: 25711 17 15 f 3c d 41 1b 41 45 17 fffff52c 19 19 9c 15 15 1c 29
FIXUPS: 5c605 c fffc8992 1b 2b 2a 1b 25 2b 32 2c 1b 25 2b 32 2c 1b 26 2d
FIXUPS: 25247 33 19 19 9c fffff1db 13 59 1de 27 1b b0 18 1f 61 11b 5a 18
FIXUPS: 24aa1 42 1b 2b 2a 1b 25 2b 32 2c 1b 25 2b 32 2c 1b 26 2d 34 ffffe9cd
FIXUPS: 23776 ee 1b a9 18 1f 5a 16d 5e 53 54 18 1f 1f 1d 43 142 13 59 1de
FIXUPS: 24094 1b b0 18 1f 61 11b 5a 18 1d 40 ffffec4e 60 f 58 1b 26 2d
FIXUPS: 23198 1e 49 2a 10 58 1b 25 27 1b 23 27 2e 1e 51 2b 15 10 45 104
FIXUPS: 235ab 1d 3d 15 6e fffff0b0 da 39 22 170 39c08 c fffc6448 1b 2c
FIXUPS: 22a99 6b 17 93 1b 23 27 2e 1e 60 f 5b 1b 2c 19 6b 17 173 1b 23
FIXUPS: 22fe3 2e ffffe9bc 25 15 1f 104 2e 2e 2e 2e 2e 23 266 25 20 3a6e9
FIXUPS: 5c5d2 fffc5996 9e 3e 48 102 88 118 1a 36 9c 102 88 115 1a 1f 36
FIXUPS: 20c88 2d 85 3db 2f 3b441 c fffc4c29 f 93 f ea 1c 2d 2d 1d 65 25
FIXUPS: 21487 1f 104 2e 2e 2e 2e 2e 23 266 25 20 3ac49 b fffc37bb 4f 2d
FIXUPS: 1fdf3 21 88 15 24 3c670 b c fffc3a35 27 27 21 21 60 24 24 6d 21
FIXUPS: 2031b ed 257 d8 51 2d 85 3db 2f 3b921 c fffc2dd0 33 34 b7 128 27
FIXUPS: 1f628 64 70 81 3d 1b 28 1c 1e 17 6a 48 7a 48 25 26 3cb18 c fffc3543
FIXUPS: 1fc57 10 28 3e 1d 2d 29 ffffe606 13 51 16 13 13 13 99 a 3a 145
FIXUPS: 1e651 f6 12d 44b 146 71 3d 44 8 1a 86 31 31 31 22 24 24 24 1e3
FIXUPS: 1f305 19 ffffeb2a 5e 37 37 37 4d 5c 2f 2e 13 13 3a 13 13 3a 13
FIXUPS: 1e137 3a 13 13 3a 13 13 3a 13 13 3a 13 13 53 16 13 fffff235 28
FIXUPS: 1d5b8 28 28 28 3b 4d 47 44 4a 53 56 43 37 37 37 47 53 53 53 95
FIXUPS: 1db44 89 51 37 37 37 37 4d 8e 3c fffff28b 11 59 3f39f b b b e e
FIXUPS: 5c4f0 e e c fffc0c19 13 13 43 d 4c 7a 39 70 39 70 39 31 31 31 31
FIXUPS: 1d4ed 2b 28 fffff190 6d 1f 57 a9 30 79 1f 5d 99 30 68 9 28 60 62
FIXUPS: 1cc0f 53 53 53 23 30 38 30 38 30 38 30 aa 51 89 51 fffff0cb 1c
FIXUPS: 1c1a4 11 48 40258 b b b e c fffbfdb2 18 71 27 67 1d 2d 27 8b 28
FIXUPS: 1c496 1b 7e 27 67 1d 2a 27 49 28 19 3fd66 b b b c fffbf512 27 67
FIXUPS: 1ba05 2a 27 bd 27 67 1d 2a 27 9d 1f 66 9d 30 76 1f 66 8d 30 6b
FIXUPS: 1c02a 28 58 1c 17896 8f 13 66 24 1d 35 8 e b 31 35 28de4 c fffbea85
FIXUPS: 1b3f1 33 1b 43 1b 2c 1b bd 1b 4a 1b 145 2a 133 1d 40b25 b fffd6acd
FIXUPS: 32f0d 28 2b 2b f0 1c9 28 2b 2b f0 30 28 2b 2b f0 5a 25 25 25 25
FIXUPS: 33663 25 25 1d 54 1d 73 13 a1 28 8e ffffea4e 2b 2b f0 30 28 2b
FIXUPS: 3255a f0 145 25 25 25 25 25 25 25 1d 4c 1a 1a 1e 6d 21 74 f 1e
FIXUPS: 32c3b 134 28 2b 2b ffffe65b 12f 45 18 18 1d3 d2 1f 1f 1a 52 1a
FIXUPS: 3196f 1e 82 21 74 f 1e 1ee 15a 50 28 2b 2b f0 30 28 2b 2b f0 1c9
FIXUPS: 30b0e 37 89 2a 17 37 78 112 49 17 1f 45 27 1f 45 2d 25 27 2b98d
FIXUPS: 5c930 c fffd46b2 1b 24 60 2b 1f 1a 8d 30 1dd 93 fffff07a 20 15
FIXUPS: 304ee 29 38 15 19 53 1f ba 30 2d 53 24 33 34 33 34 33 34 36 37
FIXUPS: 3095a 28 43 26 21 1d 1c 15 49 fffff52c 15 8 11 c 8 2d 102 c 8 11
FIXUPS: 30171 13 2c 4c c 8 11 c 13 2c 1b 1d 2c660 b fffd3a00 21 11 13 a5
FIXUPS: 30422 38 2c447 fffd3310 13 13 34 36 41 8 9 38 c f 1a 2cbb4 9 9
FIXUPS: 5c8d1 fffd3477 2b 1a 1e 28 36 5a 2f 16 1a 2ca22 b fffd3621 25 59
FIXUPS: 2f87f 8 11 c 13 2c 53 c 8 11 c 13 2c 1b 1a 2ce89 b fffd31b2 13
FIXUPS: 2fa47 34 36 41 8 9 3a c f 1a 2cd12 9 9 fffd2ba4 9 3f c f 1a 2d35d
FIXUPS: 5c81d 9 b fffd2cd7 2b 1a 1e 28 36 5a 2f 16 1a 2d1c2 b fffd2e7e
FIXUPS: 2f6eb 5a 10 8 11 c 8 2d c4 fffff86f 8 11 c 13 2c 1b 1a 2d649 b
FIXUPS: 2f1c1 13 13 34 36 41 8 9 41 c f 1a 2d4cb 9 9 b fffd2b60 13 13 34
FIXUPS: 2f3f1 41 2d34b 9 b fffd2517 2b 1a 1e 28 36 5a 2f 16 1a 2d982 b
FIXUPS: 2ee6d 1e 5a 10 8 11 c 8 2d c4 c 8 11 c 13 2c 53 fffff807 27 17
FIXUPS: 2e961 13 13 34 36 41 8 9 41 c f 1a 2dc8b 9 9 b fffd23a0 13 13 34
FIXUPS: 2eb91 41 8 9 3f c f 1a 2db1d fffd1dec c 8 11 c 13 2c 53 c 8 11
FIXUPS: 2e654 13 2c 1b 1a 2e05c b fffd1ff3 8 15 50 13 3c 16 d 31 10 d 32
FIXUPS: 2e89c 25 fffff7bd 2e666 9 b fffd19c4 15 3d 13 15 5f 16 4d 2b 1a
FIXUPS: 2e25b 28 36 5a 2f 16 1a 2e392 b fffd1cae 1e 57 10 8 11 c 8 2d fffff59b
FIXUPS: 2daa5 23 6e 23 6e 23 3e 47 41 1a 2e9fa b fffd1649 20 1e 17 51 31
FIXUPS: 2ddfe 5b a3 2a 3b 13 22 54 8 9 3e 1c f 8ad5 10 a4 44 8a 13 66 24
FIXUPS: 36d75 35 8 e b 31 35 25ba4 c fffd0ce6 8 b 13 fa 2a 10 30 10 30
FIXUPS: 2d8a1 74 6e 23 6e 82b0 19 19 116 13 13 10 59 c 10f d8 1a 1f3 37
FIXUPS: 36446 e2 61 b5 1d 6d 145 8b 62 64 6c 1d 65 1d 2c 20 17 5a ffffeb26
FIXUPS: 35664 13 13 50 16 13 13 10 9e 30 3f 19 19 23 19 19 23 19 19 1c4
FIXUPS: 35ae6 13 13 a5 2a 3f 19 19 23 19 19 26d21 fffd87ff 29 20 23 23
FIXUPS: 35270 20 26 26 24 2c 23 23 23 23 23 23 23 23 d 4f 1f 3e e 10 65
FIXUPS: 3559d 1d 1a 4a 17 fffff51e 2b 6c 29 16 37 19 19 2b 6c 29 16 37
FIXUPS: 34db8 19 9b 78 19 19 9b 78 19 19 5e 21 19 19 59 b 1c 2781c e fffd7b8c
FIXUPS: 34555 52 bc 1d 1d 1d 1e 49 9f 27 26 26 39 20 23 49 85 26 26 39
FIXUPS: 34a22 1b 16 16 16 16 16 16 16 4a 19 fffff33d 32 19 32 19 32 19
FIXUPS: 33f8a 19 32 19 32 19 32 19 32 19 8f 185 38 69 35 3c 29 33 19 19
FIXUPS: 344b6 26 1d 1c 15 2bd2 58 28 29 50 15 8 11 8 27 e 15 11 10 31 d
FIXUPS: 33b97 8 b 13 107 2d 10 30 10 71 18 28 17 28b7b b fffd74cf 40e8
FIXUPS: 37f63 66 11 4e b 1d b 19 13 15 13 27 ffffeda3 8 b 28 1b 3c 25aea
FIXUPS: 5ca01 fffda540 10 30 10 43 28 41 19 4a 1f 30 a18 26 16 d 2d 16
FIXUPS: 37ba0 2d f d 14 d 42 12 12 27 23 19 10 f 23 f 19 27 57 29 57 23
FIXUPS: 37e6d b 19 33 fffff86a d 14 2a 6d 9 13 14 2a 36 f d 14 2a 36 9
FIXUPS: 3791e d 14 2a 3d f d 14 2a 2d 12 2e 13 36 13 14 ede f ffffe9f1
FIXUPS: 373db 41 12 12 12 27 23 13 10 c 23 2b 36 31 1c 32 1c 17 10 14 32
FIXUPS: 3766e 9 17 10 16 2d 35 9 c28 2b 16 17 30 29 23 f 4e 2c 3d 14 45
FIXUPS: 3858d 2b 19 5e 27 1c 2c 1f 1f 1e 59 11 a0 57 f 4a 57 f 4a 2994
FIXUPS: 3b444 8 15 8 185 c3 2b 25 1b 21 3d 26 3d b6 f 97 13 41 14 1f 14
FIXUPS: 3ba26 14 1f 14 146 11f 61 ffffc55d 1f 45 2596 34 23 1a 23 142 21fb5
FIXUPS: 5ca21 fffde0dc 1d 2d 4d 24 17 17 23 113 13 13 13 13 13 1d 21c9d
FIXUPS: 5ca41 fffde3d6 c9 75 8a 175 1a e7 ffffeef1 15 18 18 18 18 18 18
FIXUPS: 3a203 18 47 1a 56 1d 3d 56 8 12a 8c 78 46 6e 31 28 2c 16 33 16
FIXUPS: 3a76b 33 3a 94 ffffe904 21 21 21 21 21 21 21 3e 146 45 24 75 a0
FIXUPS: 3957e 14 20 37 26 389 20 1d 164 59 229 3a 42 24 fc 75 9b 81 ffffeb4a
FIXUPS: 38c48 33 16 57 28 2c 16 33 16 3c 3e 23 48 1f 68 1a 20 23 1d 22
FIXUPS: 38fae b 1d 40 16 16 16 16 38 88 21 8475 c6 88 26 119 4f 81 15 82
FIXUPS: 41a01 c5 10 81 21 f0 b 13 bd 4f 19 55 be 98 2c ffff6b12 8 b ba
FIXUPS: 38b91 10 30 10 7d02 2f f8 2f 36 35 2a 1a 133 e2 66 3c 25 117 1bb9a
FIXUPS: 5ca81 fffe4515 44 17 45 12 1c5 68 a0 1a b2 46 36 14 85 4a 3a ffffd6bc
FIXUPS: 3ef85 419 7c eb 8 12 57 10f 22b 17b 7c 3b5 af 115 5a 68 5f 46 56
FIXUPS: 40242 89 1c 8f 9a 86 9c 86 ce 81 9c 81 ffffce73 7a 40 33 112 c5
FIXUPS: 3e2ac 1e7a9 c fffe1906 56 2f 46 43 1e 2d 22 351 82 32 1f 1f 1f
FIXUPS: 3e960 7d 36 45 8 29 8 8 23 ffffe339 18 8 8 1a 8 9a 385 56 78 1e
FIXUPS: 3d368 1e 1e 38 24 24 26 1e 1e 1e 1e 2c 12 24 44 2a 26 1a 12 4d
FIXUPS: 3d67b 6eec 20 ffff77ed 16a 33 13 13 9e 39 6d 39 31 31 31 31 71
FIXUPS: 3c22c 43 3c 31 31 31 31 31 6d 39 6d 39 31 20 8a8 8 5ebb 25 1f bf
FIXUPS: 42e24 115 55 67 2c 34 4f 167 13 1ea 86 38 37 1a4 1b2 13 50 31 22
FIXUPS: 43920 58 357 6b6 10 37 1b 27 125 ffffded8 28 28 28 28 28 1a a9
FIXUPS: 4269e fb 85 30 20 3c 29 37 5e 30 20 3c 29 37 4f b4 28 28 28 28
FIXUPS: 42c1f 32 1e 1e 1d10 76 6a 27 3d 27 3f 17f4e b c fffe80e8 5a 30
FIXUPS: 44c46 28 5a 30 28 28 1a ffffd4ed 18 16 2f 53 18 16 2f 28 19 1e
FIXUPS: 423e3 50be 49 16 13 13 13 3a d 44 9 1a 11 1d 72 9 21 11 15 28 43
FIXUPS: 4775a 6b d 48 11 24 36 19 35 12 9 10 fffff397 9 10 35 d 3d d dc
FIXUPS: 46e70 21 8c 27 4a 2d 6b 5d 21 91 27 52 2d 80 66 37 3a 5a 3d c 34
FIXUPS: 5cbc5 c fffea89a fffff3b8 f 10 2a 9 26 11 15 f 10 33 1b 10 35 d
FIXUPS: 469bd d 99 1b 10 35 12 9 10 35 d 3d d a9 1b 10 35 fffff376 18 18
FIXUPS: 46041 18 15 18 18 25 6b 41 173 19f 67 25 25 25 25 25 25 25 25 25
FIXUPS: 4665a 25 1a 9f 6e 26 9 26 11 fffff5d4 11 b b 12 6a f f f c c c
FIXUPS: 45ee0 f 20 16c15 9 9 9 9 c c c c c c c c b fffe938e d 8c fffffb6a
FIXUPS: 45b53 1b b 21 15 22 29 f 26 7 23 7 1f f 18 22 f 17 20 7 15 7 1b
FIXUPS: 45d53 f 12 7 27 11 17 b fffff9eb 56 11 11 29 f 10 2c f 31 7 2c
FIXUPS: 45926 f f 7 1d 1a 1a 11 1f 11 24 39 17 2e 15 32 f 20 f 23 fffff9dd
FIXUPS: 45513 b 1a 2a 14 1a b 11 f 13 f 17 17500 9 9 b fffe8b2f 11 e e
FIXUPS: 4567b 11 11 11 11 31 1a 20 1d 20 29 fffffa88 15 7 43 53 7 15 7
FIXUPS: 4534b 18 c c f 20 1770a 9 9 9 9 b fffe8919 31 7 14 b 17 b 11 f
FIXUPS: 454cd 7 18 17d53 fffe7b71 11 e e 2d 28 1e 2b c 3a 7 2c 7 50 7 23
FIXUPS: 44f9d 21 28 25 1f 36 1d 36 1d 36 1c 48 f 20 78 4c56 1332d b fffecd20
FIXUPS: 49ede f 1a 132ad b fffecda0 1f f 1a 1322d b fffece20 1f f 1a 131ad
FIXUPS: 5d1ff fffecea0 1f f 1a 1312d b fffecf20 1f f 1a 130ad fffec8c3
FIXUPS: 49b12 4f 15 1a 13564 17 b fffecac9 12 16 5c 15 1a 13492 17 b fffecb99
FIXUPS: 49cfe f 1a 1342d b fffecc20 1f f 1a 133ad b fffecca0 1f f 13209
FIXUPS: 497cf 12 16 17 43 14 1a 137e5 17 b fffec849 12 16 52 14 1a 1371d
FIXUPS: 5d0ab b fffec909 12 16 1b 4f 15 1a 13644 17 b fffec9e9 12 fffff9a0
FIXUPS: 4949b 13b09 17 b fffec529 12 16 45 15 1a 13a49 17 b fffec5e9 12
FIXUPS: 4960f 43 14 1a 13984 17 b fffec6a9 12 16 15 43 14 1a 138b7 17 fffffebb
FIXUPS: 4911b 12 16 24 4c 14 1d 13d30 17 b fffec303 16 51 14 1a 13c76 17
FIXUPS: 5cf66 fffec3b9 12 16 43 14 1a 13bbc 17 b fffec469 12 16 45 fffff902
FIXUPS: 5ce54 17 b fffebf57 2e 2c 12 27 1a 18 54 14 1d 13f7b 9 b fffec0b6
FIXUPS: 48f72 48 14 1a 13ecc 17 b fffec160 16 42 15 1a 13e27 17 fffebac9
FIXUPS: 489d8 1a 143d2 17 b fffebc64 2e 2c 16 54 15 1a 142c5 9 b fffebd83
FIXUPS: 48bab 16 18 43 14 1a 141da 17 b fffebe63 12 27 1a 43 15 fffff89e
FIXUPS: 5cd04 17 b fffeb923 16 45 14 1a 14662 17 b fffeb9d4 2e 2c 16 58
FIXUPS: 48807 1a 14551 9 b fffebaf3 23 43 14 1a 14487 17 b fffebbb3 16
FIXUPS: 5cc5b b fffeb603 16 42 15 1a 14984 17 b fffeb6b3 16 48 15 1a 148ce
FIXUPS: 5ccbb b fffeb764 2e 2c 16 4c 15 1a 147cd 9 b fffeb873 16 45 14
FIXUPS: 47e47 f 24 48 f 19 17 10 58 16 48 15 1a 14bee 17 b fffeb443 16
FIXUPS: 480a7 15 1a 14b3e 17 b fffeb4f4 2e 2c 16 4c 15 1a 14a3d fffee513
FIXUPS: 4b1bd 1a 42 2a 36 2a 36 23 8 48 49 49 1a 1e 57 45 79 80 ffffc459
FIXUPS: 47a1e 64 28 6a 4b 25 7a 51 25 25 102 6a 2bb4 6a 57 54 4a 95 3d
FIXUPS: 4ac11 1f 24 19 87 16 2c 17 55 18 40 34 19 40 b 87 66 26 7d 1c 2e
FIXUPS: 4b0af 57 1d d 2508 f 21 26 fc57 a b ffff03e0 16 13 13 13 57 e 26
FIXUPS: 4d7d1 17 fb1f b ffff0518 d ffffcf2e 12 13c d 31 13 13 53 16 13
FIXUPS: 4a9a6 2774 9 12 1b 10 48 f 21 26 100c7 a b fffeff87 d 40 21 3f
FIXUPS: 4d335 37 d 38 2e 33 f7 36 30 2c f 9 12 1b 10 fffff223 b 14 b b
FIXUPS: 4c875 11 11 10 b7 28 f be 10 27 2f f 1b 25 a7 f2 97 1c b5 22 6b
FIXUPS: 4cebd 158 64 36 30 2c ffffef08 b 15f 2d 15 1f 2a 62 1e 12 1e 29
FIXUPS: 4c332 31 27 15 1f 25 10 15b 22 d 81 13 84 4a 24 28 32 1c 23 5f
FIXUPS: 4ba9a 16 13 13 13 38 10 30 10 30 b 10 104 2f 28 40 27 28 35 3a
FIXUPS: 4be46 17 11446 b fffeec02 1f 6f 12 58 39 1c b 1c2f f6ee c fffee2c5
FIXUPS: 4b601 b b b 4c 18 74 50 59 34 61 11a1f a b c fffee660 d 2c 13 13
FIXUPS: 4b971 10 30 10 30 19 37 d 3934 1c 5 13 4c 30 1c 5 13 ffffe3fe 8
FIXUPS: 4d877 25 13 32 10 30 10 7f 1f 68 18 18 31 1b 47 21 e 47 48 43 1d
FIXUPS: 4ee25 22 4f 3e 19 17 52 30 1c 5 1a 57 31 1c 5 4f 5f 31 1c 5 16
FIXUPS: 4f1db 31 1c 5 17 54 31 1c 5 17 51 fffff49e 13 37 13 32 1f 5e 8e
FIXUPS: 4e99d 33 19 81 53 1b 55 31 99 51 31 1c 5 15 22 22 22 22 22 22 22
FIXUPS: 4edbf 22 22 690 19 3f 4a f 1f 29 36 30 15 6b c 15 2d 17 48 10 38
FIXUPS: 4f780 ffffeb96 1bd 75 58 58 58 23 65 25 12 3b 13 69 144c 64 2f
FIXUPS: 4fcbe 1a 1a 6e 35 1a 1a 1a 97 49 20 109 8b ee 31 1b 5 16 49 31
FIXUPS: 50261 5 13 5f 31 1c 5 8e 8b 1f11 3ec a2 62 107 108 d7 fc ffffcbb2
FIXUPS: 4f809 1c 5 b0 6a 31 1c 5 3e 30 1c 5 37 31 1b 5 3d 16 82 14 2f 19
FIXUPS: 4fbf8 119f 1c 5 170 41 35 35 35 35 3e 26d a5 28 20 151 b9 b4 a6
FIXUPS: 5177a a9 186 243 14 be a8 ab 37 2f 94 167 c2 15e ffffe252 1c 5
FIXUPS: 505f3 58 12 3c 15 28 10 35 19 19 19 12 21 3c 6e 31 1c 5 1e 1c 32
FIXUPS: 50a75 12f 4f 55 31 1c 5 cd 2d58 1c 5 1b 69 20 1a 60 31 1c 5 1b
FIXUPS: 53cab 1b 1f 24 1d 1f 148 33 22 2a 1f 27 39 2c 25 23 23 16 15 ffffc466
FIXUPS: 533cf 16 19 28 2e 1f f2 1f 21 1f 44 27 14 1c 15 1c 1a 5e 31 1c
FIXUPS: 5375a 1b 50 2f 47 b1 33 a3 3e 1e 1a 56 63d 31 1b 5 1ea 75 31 1b
FIXUPS: 543cc 1cd ffffe7d6 31 1c 5 25 51 16f 1f 29 14 20 19 a0 5a 19 27
FIXUPS: 531ba 65 26 1a a9 16 223c 1c 5 146 31 1c 5 13 6a 30 1c 5 68 d16
FIXUPS: 565f7 71 30 1c 5 15 c2 88 31 1c 5 270 77 30 1c 5 19 fe ffffda44
FIXUPS: 5476d 17 23 27c 31 1c 5 15 134 62 31 1b 5 15 11b 5f 31 1b 5 118
FIXUPS: 54fe0 30 1c 5 239 5e 31 1c 5 1ad 63 1d04 3b 10 d 5f 19 7a 19 58
FIXUPS: 57455 19 7a 19 58 fffff7f9 22 d 3e d 43 13 13 46 1b 4e 51 50 ffffd695
FIXUPS: 5464b 1c 5 74 59e0 24 c4 12 10 ffffd435 16 1b 1a 45 d 43 13 13
FIXUPS: 5773f d 43 13 13 48 1c 50 5c 51 fffff80b d 33 8 d 3e 1a 46 249e
FIXUPS: 596d7 18 18 16 46 24 dc 17 18f 18 18 1e5 12 12 10 3d 4e 85 12 10
FIXUPS: 59de9 18 18 161 12 12 10 3a 13 2d 69 ffffede1 5d 1a 15 20 20 3f
FIXUPS: 58f8e 20 20 20 39 93 20 20 2d 34 11 18f 1a 22b 28 1e 1e 1e 1e 1e
FIXUPS: 5961c 1e 1e 1e 1e ffffed47 47 14 12 12 16 fe 2e d9 20 20 4b a4
FIXUPS: 58803 36 1e 25 1e 1e 1d 20 158 54 287 25 25 25 25 25 25 25 29 ffffeb05
FIXUPS: 57982 42 10 9d 13 1f 26 23 64 68 5d 4d 14 1f 28 26 5662 b c ffffa9f5
FIXUPS: 57d64 13 6a 13 13 196 1ec 3a 15 18 37 25c9 16 29 16 29 16 29 16
FIXUPS: 5a8ec 16 29 16 bc 4b 16 29 16 29 16 29 16 29 16 29 16 29 16 29
FIXUPS: 5ac17 29 16 17 104 1f 44 1a fffff4d4 10 33 d 117 1c 1c 1c 1c 1c
FIXUPS: 5a4d1 1c 1c 1a 17 17 17 17 17 17 17 17 158 16 29 16 29 16
